Archive member included to satisfy reference by file (symbol)

d:/program files/gnu tools arm embedded/6 2017-q1-update/bin/../lib/gcc/arm-none-eabi/6.3.1/../../../../arm-none-eabi/lib/thumb/v7e-m\libg_nano.a(lib_a-errno.o)
                              ./system/src/newlib/_sbrk.o (__errno)
d:/program files/gnu tools arm embedded/6 2017-q1-update/bin/../lib/gcc/arm-none-eabi/6.3.1/../../../../arm-none-eabi/lib/thumb/v7e-m\libg_nano.a(lib_a-impure.o)
                              d:/program files/gnu tools arm embedded/6 2017-q1-update/bin/../lib/gcc/arm-none-eabi/6.3.1/../../../../arm-none-eabi/lib/thumb/v7e-m\libg_nano.a(lib_a-errno.o) (_impure_ptr)
d:/program files/gnu tools arm embedded/6 2017-q1-update/bin/../lib/gcc/arm-none-eabi/6.3.1/../../../../arm-none-eabi/lib/thumb/v7e-m\libg_nano.a(lib_a-strlen.o)
                              ./system/src/diag/Trace.o (strlen)
d:/program files/gnu tools arm embedded/6 2017-q1-update/bin/../lib/gcc/arm-none-eabi/6.3.1/../../../../arm-none-eabi/lib/thumb/v7e-m\libg_nano.a(lib_a-vsnprintf.o)
                              ./system/src/diag/Trace.o (vsnprintf)
d:/program files/gnu tools arm embedded/6 2017-q1-update/bin/../lib/gcc/arm-none-eabi/6.3.1/../../../../arm-none-eabi/lib/thumb/v7e-m\libg_nano.a(lib_a-nano-svfprintf.o)
                              d:/program files/gnu tools arm embedded/6 2017-q1-update/bin/../lib/gcc/arm-none-eabi/6.3.1/../../../../arm-none-eabi/lib/thumb/v7e-m\libg_nano.a(lib_a-vsnprintf.o) (_svfprintf_r)
d:/program files/gnu tools arm embedded/6 2017-q1-update/bin/../lib/gcc/arm-none-eabi/6.3.1/../../../../arm-none-eabi/lib/thumb/v7e-m\libg_nano.a(lib_a-nano-vfprintf_i.o)
                              d:/program files/gnu tools arm embedded/6 2017-q1-update/bin/../lib/gcc/arm-none-eabi/6.3.1/../../../../arm-none-eabi/lib/thumb/v7e-m\libg_nano.a(lib_a-nano-svfprintf.o) (_printf_i)
d:/program files/gnu tools arm embedded/6 2017-q1-update/bin/../lib/gcc/arm-none-eabi/6.3.1/../../../../arm-none-eabi/lib/thumb/v7e-m\libg_nano.a(lib_a-memchr.o)
                              d:/program files/gnu tools arm embedded/6 2017-q1-update/bin/../lib/gcc/arm-none-eabi/6.3.1/../../../../arm-none-eabi/lib/thumb/v7e-m\libg_nano.a(lib_a-nano-svfprintf.o) (memchr)
d:/program files/gnu tools arm embedded/6 2017-q1-update/bin/../lib/gcc/arm-none-eabi/6.3.1/../../../../arm-none-eabi/lib/thumb/v7e-m\libg_nano.a(lib_a-memcpy-stub.o)
                              d:/program files/gnu tools arm embedded/6 2017-q1-update/bin/../lib/gcc/arm-none-eabi/6.3.1/../../../../arm-none-eabi/lib/thumb/v7e-m\libg_nano.a(lib_a-nano-svfprintf.o) (memcpy)
d:/program files/gnu tools arm embedded/6 2017-q1-update/bin/../lib/gcc/arm-none-eabi/6.3.1/../../../../arm-none-eabi/lib/thumb/v7e-m\libg_nano.a(lib_a-memmove.o)
                              d:/program files/gnu tools arm embedded/6 2017-q1-update/bin/../lib/gcc/arm-none-eabi/6.3.1/../../../../arm-none-eabi/lib/thumb/v7e-m\libg_nano.a(lib_a-nano-svfprintf.o) (memmove)
d:/program files/gnu tools arm embedded/6 2017-q1-update/bin/../lib/gcc/arm-none-eabi/6.3.1/../../../../arm-none-eabi/lib/thumb/v7e-m\libg_nano.a(lib_a-nano-freer.o)
                              d:/program files/gnu tools arm embedded/6 2017-q1-update/bin/../lib/gcc/arm-none-eabi/6.3.1/../../../../arm-none-eabi/lib/thumb/v7e-m\libg_nano.a(lib_a-nano-svfprintf.o) (_free_r)
d:/program files/gnu tools arm embedded/6 2017-q1-update/bin/../lib/gcc/arm-none-eabi/6.3.1/../../../../arm-none-eabi/lib/thumb/v7e-m\libg_nano.a(lib_a-nano-mallocr.o)
                              d:/program files/gnu tools arm embedded/6 2017-q1-update/bin/../lib/gcc/arm-none-eabi/6.3.1/../../../../arm-none-eabi/lib/thumb/v7e-m\libg_nano.a(lib_a-nano-svfprintf.o) (_malloc_r)
d:/program files/gnu tools arm embedded/6 2017-q1-update/bin/../lib/gcc/arm-none-eabi/6.3.1/../../../../arm-none-eabi/lib/thumb/v7e-m\libg_nano.a(lib_a-nano-reallocr.o)
                              d:/program files/gnu tools arm embedded/6 2017-q1-update/bin/../lib/gcc/arm-none-eabi/6.3.1/../../../../arm-none-eabi/lib/thumb/v7e-m\libg_nano.a(lib_a-nano-svfprintf.o) (_realloc_r)
d:/program files/gnu tools arm embedded/6 2017-q1-update/bin/../lib/gcc/arm-none-eabi/6.3.1/../../../../arm-none-eabi/lib/thumb/v7e-m\libg_nano.a(lib_a-sbrkr.o)
                              d:/program files/gnu tools arm embedded/6 2017-q1-update/bin/../lib/gcc/arm-none-eabi/6.3.1/../../../../arm-none-eabi/lib/thumb/v7e-m\libg_nano.a(lib_a-nano-mallocr.o) (_sbrk_r)
d:/program files/gnu tools arm embedded/6 2017-q1-update/bin/../lib/gcc/arm-none-eabi/6.3.1/../../../../arm-none-eabi/lib/thumb/v7e-m\libg_nano.a(lib_a-mlock.o)
                              d:/program files/gnu tools arm embedded/6 2017-q1-update/bin/../lib/gcc/arm-none-eabi/6.3.1/../../../../arm-none-eabi/lib/thumb/v7e-m\libg_nano.a(lib_a-nano-freer.o) (__malloc_lock)
[...]
Memory Configuration

Name             Origin             Length             Attributes
RAM              0x20000000         0x00080000         xrw
CCMRAM           0x10000000         0x00000000         xrw
FLASH            0x08000000         0x00100000         xr
FLASHB1          0x00000000         0x00000000         xr
EXTMEMB0         0x00000000         0x00000000         xr
EXTMEMB1         0x00000000         0x00000000         xr
EXTMEMB2         0x00000000         0x00000000         xr
EXTMEMB3         0x00000000         0x00000000         xr
*default*        0x00000000         0xffffffff

Linker script and memory map

LOAD ./system/src/stm32f7-hal/stm32f7xx_hal.o
LOAD ./system/src/stm32f7-hal/stm32f7xx_hal_cortex.o
LOAD ./system/src/stm32f7-hal/stm32f7xx_hal_crc_ex.o
LOAD ./system/src/stm32f7-hal/stm32f7xx_hal_dfsdm.o
LOAD ./system/src/stm32f7-hal/stm32f7xx_hal_flash.o
LOAD ./system/src/stm32f7-hal/stm32f7xx_hal_gpio.o
LOAD ./system/src/stm32f7-hal/stm32f7xx_hal_iwdg.o
LOAD ./system/src/stm32f7-hal/stm32f7xx_hal_jpeg.o
LOAD ./system/src/stm32f7-hal/stm32f7xx_hal_mdios.o
LOAD ./system/src/stm32f7-hal/stm32f7xx_hal_pwr.o
LOAD ./system/src/stm32f7-hal/stm32f7xx_hal_pwr_ex.o
LOAD ./system/src/stm32f7-hal/stm32f7xx_hal_rcc.o
LOAD ./system/src/stm32f7-hal/stm32f7xx_hal_rcc_ex.o
LOAD ./system/src/stm32f7-hal/stm32f7xx_hal_smartcard_ex.o
LOAD ./system/src/newlib/_cxx.o
LOAD ./system/src/newlib/_exit.o
LOAD ./system/src/newlib/_sbrk.o
LOAD ./system/src/newlib/_startup.o
LOAD ./system/src/newlib/_syscalls.o
LOAD ./system/src/newlib/assert.o
LOAD ./system/src/diag/Trace.o
LOAD ./system/src/diag/trace_impl.o
LOAD ./system/src/cortexm/_initialize_hardware.o
LOAD ./system/src/cortexm/_reset_hardware.o
LOAD ./system/src/cortexm/exception_handlers.o
LOAD ./system/src/cmsis/system_stm32f7xx.o
LOAD ./system/src/cmsis/vectors_stm32f767xx.o
LOAD ./src/_initialize_hardware.o
LOAD ./src/_write.o
LOAD ./src/main.o
LOAD ./src/stm32f7xx_hal_msp.o
LOAD d:/program files/gnu tools arm embedded/6 2017-q1-update/bin/../lib/gcc/arm-none-eabi/6.3.1/../../../../arm-none-eabi/lib/thumb/v7e-m\libstdc++_nano.a
LOAD d:/program files/gnu tools arm embedded/6 2017-q1-update/bin/../lib/gcc/arm-none-eabi/6.3.1/../../../../arm-none-eabi/lib/thumb/v7e-m\libm.a
START GROUP
LOAD d:/program files/gnu tools arm embedded/6 2017-q1-update/bin/../lib/gcc/arm-none-eabi/6.3.1/thumb/v7e-m\libgcc.a
LOAD d:/program files/gnu tools arm embedded/6 2017-q1-update/bin/../lib/gcc/arm-none-eabi/6.3.1/../../../../arm-none-eabi/lib/thumb/v7e-m\libg_nano.a
LOAD d:/program files/gnu tools arm embedded/6 2017-q1-update/bin/../lib/gcc/arm-none-eabi/6.3.1/../../../../arm-none-eabi/lib/thumb/v7e-m\libc_nano.a
END GROUP
START GROUP
LOAD d:/program files/gnu tools arm embedded/6 2017-q1-update/bin/../lib/gcc/arm-none-eabi/6.3.1/thumb/v7e-m\libgcc.a
LOAD d:/program files/gnu tools arm embedded/6 2017-q1-update/bin/../lib/gcc/arm-none-eabi/6.3.1/../../../../arm-none-eabi/lib/thumb/v7e-m\libc_nano.a
END GROUP
                0x20080000                __stack = (ORIGIN (RAM) + LENGTH (RAM))
                0x20080000                _estack = __stack
                0x00000400                __Main_Stack_Size = 0x400
                [!provide]                PROVIDE (_Main_Stack_Size, __Main_Stack_Size)
                0x2007fc00                __Main_Stack_Limit = (__stack - __Main_Stack_Size)
                [!provide]                PROVIDE (_Main_Stack_Limit, __Main_Stack_Limit)
                0x00000100                _Minimum_Stack_Size = 0x100
                0x20000118                PROVIDE (_Heap_Begin, _end_noinit)
                0x2007fc00                PROVIDE (_Heap_Limit, (__stack - __Main_Stack_Size))

.isr_vector     0x08000000      0x460
 FILL mask 0xff
                0x08000000                __vectors_start = ABSOLUTE (.)
                0x08000000                __vectors_start__ = ABSOLUTE (.)
 *(.isr_vector)
 .isr_vector    0x08000000      0x1f8 ./system/src/cmsis/vectors_stm32f767xx.o
                0x08000000                __isr_vectors
 *(.cfmconfig)
 *(.after_vectors .after_vectors.*)
 .after_vectors
                0x080001f8      0x130 ./system/src/newlib/_startup.o
                0x080001f8                _start
 .after_vectors
                0x08000328      0x12c ./system/src/cortexm/exception_handlers.o
                0x08000328                Reset_Handler
                0x0800032e                NMI_Handler
                0x08000332                HardFault_Handler
                0x08000346                HardFault_Handler_C
                0x080003a4                MemManage_Handler
                0x080003a8                BusFault_Handler
                0x080003bc                BusFault_Handler_C
                0x080003f0                UsageFault_Handler
                0x08000404                UsageFault_Handler_C
                0x08000438                SVC_Handler
                0x0800043c                DebugMon_Handler
                0x08000440                PendSV_Handler
 .after_vectors
                0x08000454        0x4 ./system/src/cmsis/vectors_stm32f767xx.o
                0x08000454                RTC_Alarm_IRQHandler
                0x08000454                EXTI2_IRQHandler
                0x08000454                TIM8_CC_IRQHandler
                0x08000454                UART8_IRQHandler
                0x08000454                SPI4_IRQHandler
                0x08000454                TIM1_CC_IRQHandler
                0x08000454                DMA2_Stream5_IRQHandler
                0x08000454                JPEG_IRQHandler
                0x08000454                DMA1_Stream5_IRQHandler
                0x08000454                CAN3_RX1_IRQHandler
                0x08000454                PVD_IRQHandler
                0x08000454                TAMP_STAMP_IRQHandler
                0x08000454                CAN2_RX1_IRQHandler
                0x08000454                EXTI3_IRQHandler
                0x08000454                TIM8_TRG_COM_TIM14_IRQHandler
                0x08000454                DFSDM1_FLT1_IRQHandler
                0x08000454                TIM1_UP_TIM10_IRQHandler
                0x08000454                TIM8_UP_TIM13_IRQHandler
                0x08000454                I2C3_ER_IRQHandler
                0x08000454                DFSDM1_FLT2_IRQHandler
                0x08000454                EXTI0_IRQHandler
                0x08000454                I2C2_EV_IRQHandler
                0x08000454                DMA1_Stream2_IRQHandler
                0x08000454                CAN1_RX0_IRQHandler
                0x08000454                FPU_IRQHandler
                0x08000454                OTG_HS_WKUP_IRQHandler
                0x08000454                CAN3_SCE_IRQHandler
                0x08000454                LTDC_ER_IRQHandler
                0x08000454                CAN2_SCE_IRQHandler
                0x08000454                DMA2_Stream2_IRQHandler
                0x08000454                SPI1_IRQHandler
                0x08000454                TIM6_DAC_IRQHandler
                0x08000454                TIM1_BRK_TIM9_IRQHandler
                0x08000454                DCMI_IRQHandler
                0x08000454                CAN2_RX0_IRQHandler
                0x08000454                DMA2_Stream3_IRQHandler
                0x08000454                SAI2_IRQHandler
                0x08000454                DFSDM1_FLT3_IRQHandler
                0x08000454                USART6_IRQHandler
                0x08000454                CAN3_RX0_IRQHandler
                0x08000454                USART3_IRQHandler
                0x08000454                CAN1_RX1_IRQHandler
                0x08000454                UART5_IRQHandler
                0x08000454                DMA2_Stream0_IRQHandler
                0x08000454                TIM4_IRQHandler
                0x08000454                QUADSPI_IRQHandler
                0x08000454                I2C1_EV_IRQHandler
                0x08000454                DMA1_Stream6_IRQHandler
                0x08000454                DMA1_Stream1_IRQHandler
                0x08000454                UART4_IRQHandler
                0x08000454                TIM3_IRQHandler
                0x08000454                RCC_IRQHandler
                0x08000454                TIM8_BRK_TIM12_IRQHandler
                0x08000454                Default_Handler
                0x08000454                CEC_IRQHandler
                0x08000454                EXTI15_10_IRQHandler
                0x08000454                ADC_IRQHandler
                0x08000454                DMA1_Stream7_IRQHandler
                0x08000454                SPI5_IRQHandler
                0x08000454                TIM7_IRQHandler
                0x08000454                SDMMC1_IRQHandler
                0x08000454                CAN2_TX_IRQHandler
                0x08000454                TIM5_IRQHandler
                0x08000454                DMA2_Stream7_IRQHandler
                0x08000454                I2C3_EV_IRQHandler
                0x08000454                EXTI9_5_IRQHandler
                0x08000454                RTC_WKUP_IRQHandler
                0x08000454                LTDC_IRQHandler
                0x08000454                ETH_WKUP_IRQHandler
                0x08000454                SPDIF_RX_IRQHandler
                0x08000454                SPI2_IRQHandler
                0x08000454                OTG_HS_EP1_IN_IRQHandler
                0x08000454                DMA1_Stream0_IRQHandler
                0x08000454                CAN1_TX_IRQHandler
                0x08000454                EXTI4_IRQHandler
                0x08000454                RNG_IRQHandler
                0x08000454                ETH_IRQHandler
                0x08000454                OTG_HS_EP1_OUT_IRQHandler
                0x08000454                WWDG_IRQHandler
                0x08000454                SPI6_IRQHandler
                0x08000454                I2C4_EV_IRQHandler
                0x08000454                MDIOS_IRQHandler
                0x08000454                CAN3_TX_IRQHandler
                0x08000454                TIM2_IRQHandler
                0x08000454                OTG_FS_WKUP_IRQHandler
                0x08000454                TIM1_TRG_COM_TIM11_IRQHandler
                0x08000454                OTG_HS_IRQHandler
                0x08000454                DMA2D_IRQHandler
                0x08000454                EXTI1_IRQHandler
                0x08000454                SDMMC2_IRQHandler
                0x08000454                UART7_IRQHandler
                0x08000454                USART2_IRQHandler
                0x08000454                DFSDM1_FLT0_IRQHandler
                0x08000454                I2C2_ER_IRQHandler
                0x08000454                DMA2_Stream1_IRQHandler
                0x08000454                CAN1_SCE_IRQHandler
                0x08000454                FLASH_IRQHandler
                0x08000454                DMA2_Stream4_IRQHandler
                0x08000454                USART1_IRQHandler
                0x08000454                OTG_FS_IRQHandler
                0x08000454                SPI3_IRQHandler
                0x08000454                DMA1_Stream4_IRQHandler
                0x08000454                I2C1_ER_IRQHandler
                0x08000454                FMC_IRQHandler
                0x08000454                LPTIM1_IRQHandler
                0x08000454                I2C4_ER_IRQHandler
                0x08000454                DMA2_Stream6_IRQHandler
                0x08000454                SAI1_IRQHandler
                0x08000454                DMA1_Stream3_IRQHandler
 .after_vectors
                0x08000458        0x8 ./src/_initialize_hardware.o
                0x08000458                SysTick_Handler

.inits          0x08000460       0x28
                0x08000460                __data_regions_array_start = .
                0x08000460        0x4 LONG 0x8002248 LOADADDR (.data)
                0x08000464        0x4 LONG 0x20000000 ADDR (.data)
                0x08000468        0x4 LONG 0x20000078 (ADDR (.data) + SIZEOF (.data))
                0x0800046c        0x4 LONG 0x8002248 LOADADDR (.data_CCMRAM)
                0x08000470        0x4 LONG 0x10000000 ADDR (.data_CCMRAM)
                0x08000474        0x4 LONG 0x10000000 (ADDR (.data_CCMRAM) + SIZEOF (.data_CCMRAM))
                0x08000478                __data_regions_array_end = .
                0x08000478                __bss_regions_array_start = .
                0x08000478        0x4 LONG 0x20000078 ADDR (.bss)
                0x0800047c        0x4 LONG 0x20000118 (ADDR (.bss) + SIZEOF (.bss))
                0x08000480        0x4 LONG 0x10000000 ADDR (.bss_CCMRAM)
                0x08000484        0x4 LONG 0x10000000 (ADDR (.bss_CCMRAM) + SIZEOF (.bss_CCMRAM))
                0x08000488                __bss_regions_array_end = .
 *(.init)
 *(.fini)
                0x08000488                . = ALIGN (0x4)
                0x08000488                PROVIDE (__preinit_array_start, .)
 *(.preinit_array_sysinit .preinit_array_sysinit.*)
 *(.preinit_array_platform .preinit_array_platform.*)
 *(.preinit_array .preinit_array.*)
                0x08000488                PROVIDE (__preinit_array_end, .)
                0x08000488                . = ALIGN (0x4)
                0x08000488                PROVIDE (__init_array_start, .)
 *(SORT(.init_array.*))
 *(.init_array)
                0x08000488                PROVIDE (__init_array_end, .)
                0x08000488                . = ALIGN (0x4)
                0x08000488                PROVIDE (__fini_array_start, .)
 *(SORT(.fini_array.*))
 *(.fini_array)
                0x08000488                PROVIDE (__fini_array_end, .)

.flashtext
 *(.flashtext .flashtext.*)

.text           0x08000490     0x1db7
 *(.text .text.*)
 .text.HAL_InitTick
                0x08000490       0x2c ./system/src/stm32f7-hal/stm32f7xx_hal.o
                0x08000490                HAL_InitTick
 .text.HAL_Init
                0x080004bc       0x24 ./system/src/stm32f7-hal/stm32f7xx_hal.o
                0x080004bc                HAL_Init
 .text.HAL_IncTick
                0x080004e0       0x10 ./system/src/stm32f7-hal/stm32f7xx_hal.o
                0x080004e0                HAL_IncTick
 .text.HAL_GetTick
                0x080004f0        0xc ./system/src/stm32f7-hal/stm32f7xx_hal.o
                0x080004f0                HAL_GetTick
 .text.HAL_Delay
                0x080004fc       0x1c ./system/src/stm32f7-hal/stm32f7xx_hal.o
                0x080004fc                HAL_Delay
 .text.HAL_NVIC_SetPriorityGrouping
                0x08000518       0x3c ./system/src/stm32f7-hal/stm32f7xx_hal_cortex.o
                0x08000518                HAL_NVIC_SetPriorityGrouping
 .text.HAL_NVIC_SetPriority
                0x08000554       0x84 ./system/src/stm32f7-hal/stm32f7xx_hal_cortex.o
                0x08000554                HAL_NVIC_SetPriority
 .text.HAL_SYSTICK_Config
                0x080005d8       0x2c ./system/src/stm32f7-hal/stm32f7xx_hal_cortex.o
                0x080005d8                HAL_SYSTICK_Config
 .text.HAL_SYSTICK_CLKSourceConfig
                0x08000604       0x3c ./system/src/stm32f7-hal/stm32f7xx_hal_cortex.o
                0x08000604                HAL_SYSTICK_CLKSourceConfig
 .text.HAL_GPIO_Init
                0x08000640      0x304 ./system/src/stm32f7-hal/stm32f7xx_hal_gpio.o
                0x08000640                HAL_GPIO_Init
 .text.HAL_GPIO_WritePin
                0x08000944       0x34 ./system/src/stm32f7-hal/stm32f7xx_hal_gpio.o
                0x08000944                HAL_GPIO_WritePin
 .text.HAL_PWREx_EnableOverDrive
                0x08000978       0x7c ./system/src/stm32f7-hal/stm32f7xx_hal_pwr_ex.o
                0x08000978                HAL_PWREx_EnableOverDrive
 .text.HAL_RCC_OscConfig
                0x080009f4      0x4e8 ./system/src/stm32f7-hal/stm32f7xx_hal_rcc.o
                0x080009f4                HAL_RCC_OscConfig
 .text.HAL_RCC_GetSysClockFreq
                0x08000edc       0x94 ./system/src/stm32f7-hal/stm32f7xx_hal_rcc.o
                0x08000edc                HAL_RCC_GetSysClockFreq
 .text.HAL_RCC_ClockConfig
                0x08000f70      0x240 ./system/src/stm32f7-hal/stm32f7xx_hal_rcc.o
                0x08000f70                HAL_RCC_ClockConfig
 .text.HAL_RCC_GetHCLKFreq
                0x080011b0        0xc ./system/src/stm32f7-hal/stm32f7xx_hal_rcc.o
                0x080011b0                HAL_RCC_GetHCLKFreq
 .text._exit    0x080011bc        0x2 ./system/src/newlib/_exit.o
                0x080011bc                _exit
 *fill*         0x080011be        0x2 
 .text.abort    0x080011c0       0x14 ./system/src/newlib/_exit.o
                0x080011c0                abort
 .text._sbrk    0x080011d4       0x44 ./system/src/newlib/_sbrk.o
                0x080011d4                _sbrk
 .text.__initialize_args
                0x08001218       0x10 ./system/src/newlib/_syscalls.o
                0x08001218                __initialize_args
 .text.assert_failed
                0x08001228       0x14 ./system/src/newlib/assert.o
                0x08001228                assert_failed
 .text.trace_printf
                0x0800123c       0x30 ./system/src/diag/Trace.o
                0x0800123c                trace_printf
 .text.trace_puts
                0x0800126c       0x20 ./system/src/diag/Trace.o
                0x0800126c                trace_puts
 .text._trace_write_semihosting_debug
                0x0800128c       0x60 ./system/src/diag/trace_impl.o
 .text.trace_write
                0x080012ec        0x8 ./system/src/diag/trace_impl.o
                0x080012ec                trace_write
 .text.__initialize_hardware_early
                0x080012f4       0x18 ./system/src/cortexm/_initialize_hardware.o
                0x080012f4                __initialize_hardware_early
 .text.dumpExceptionStack
                0x0800130c       0xf4 ./system/src/cortexm/exception_handlers.o
                0x0800130c                dumpExceptionStack
 .text.isSemihosting
                0x08001400       0x20 ./system/src/cortexm/exception_handlers.o
                0x08001400                isSemihosting
 .text.SystemInit
                0x08001420       0x40 ./system/src/cmsis/system_stm32f7xx.o
                0x08001420                SystemInit
 .text.SystemCoreClockUpdate
                0x08001460       0xa0 ./system/src/cmsis/system_stm32f7xx.o
                0x08001460                SystemCoreClockUpdate
 .text.SystemClock_Config
                0x08001500       0xa0 ./src/_initialize_hardware.o
                0x08001500                SystemClock_Config
 .text.__initialize_hardware
                0x080015a0       0x80 ./src/_initialize_hardware.o
                0x080015a0                __initialize_hardware
 .text.LED_init
                0x08001620       0x3c ./src/main.o
                0x08001620                LED_init
 .text.LED_on   0x0800165c       0x20 ./src/main.o
                0x0800165c                LED_on
 .text.LED_off  0x0800167c       0x20 ./src/main.o
                0x0800167c                LED_off
 .text.main     0x0800169c       0x20 ./src/main.o
                0x0800169c                main
 .text.HAL_MspInit
                0x080016bc        0x2 ./src/stm32f7xx_hal_msp.o
                0x080016bc                HAL_MspInit
 *fill*         0x080016be        0x2 
 .text.__errno  0x080016c0        0xc d:/program files/gnu tools arm embedded/6 2017-q1-update/bin/../lib/gcc/arm-none-eabi/6.3.1/../../../../arm-none-eabi/lib/thumb/v7e-m\libg_nano.a(lib_a-errno.o)
                0x080016c0                __errno
 .text          0x080016cc       0x10 d:/program files/gnu tools arm embedded/6 2017-q1-update/bin/../lib/gcc/arm-none-eabi/6.3.1/../../../../arm-none-eabi/lib/thumb/v7e-m\libg_nano.a(lib_a-strlen.o)
                0x080016cc                strlen
 .text._vsnprintf_r
                0x080016dc       0x58 d:/program files/gnu tools arm embedded/6 2017-q1-update/bin/../lib/gcc/arm-none-eabi/6.3.1/../../../../arm-none-eabi/lib/thumb/v7e-m\libg_nano.a(lib_a-vsnprintf.o)
                0x080016dc                _vsniprintf_r
                0x080016dc                _vsnprintf_r
 .text.vsnprintf
                0x08001734       0x1c d:/program files/gnu tools arm embedded/6 2017-q1-update/bin/../lib/gcc/arm-none-eabi/6.3.1/../../../../arm-none-eabi/lib/thumb/v7e-m\libg_nano.a(lib_a-vsnprintf.o)
                0x08001734                vsniprintf
                0x08001734                vsnprintf
 .text.__ssputs_r
                0x08001750       0xb6 d:/program files/gnu tools arm embedded/6 2017-q1-update/bin/../lib/gcc/arm-none-eabi/6.3.1/../../../../arm-none-eabi/lib/thumb/v7e-m\libg_nano.a(lib_a-nano-svfprintf.o)
                0x08001750                __ssputs_r
 *fill*         0x08001806        0x2 
 .text._svfprintf_r
                0x08001808      0x1e8 d:/program files/gnu tools arm embedded/6 2017-q1-update/bin/../lib/gcc/arm-none-eabi/6.3.1/../../../../arm-none-eabi/lib/thumb/v7e-m\libg_nano.a(lib_a-nano-svfprintf.o)
                0x08001808                _svfiprintf_r
                0x08001808                _svfprintf_r
 .text._printf_common
                0x080019f0       0xec d:/program files/gnu tools arm embedded/6 2017-q1-update/bin/../lib/gcc/arm-none-eabi/6.3.1/../../../../arm-none-eabi/lib/thumb/v7e-m\libg_nano.a(lib_a-nano-vfprintf_i.o)
                0x080019f0                _printf_common
 .text._printf_i
                0x08001adc      0x240 d:/program files/gnu tools arm embedded/6 2017-q1-update/bin/../lib/gcc/arm-none-eabi/6.3.1/../../../../arm-none-eabi/lib/thumb/v7e-m\libg_nano.a(lib_a-nano-vfprintf_i.o)
                0x08001adc                _printf_i
 *fill*         0x08001d1c        0x4 
 .text          0x08001d20       0xa0 d:/program files/gnu tools arm embedded/6 2017-q1-update/bin/../lib/gcc/arm-none-eabi/6.3.1/../../../../arm-none-eabi/lib/thumb/v7e-m\libg_nano.a(lib_a-memchr.o)
                0x08001d20                memchr
 .text.memcpy   0x08001dc0       0x16 d:/program files/gnu tools arm embedded/6 2017-q1-update/bin/../lib/gcc/arm-none-eabi/6.3.1/../../../../arm-none-eabi/lib/thumb/v7e-m\libg_nano.a(lib_a-memcpy-stub.o)
                0x08001dc0                memcpy
 .text.memmove  0x08001dd6       0x34 d:/program files/gnu tools arm embedded/6 2017-q1-update/bin/../lib/gcc/arm-none-eabi/6.3.1/../../../../arm-none-eabi/lib/thumb/v7e-m\libg_nano.a(lib_a-memmove.o)
                0x08001dd6                memmove
 *fill*         0x08001e0a        0x2 
 .text._free_r  0x08001e0c       0x9c d:/program files/gnu tools arm embedded/6 2017-q1-update/bin/../lib/gcc/arm-none-eabi/6.3.1/../../../../arm-none-eabi/lib/thumb/v7e-m\libg_nano.a(lib_a-nano-freer.o)
                0x08001e0c                _free_r
 .text._malloc_r
                0x08001ea8       0xbc d:/program files/gnu tools arm embedded/6 2017-q1-update/bin/../lib/gcc/arm-none-eabi/6.3.1/../../../../arm-none-eabi/lib/thumb/v7e-m\libg_nano.a(lib_a-nano-mallocr.o)
                0x08001ea8                _malloc_r
 .text._realloc_r
                0x08001f64       0x4c d:/program files/gnu tools arm embedded/6 2017-q1-update/bin/../lib/gcc/arm-none-eabi/6.3.1/../../../../arm-none-eabi/lib/thumb/v7e-m\libg_nano.a(lib_a-nano-reallocr.o)
                0x08001f64                _realloc_r
 .text._sbrk_r  0x08001fb0       0x20 d:/program files/gnu tools arm embedded/6 2017-q1-update/bin/../lib/gcc/arm-none-eabi/6.3.1/../../../../arm-none-eabi/lib/thumb/v7e-m\libg_nano.a(lib_a-sbrkr.o)
                0x08001fb0                _sbrk_r
 .text.__malloc_lock
                0x08001fd0        0x2 d:/program files/gnu tools arm embedded/6 2017-q1-update/bin/../lib/gcc/arm-none-eabi/6.3.1/../../../../arm-none-eabi/lib/thumb/v7e-m\libg_nano.a(lib_a-mlock.o)
                0x08001fd0                __malloc_lock
 .text.__malloc_unlock
                0x08001fd2        0x2 d:/program files/gnu tools arm embedded/6 2017-q1-update/bin/../lib/gcc/arm-none-eabi/6.3.1/../../../../arm-none-eabi/lib/thumb/v7e-m\libg_nano.a(lib_a-mlock.o)
                0x08001fd2                __malloc_unlock
 .text._malloc_usable_size_r
                0x08001fd4       0x12 d:/program files/gnu tools arm embedded/6 2017-q1-update/bin/../lib/gcc/arm-none-eabi/6.3.1/../../../../arm-none-eabi/lib/thumb/v7e-m\libg_nano.a(lib_a-nano-msizer.o)
                0x08001fd4                _malloc_usable_size_r
 *(.rodata .rodata.* .constdata .constdata.*)
 *fill*         0x08001fe6        0x2 
 .rodata.HAL_NVIC_SetPriorityGrouping.str1.4
                0x08001fe8       0x31 ./system/src/stm32f7-hal/stm32f7xx_hal_cortex.o
 *fill*         0x08002019        0x3 
 .rodata.HAL_GPIO_Init.str1.4
                0x0800201c       0x2f ./system/src/stm32f7-hal/stm32f7xx_hal_gpio.o
 *fill*         0x0800204b        0x1 
 .rodata.HAL_RCC_OscConfig.str1.4
                0x0800204c       0x2e ./system/src/stm32f7-hal/stm32f7xx_hal_rcc.o
 *fill*         0x0800207a        0x2 
 .rodata.abort.str1.4
                0x0800207c       0x14 ./system/src/newlib/_exit.o
 .rodata.assert_failed.str1.4
                0x08002090       0x2b ./system/src/newlib/assert.o
 .rodata.trace_puts.str1.4
                0x080020bb       0x2b ./system/src/diag/Trace.o
                                  0x2 (size before relaxing)
 *fill*         0x080020bb        0x1 
 .rodata.dumpExceptionStack.str1.4
                0x080020bc      0x11a ./system/src/cortexm/exception_handlers.o
 *fill*         0x080021d6        0x2 
 .rodata.str1.4
                0x080021d8       0x2c ./system/src/cortexm/exception_handlers.o
                                 0x2a (size before relaxing)
 .rodata.AHBPrescTable
                0x08002204       0x10 ./system/src/cmsis/system_stm32f7xx.o
                0x08002204                AHBPrescTable
 .rodata._svfprintf_r.str1.1
                0x08002214       0x11 d:/program files/gnu tools arm embedded/6 2017-q1-update/bin/../lib/gcc/arm-none-eabi/6.3.1/../../../../arm-none-eabi/lib/thumb/v7e-m\libg_nano.a(lib_a-nano-svfprintf.o)
 .rodata._printf_i.str1.1
                0x08002225       0x22 d:/program files/gnu tools arm embedded/6 2017-q1-update/bin/../lib/gcc/arm-none-eabi/6.3.1/../../../../arm-none-eabi/lib/thumb/v7e-m\libg_nano.a(lib_a-nano-vfprintf_i.o)
 *(vtable)
 *(.eh_frame*)
 *(.glue_7)
 .glue_7        0x08002247        0x0 linker stubs
 *(.glue_7t)
 .glue_7t       0x08002247        0x0 linker stubs

.vfp11_veneer   0x08002248        0x0
 .vfp11_veneer  0x08002248        0x0 linker stubs

.v4_bx          0x08002248        0x0
 .v4_bx         0x08002248        0x0 linker stubs

.iplt           0x08002248        0x0
 .iplt          0x08002248        0x0 ./system/src/stm32f7-hal/stm32f7xx_hal.o

.rel.dyn        0x08002248        0x0
 .rel.iplt      0x08002248        0x0 ./system/src/stm32f7-hal/stm32f7xx_hal.o

.ARM.extab
 *(.ARM.extab* .gnu.linkonce.armextab.*)
                0x08002248                . = ALIGN (0x4)
                0x08002248                __exidx_start = .

.ARM.exidx
 *(.ARM.exidx* .gnu.linkonce.armexidx.*)
                0x08002248                __exidx_end = .
                0x08002248                . = ALIGN (0x4)
                0x08002248                _etext = .
                0x08002248                __etext = .

.data_CCMRAM    0x10000000        0x0 load address 0x08002248
 FILL mask 0xff
 *(.data.CCMRAM .data.CCMRAM.*)
                0x10000000                . = ALIGN (0x4)
                0x08002248                _sidata = LOADADDR (.data)

.data           0x20000000       0x78 load address 0x08002248
 FILL mask 0xff
                0x20000000                _sdata = .
                0x20000000                __data_start__ = .
 *(.data_begin .data_begin.*)
 .data_begin    0x20000000        0x4 ./system/src/newlib/_startup.o
 *(.data .data.*)
 .data.argv.4263
                0x20000004        0x8 ./system/src/newlib/_syscalls.o
 .data.SystemCoreClock
                0x2000000c        0x4 ./system/src/cmsis/system_stm32f7xx.o
                0x2000000c                SystemCoreClock
 .data._impure_ptr
                0x20000010        0x4 d:/program files/gnu tools arm embedded/6 2017-q1-update/bin/../lib/gcc/arm-none-eabi/6.3.1/../../../../arm-none-eabi/lib/thumb/v7e-m\libg_nano.a(lib_a-impure.o)
                0x20000010                _impure_ptr
 .data.impure_data
                0x20000014       0x60 d:/program files/gnu tools arm embedded/6 2017-q1-update/bin/../lib/gcc/arm-none-eabi/6.3.1/../../../../arm-none-eabi/lib/thumb/v7e-m\libg_nano.a(lib_a-impure.o)
 *(.data_end .data_end.*)
 .data_end      0x20000074        0x4 ./system/src/newlib/_startup.o
                0x20000078                . = ALIGN (0x4)
                0x20000078                _edata = .
                0x20000078                __data_end__ = .

.igot.plt       0x20000078        0x0 load address 0x080022c0
 .igot.plt      0x20000078        0x0 ./system/src/stm32f7-hal/stm32f7xx_hal.o

.bss_CCMRAM     0x10000000        0x0
 *(.bss.CCMRAM .bss.CCMRAM.*)

.bss            0x20000078       0xa0
                0x20000078                __bss_start__ = .
                0x20000078                _sbss = .
 *(.bss_begin .bss_begin.*)
 .bss_begin     0x20000078        0x4 ./system/src/newlib/_startup.o
 *(.bss .bss.*)
 .bss.current_heap_end.3947
                0x2000007c        0x4 ./system/src/newlib/_sbrk.o
 .bss.name.4262
                0x20000080        0x1 ./system/src/newlib/_syscalls.o
 *fill*         0x20000081        0x3 
 .bss.buf.5152  0x20000084       0x80 ./system/src/diag/Trace.o
 .bss.__malloc_free_list
                0x20000104        0x4 d:/program files/gnu tools arm embedded/6 2017-q1-update/bin/../lib/gcc/arm-none-eabi/6.3.1/../../../../arm-none-eabi/lib/thumb/v7e-m\libg_nano.a(lib_a-nano-mallocr.o)
                0x20000104                __malloc_free_list
 .bss.__malloc_sbrk_start
                0x20000108        0x4 d:/program files/gnu tools arm embedded/6 2017-q1-update/bin/../lib/gcc/arm-none-eabi/6.3.1/../../../../arm-none-eabi/lib/thumb/v7e-m\libg_nano.a(lib_a-nano-mallocr.o)
                0x20000108                __malloc_sbrk_start
 *(COMMON)
 COMMON         0x2000010c        0x4 ./system/src/stm32f7-hal/stm32f7xx_hal.o
                0x2000010c                uwTick
 COMMON         0x20000110        0x4 ./system/src/newlib/_syscalls.o
                0x20000110                errno
 *(.bss_end .bss_end.*)
 .bss_end       0x20000114        0x4 ./system/src/newlib/_startup.o
                0x20000118                . = ALIGN (0x4)
                0x20000118                __bss_end__ = .
                0x20000118                _ebss = .

.noinit_CCMRAM
 *(.noinit.CCMRAM .noinit.CCMRAM.*)

.noinit         0x20000118        0x0
                0x20000118                _noinit = .
 *(.noinit .noinit.*)
                0x20000118                . = ALIGN (0x4)
                0x20000118                _end_noinit = .
                [!provide]                PROVIDE (end, _end_noinit)
                [!provide]                PROVIDE (_end, _end_noinit)
                [!provide]                PROVIDE (__end, _end_noinit)
                [!provide]                PROVIDE (__end__, _end_noinit)

._check_stack   0x20000118      0x100
                0x20000218                . = (. + _Minimum_Stack_Size)
 *fill*         0x20000118      0x100 

.b1text
 *(.b1text)
 *(.b1rodata)
 *(.b1rodata.*)

.eb0text
 *(.eb0text)
 *(.eb0rodata)
 *(.eb0rodata.*)

.eb1text
 *(.eb1text)
 *(.eb1rodata)
 *(.eb1rodata.*)

.eb2text
 *(.eb2text)
 *(.eb2rodata)
 *(.eb2rodata.*)

.eb3text
 *(.eb3text)
 *(.eb3rodata)
 *(.eb3rodata.*)

.stab
 *(.stab)

.stabstr
 *(.stabstr)

.stab.excl
 *(.stab.excl)

.stab.exclstr
 *(.stab.exclstr)

.stab.index
 *(.stab.index)

.stab.indexstr
 *(.stab.indexstr)

.comment        0x00000000       0x7f
 *(.comment)
 .comment       0x00000000       0x7f ./system/src/stm32f7-hal/stm32f7xx_hal.o
                                 0x80 (size before relaxing)
 .comment       0x0000007f       0x80 ./system/src/stm32f7-hal/stm32f7xx_hal_cortex.o
 .comment       0x0000007f       0x80 ./system/src/stm32f7-hal/stm32f7xx_hal_gpio.o
 .comment       0x0000007f       0x80 ./system/src/stm32f7-hal/stm32f7xx_hal_pwr_ex.o
 .comment       0x0000007f       0x80 ./system/src/stm32f7-hal/stm32f7xx_hal_rcc.o
 .comment       0x0000007f       0x80 ./system/src/newlib/_exit.o
 .comment       0x0000007f       0x80 ./system/src/newlib/_sbrk.o
 .comment       0x0000007f       0x80 ./system/src/newlib/_startup.o
 .comment       0x0000007f       0x80 ./system/src/newlib/_syscalls.o
 .comment       0x0000007f       0x80 ./system/src/newlib/assert.o
 .comment       0x0000007f       0x80 ./system/src/diag/Trace.o
 .comment       0x0000007f       0x80 ./system/src/diag/trace_impl.o
 .comment       0x0000007f       0x80 ./system/src/cortexm/_initialize_hardware.o
 .comment       0x0000007f       0x80 ./system/src/cortexm/exception_handlers.o
 .comment       0x0000007f       0x80 ./system/src/cmsis/system_stm32f7xx.o
 .comment       0x0000007f       0x80 ./system/src/cmsis/vectors_stm32f767xx.o
 .comment       0x0000007f       0x80 ./src/_initialize_hardware.o
 .comment       0x0000007f       0x80 ./src/main.o
 .comment       0x0000007f       0x80 ./src/stm32f7xx_hal_msp.o

.ARM.attributes
                0x00000000       0x31
 .ARM.attributes
                0x00000000       0x33 ./system/src/stm32f7-hal/stm32f7xx_hal.o
 .ARM.attributes
                0x00000033       0x33 ./system/src/stm32f7-hal/stm32f7xx_hal_cortex.o
 .ARM.attributes
                0x00000066       0x33 ./system/src/stm32f7-hal/stm32f7xx_hal_gpio.o
 .ARM.attributes
                0x00000099       0x33 ./system/src/stm32f7-hal/stm32f7xx_hal_pwr_ex.o
 .ARM.attributes
                0x000000cc       0x33 ./system/src/stm32f7-hal/stm32f7xx_hal_rcc.o
 .ARM.attributes
                0x000000ff       0x33 ./system/src/newlib/_exit.o
 .ARM.attributes
                0x00000132       0x33 ./system/src/newlib/_sbrk.o
 .ARM.attributes
                0x00000165       0x33 ./system/src/newlib/_startup.o
 .ARM.attributes
                0x00000198       0x33 ./system/src/newlib/_syscalls.o
 .ARM.attributes
                0x000001cb       0x33 ./system/src/newlib/assert.o
 .ARM.attributes
                0x000001fe       0x33 ./system/src/diag/Trace.o
 .ARM.attributes
                0x00000231       0x33 ./system/src/diag/trace_impl.o
 .ARM.attributes
                0x00000264       0x33 ./system/src/cortexm/_initialize_hardware.o
 .ARM.attributes
                0x00000297       0x33 ./system/src/cortexm/exception_handlers.o
 .ARM.attributes
                0x000002ca       0x33 ./system/src/cmsis/system_stm32f7xx.o
 .ARM.attributes
                0x000002fd       0x33 ./system/src/cmsis/vectors_stm32f767xx.o
 .ARM.attributes
                0x00000330       0x33 ./src/_initialize_hardware.o
 .ARM.attributes
                0x00000363       0x33 ./src/main.o
 .ARM.attributes
                0x00000396       0x33 ./src/stm32f7xx_hal_msp.o
 .ARM.attributes
                0x000003c9       0x2e d:/program files/gnu tools arm embedded/6 2017-q1-update/bin/../lib/gcc/arm-none-eabi/6.3.1/../../../../arm-none-eabi/lib/thumb/v7e-m\libg_nano.a(lib_a-errno.o)
 .ARM.attributes
                0x000003f7       0x2e d:/program files/gnu tools arm embedded/6 2017-q1-update/bin/../lib/gcc/arm-none-eabi/6.3.1/../../../../arm-none-eabi/lib/thumb/v7e-m\libg_nano.a(lib_a-impure.o)
 .ARM.attributes
                0x00000425       0x17 d:/program files/gnu tools arm embedded/6 2017-q1-update/bin/../lib/gcc/arm-none-eabi/6.3.1/../../../../arm-none-eabi/lib/thumb/v7e-m\libg_nano.a(lib_a-strlen.o)
 .ARM.attributes
                0x0000043c       0x2e d:/program files/gnu tools arm embedded/6 2017-q1-update/bin/../lib/gcc/arm-none-eabi/6.3.1/../../../../arm-none-eabi/lib/thumb/v7e-m\libg_nano.a(lib_a-vsnprintf.o)
 .ARM.attributes
                0x0000046a       0x2e d:/program files/gnu tools arm embedded/6 2017-q1-update/bin/../lib/gcc/arm-none-eabi/6.3.1/../../../../arm-none-eabi/lib/thumb/v7e-m\libg_nano.a(lib_a-nano-svfprintf.o)
 .ARM.attributes
                0x00000498       0x2e d:/program files/gnu tools arm embedded/6 2017-q1-update/bin/../lib/gcc/arm-none-eabi/6.3.1/../../../../arm-none-eabi/lib/thumb/v7e-m\libg_nano.a(lib_a-nano-vfprintf_i.o)
 .ARM.attributes
                0x000004c6       0x1c d:/program files/gnu tools arm embedded/6 2017-q1-update/bin/../lib/gcc/arm-none-eabi/6.3.1/../../../../arm-none-eabi/lib/thumb/v7e-m\libg_nano.a(lib_a-memchr.o)
 .ARM.attributes
                0x000004e2       0x2e d:/program files/gnu tools arm embedded/6 2017-q1-update/bin/../lib/gcc/arm-none-eabi/6.3.1/../../../../arm-none-eabi/lib/thumb/v7e-m\libg_nano.a(lib_a-memcpy-stub.o)
 .ARM.attributes
                0x00000510       0x2e d:/program files/gnu tools arm embedded/6 2017-q1-update/bin/../lib/gcc/arm-none-eabi/6.3.1/../../../../arm-none-eabi/lib/thumb/v7e-m\libg_nano.a(lib_a-memmove.o)
 .ARM.attributes
                0x0000053e       0x2e d:/program files/gnu tools arm embedded/6 2017-q1-update/bin/../lib/gcc/arm-none-eabi/6.3.1/../../../../arm-none-eabi/lib/thumb/v7e-m\libg_nano.a(lib_a-nano-freer.o)
 .ARM.attributes
                0x0000056c       0x2e d:/program files/gnu tools arm embedded/6 2017-q1-update/bin/../lib/gcc/arm-none-eabi/6.3.1/../../../../arm-none-eabi/lib/thumb/v7e-m\libg_nano.a(lib_a-nano-mallocr.o)
 .ARM.attributes
                0x0000059a       0x2e d:/program files/gnu tools arm embedded/6 2017-q1-update/bin/../lib/gcc/arm-none-eabi/6.3.1/../../../../arm-none-eabi/lib/thumb/v7e-m\libg_nano.a(lib_a-nano-reallocr.o)
 .ARM.attributes
                0x000005c8       0x2e d:/program files/gnu tools arm embedded/6 2017-q1-update/bin/../lib/gcc/arm-none-eabi/6.3.1/../../../../arm-none-eabi/lib/thumb/v7e-m\libg_nano.a(lib_a-sbrkr.o)
 .ARM.attributes
                0x000005f6       0x2e d:/program files/gnu tools arm embedded/6 2017-q1-update/bin/../lib/gcc/arm-none-eabi/6.3.1/../../../../arm-none-eabi/lib/thumb/v7e-m\libg_nano.a(lib_a-mlock.o)
 .ARM.attributes
                0x00000624       0x2e d:/program files/gnu tools arm embedded/6 2017-q1-update/bin/../lib/gcc/arm-none-eabi/6.3.1/../../../../arm-none-eabi/lib/thumb/v7e-m\libg_nano.a(lib_a-nano-msizer.o)

.debug
 *(.debug)

.line
 *(.line)

.debug_srcinfo
 *(.debug_srcinfo)

.debug_sfnames
 *(.debug_sfnames)

.debug_aranges  0x00000000      0x5c0
 *(.debug_aranges)
 .debug_aranges
                0x00000000       0xe0 ./system/src/stm32f7-hal/stm32f7xx_hal.o
 .debug_aranges
                0x000000e0       0x98 ./system/src/stm32f7-hal/stm32f7xx_hal_cortex.o
 .debug_aranges
                0x00000178       0x58 ./system/src/stm32f7-hal/stm32f7xx_hal_gpio.o
 .debug_aranges
                0x000001d0       0x80 ./system/src/stm32f7-hal/stm32f7xx_hal_pwr_ex.o
 .debug_aranges
                0x00000250       0x88 ./system/src/stm32f7-hal/stm32f7xx_hal_rcc.o
 .debug_aranges
                0x000002d8       0x28 ./system/src/newlib/_exit.o
 .debug_aranges
                0x00000300       0x20 ./system/src/newlib/_sbrk.o
 .debug_aranges
                0x00000320       0x40 ./system/src/newlib/_startup.o
 .debug_aranges
                0x00000360       0x30 ./system/src/newlib/_syscalls.o
 .debug_aranges
                0x00000390       0x28 ./system/src/newlib/assert.o
 .debug_aranges
                0x000003b8       0x38 ./system/src/diag/Trace.o
 .debug_aranges
                0x000003f0       0x30 ./system/src/diag/trace_impl.o
 .debug_aranges
                0x00000420       0x28 ./system/src/cortexm/_initialize_hardware.o
 .debug_aranges
                0x00000448       0x90 ./system/src/cortexm/exception_handlers.o
 .debug_aranges
                0x000004d8       0x28 ./system/src/cmsis/system_stm32f7xx.o
 .debug_aranges
                0x00000500       0x20 ./system/src/cmsis/vectors_stm32f767xx.o
 .debug_aranges
                0x00000520       0x30 ./src/_initialize_hardware.o
 .debug_aranges
                0x00000550       0x38 ./src/main.o
 .debug_aranges
                0x00000588       0x38 ./src/stm32f7xx_hal_msp.o

.debug_pubnames
 *(.debug_pubnames)

.debug_info     0x00000000    0x1059f
 *(.debug_info .gnu.linkonce.wi.*)
 .debug_info    0x00000000     0x122d ./system/src/stm32f7-hal/stm32f7xx_hal.o
 .debug_info    0x0000122d     0x1ba7 ./system/src/stm32f7-hal/stm32f7xx_hal_cortex.o
 .debug_info    0x00002dd4     0x110b ./system/src/stm32f7-hal/stm32f7xx_hal_gpio.o
 .debug_info    0x00003edf     0x1291 ./system/src/stm32f7-hal/stm32f7xx_hal_pwr_ex.o
 .debug_info    0x00005170     0x17a3 ./system/src/stm32f7-hal/stm32f7xx_hal_rcc.o
 .debug_info    0x00006913      0x95d ./system/src/newlib/_exit.o
 .debug_info    0x00007270      0x949 ./system/src/newlib/_sbrk.o
 .debug_info    0x00007bb9      0x4ca ./system/src/newlib/_startup.o
 .debug_info    0x00008083      0xa20 ./system/src/newlib/_syscalls.o
 .debug_info    0x00008aa3      0xa06 ./system/src/newlib/assert.o
 .debug_info    0x000094a9      0xb31 ./system/src/diag/Trace.o
 .debug_info    0x00009fda      0xbc5 ./system/src/diag/trace_impl.o
 .debug_info    0x0000ab9f      0xcec ./system/src/cortexm/_initialize_hardware.o
 .debug_info    0x0000b88b     0x1367 ./system/src/cortexm/exception_handlers.o
 .debug_info    0x0000cbf2      0xef8 ./system/src/cmsis/system_stm32f7xx.o
 .debug_info    0x0000daea       0xd4 ./system/src/cmsis/vectors_stm32f767xx.o
 .debug_info    0x0000dbbe     0x1260 ./src/_initialize_hardware.o
 .debug_info    0x0000ee1e      0xe1b ./src/main.o
 .debug_info    0x0000fc39      0x966 ./src/stm32f7xx_hal_msp.o

.debug_abbrev   0x00000000     0x2d9f
 *(.debug_abbrev)
 .debug_abbrev  0x00000000      0x2c7 ./system/src/stm32f7-hal/stm32f7xx_hal.o
 .debug_abbrev  0x000002c7      0x3ef ./system/src/stm32f7-hal/stm32f7xx_hal_cortex.o
 .debug_abbrev  0x000006b6      0x2dc ./system/src/stm32f7-hal/stm32f7xx_hal_gpio.o
 .debug_abbrev  0x00000992      0x30e ./system/src/stm32f7-hal/stm32f7xx_hal_pwr_ex.o
 .debug_abbrev  0x00000ca0      0x347 ./system/src/stm32f7-hal/stm32f7xx_hal_rcc.o
 .debug_abbrev  0x00000fe7      0x1f3 ./system/src/newlib/_exit.o
 .debug_abbrev  0x000011da      0x1fc ./system/src/newlib/_sbrk.o
 .debug_abbrev  0x000013d6      0x1c4 ./system/src/newlib/_startup.o
 .debug_abbrev  0x0000159a      0x234 ./system/src/newlib/_syscalls.o
 .debug_abbrev  0x000017ce      0x1f3 ./system/src/newlib/assert.o
 .debug_abbrev  0x000019c1      0x276 ./system/src/diag/Trace.o
 .debug_abbrev  0x00001c37      0x2ef ./system/src/diag/trace_impl.o
 .debug_abbrev  0x00001f26      0x1eb ./system/src/cortexm/_initialize_hardware.o
 .debug_abbrev  0x00002111      0x336 ./system/src/cortexm/exception_handlers.o
 .debug_abbrev  0x00002447      0x212 ./system/src/cmsis/system_stm32f7xx.o
 .debug_abbrev  0x00002659       0x9d ./system/src/cmsis/vectors_stm32f767xx.o
 .debug_abbrev  0x000026f6      0x299 ./src/_initialize_hardware.o
 .debug_abbrev  0x0000298f      0x25f ./src/main.o
 .debug_abbrev  0x00002bee      0x1b1 ./src/stm32f7xx_hal_msp.o

.debug_line     0x00000000     0xa391
 *(.debug_line)
 .debug_line    0x00000000      0xc2e ./system/src/stm32f7-hal/stm32f7xx_hal.o
 .debug_line    0x00000c2e      0xcf3 ./system/src/stm32f7-hal/stm32f7xx_hal_cortex.o
 .debug_line    0x00001921      0xcc8 ./system/src/stm32f7-hal/stm32f7xx_hal_gpio.o
 .debug_line    0x000025e9      0xbcf ./system/src/stm32f7-hal/stm32f7xx_hal_pwr_ex.o
 .debug_line    0x000031b8      0xe8a ./system/src/stm32f7-hal/stm32f7xx_hal_rcc.o
 .debug_line    0x00004042      0x350 ./system/src/newlib/_exit.o
 .debug_line    0x00004392      0x304 ./system/src/newlib/_sbrk.o
 .debug_line    0x00004696      0x3cc ./system/src/newlib/_startup.o
 .debug_line    0x00004a62      0x41c ./system/src/newlib/_syscalls.o
 .debug_line    0x00004e7e      0x38b ./system/src/newlib/assert.o
 .debug_line    0x00005209      0x3be ./system/src/diag/Trace.o
 .debug_line    0x000055c7      0xb28 ./system/src/diag/trace_impl.o
 .debug_line    0x000060ef      0xa90 ./system/src/cortexm/_initialize_hardware.o
 .debug_line    0x00006b7f      0xbd3 ./system/src/cortexm/exception_handlers.o
 .debug_line    0x00007752      0xa96 ./system/src/cmsis/system_stm32f7xx.o
 .debug_line    0x000081e8      0x105 ./system/src/cmsis/vectors_stm32f767xx.o
 .debug_line    0x000082ed      0xafc ./src/_initialize_hardware.o
 .debug_line    0x00008de9      0xb0b ./src/main.o
 .debug_line    0x000098f4      0xa9d ./src/stm32f7xx_hal_msp.o

.debug_frame    0x00000000      0xef0
 *(.debug_frame)
 .debug_frame   0x00000000      0x1c8 ./system/src/stm32f7-hal/stm32f7xx_hal.o
 .debug_frame   0x000001c8      0x17c ./system/src/stm32f7-hal/stm32f7xx_hal_cortex.o
 .debug_frame   0x00000344       0xfc ./system/src/stm32f7-hal/stm32f7xx_hal_gpio.o
 .debug_frame   0x00000440      0x138 ./system/src/stm32f7-hal/stm32f7xx_hal_pwr_ex.o
 .debug_frame   0x00000578      0x140 ./system/src/stm32f7-hal/stm32f7xx_hal_rcc.o
 .debug_frame   0x000006b8       0x38 ./system/src/newlib/_exit.o
 .debug_frame   0x000006f0       0x28 ./system/src/newlib/_sbrk.o
 .debug_frame   0x00000718       0x7c ./system/src/newlib/_startup.o
 .debug_frame   0x00000794       0x50 ./system/src/newlib/_syscalls.o
 .debug_frame   0x000007e4       0x40 ./system/src/newlib/assert.o
 .debug_frame   0x00000824       0x94 ./system/src/diag/Trace.o
 .debug_frame   0x000008b8       0x64 ./system/src/diag/trace_impl.o
 .debug_frame   0x0000091c       0x40 ./system/src/cortexm/_initialize_hardware.o
 .debug_frame   0x0000095c      0x158 ./system/src/cortexm/exception_handlers.o
 .debug_frame   0x00000ab4       0x30 ./system/src/cmsis/system_stm32f7xx.o
 .debug_frame   0x00000ae4       0x20 ./system/src/cmsis/vectors_stm32f767xx.o
 .debug_frame   0x00000b04       0x60 ./src/_initialize_hardware.o
 .debug_frame   0x00000b64       0x74 ./src/main.o
 .debug_frame   0x00000bd8       0x50 ./src/stm32f7xx_hal_msp.o
 .debug_frame   0x00000c28       0x20 d:/program files/gnu tools arm embedded/6 2017-q1-update/bin/../lib/gcc/arm-none-eabi/6.3.1/../../../../arm-none-eabi/lib/thumb/v7e-m\libg_nano.a(lib_a-errno.o)
 .debug_frame   0x00000c48       0x4c d:/program files/gnu tools arm embedded/6 2017-q1-update/bin/../lib/gcc/arm-none-eabi/6.3.1/../../../../arm-none-eabi/lib/thumb/v7e-m\libg_nano.a(lib_a-vsnprintf.o)
 .debug_frame   0x00000c94       0x90 d:/program files/gnu tools arm embedded/6 2017-q1-update/bin/../lib/gcc/arm-none-eabi/6.3.1/../../../../arm-none-eabi/lib/thumb/v7e-m\libg_nano.a(lib_a-nano-svfprintf.o)
 .debug_frame   0x00000d24       0x60 d:/program files/gnu tools arm embedded/6 2017-q1-update/bin/../lib/gcc/arm-none-eabi/6.3.1/../../../../arm-none-eabi/lib/thumb/v7e-m\libg_nano.a(lib_a-nano-vfprintf_i.o)
 .debug_frame   0x00000d84       0x28 d:/program files/gnu tools arm embedded/6 2017-q1-update/bin/../lib/gcc/arm-none-eabi/6.3.1/../../../../arm-none-eabi/lib/thumb/v7e-m\libg_nano.a(lib_a-memcpy-stub.o)
 .debug_frame   0x00000dac       0x28 d:/program files/gnu tools arm embedded/6 2017-q1-update/bin/../lib/gcc/arm-none-eabi/6.3.1/../../../../arm-none-eabi/lib/thumb/v7e-m\libg_nano.a(lib_a-memmove.o)
 .debug_frame   0x00000dd4       0x38 d:/program files/gnu tools arm embedded/6 2017-q1-update/bin/../lib/gcc/arm-none-eabi/6.3.1/../../../../arm-none-eabi/lib/thumb/v7e-m\libg_nano.a(lib_a-nano-freer.o)
 .debug_frame   0x00000e0c       0x2c d:/program files/gnu tools arm embedded/6 2017-q1-update/bin/../lib/gcc/arm-none-eabi/6.3.1/../../../../arm-none-eabi/lib/thumb/v7e-m\libg_nano.a(lib_a-nano-mallocr.o)
 .debug_frame   0x00000e38       0x3c d:/program files/gnu tools arm embedded/6 2017-q1-update/bin/../lib/gcc/arm-none-eabi/6.3.1/../../../../arm-none-eabi/lib/thumb/v7e-m\libg_nano.a(lib_a-nano-reallocr.o)
 .debug_frame   0x00000e74       0x2c d:/program files/gnu tools arm embedded/6 2017-q1-update/bin/../lib/gcc/arm-none-eabi/6.3.1/../../../../arm-none-eabi/lib/thumb/v7e-m\libg_nano.a(lib_a-sbrkr.o)
 .debug_frame   0x00000ea0       0x30 d:/program files/gnu tools arm embedded/6 2017-q1-update/bin/../lib/gcc/arm-none-eabi/6.3.1/../../../../arm-none-eabi/lib/thumb/v7e-m\libg_nano.a(lib_a-mlock.o)
 .debug_frame   0x00000ed0       0x20 d:/program files/gnu tools arm embedded/6 2017-q1-update/bin/../lib/gcc/arm-none-eabi/6.3.1/../../../../arm-none-eabi/lib/thumb/v7e-m\libg_nano.a(lib_a-nano-msizer.o)

.debug_str      0x00000000    0xca0c7
 *(.debug_str)
 .debug_str     0x00000000    0xc644a ./system/src/stm32f7-hal/stm32f7xx_hal.o
                              0xc6893 (size before relaxing)
 .debug_str     0x000c644a      0x450 ./system/src/stm32f7-hal/stm32f7xx_hal_cortex.o
                              0xc68d0 (size before relaxing)
 .debug_str     0x000c689a      0x2ba ./system/src/stm32f7-hal/stm32f7xx_hal_gpio.o
                              0xc60e4 (size before relaxing)
 .debug_str     0x000c6b54      0x1e9 ./system/src/stm32f7-hal/stm32f7xx_hal_pwr_ex.o
                              0xc61ab (size before relaxing)
 .debug_str     0x000c6d3d      0x352 ./system/src/stm32f7-hal/stm32f7xx_hal_rcc.o
                              0xc6231 (size before relaxing)
 .debug_str     0x000c708f     0x10ff ./system/src/newlib/_exit.o
                               0x74f3 (size before relaxing)
 .debug_str     0x000c818e      0x4f5 ./system/src/newlib/_sbrk.o
                               0x68a5 (size before relaxing)
 .debug_str     0x000c8683      0x2c6 ./system/src/newlib/_startup.o
                               0x60cd (size before relaxing)
 .debug_str     0x000c8949      0xe2c ./system/src/newlib/_syscalls.o
                               0x7721 (size before relaxing)
 .debug_str     0x000c9775       0xd0 ./system/src/newlib/assert.o
                               0x7ff8 (size before relaxing)
 .debug_str     0x000c9845      0x169 ./system/src/diag/Trace.o
                               0x7cd9 (size before relaxing)
 .debug_str     0x000c99ae      0x37b ./system/src/diag/trace_impl.o
                              0xc5e47 (size before relaxing)
 .debug_str     0x000c9d29       0x5e ./system/src/cortexm/_initialize_hardware.o
                              0xc4cc2 (size before relaxing)
 .debug_str     0x000c9d87      0x19d ./system/src/cortexm/exception_handlers.o
                              0xc60b1 (size before relaxing)
 .debug_str     0x000c9f24       0x46 ./system/src/cmsis/system_stm32f7xx.o
                              0xc4d78 (size before relaxing)
 .debug_str     0x000c9f6a       0x59 ./system/src/cmsis/vectors_stm32f767xx.o
                               0x30ec (size before relaxing)
 .debug_str     0x000c9fc3       0x6a ./src/_initialize_hardware.o
                              0xc6119 (size before relaxing)
 .debug_str     0x000ca02d       0x5d ./src/main.o
                              0xc6f74 (size before relaxing)
 .debug_str     0x000ca08a       0x3d ./src/stm32f7xx_hal_msp.o
                              0xc5cc6 (size before relaxing)

.debug_loc      0x00000000     0x1fc9
 *(.debug_loc)
 .debug_loc     0x00000000       0x6a ./system/src/stm32f7-hal/stm32f7xx_hal.o
 .debug_loc     0x0000006a      0x73b ./system/src/stm32f7-hal/stm32f7xx_hal_cortex.o
 .debug_loc     0x000007a5      0x59f ./system/src/stm32f7-hal/stm32f7xx_hal_gpio.o
 .debug_loc     0x00000d44      0x1de ./system/src/stm32f7-hal/stm32f7xx_hal_pwr_ex.o
 .debug_loc     0x00000f22      0x4ee ./system/src/stm32f7-hal/stm32f7xx_hal_rcc.o
 .debug_loc     0x00001410       0x85 ./system/src/newlib/_sbrk.o
 .debug_loc     0x00001495      0x2d3 ./system/src/newlib/_startup.o
 .debug_loc     0x00001768       0x63 ./system/src/newlib/_syscalls.o
 .debug_loc     0x000017cb      0x134 ./system/src/newlib/assert.o
 .debug_loc     0x000018ff       0xf6 ./system/src/diag/Trace.o
 .debug_loc     0x000019f5      0x121 ./system/src/diag/trace_impl.o
 .debug_loc     0x00001b16      0x291 ./system/src/cortexm/exception_handlers.o
 .debug_loc     0x00001da7      0x13e ./system/src/cmsis/system_stm32f7xx.o
 .debug_loc     0x00001ee5       0xa2 ./src/_initialize_hardware.o
 .debug_loc     0x00001f87       0x42 ./src/main.o

.debug_macinfo
 *(.debug_macinfo)

.debug_weaknames
 *(.debug_weaknames)

.debug_funcnames
 *(.debug_funcnames)

.debug_typenames
 *(.debug_typenames)

.debug_varnames
 *(.debug_varnames)
OUTPUT(ucosiii-e.elf elf32-littlearm)

.debug_ranges   0x00000000      0x568
 .debug_ranges  0x00000000       0xd0 ./system/src/stm32f7-hal/stm32f7xx_hal.o
 .debug_ranges  0x000000d0       0xe8 ./system/src/stm32f7-hal/stm32f7xx_hal_cortex.o
 .debug_ranges  0x000001b8       0x48 ./system/src/stm32f7-hal/stm32f7xx_hal_gpio.o
 .debug_ranges  0x00000200       0x70 ./system/src/stm32f7-hal/stm32f7xx_hal_pwr_ex.o
 .debug_ranges  0x00000270       0x78 ./system/src/stm32f7-hal/stm32f7xx_hal_rcc.o
 .debug_ranges  0x000002e8       0x18 ./system/src/newlib/_exit.o
 .debug_ranges  0x00000300       0x10 ./system/src/newlib/_sbrk.o
 .debug_ranges  0x00000310       0x90 ./system/src/newlib/_startup.o
 .debug_ranges  0x000003a0       0x20 ./system/src/newlib/_syscalls.o
 .debug_ranges  0x000003c0       0x18 ./system/src/newlib/assert.o
 .debug_ranges  0x000003d8       0x28 ./system/src/diag/Trace.o
 .debug_ranges  0x00000400       0x38 ./system/src/diag/trace_impl.o
 .debug_ranges  0x00000438       0x18 ./system/src/cortexm/_initialize_hardware.o
 .debug_ranges  0x00000450       0x80 ./system/src/cortexm/exception_handlers.o
 .debug_ranges  0x000004d0       0x18 ./system/src/cmsis/system_stm32f7xx.o
 .debug_ranges  0x000004e8       0x10 ./system/src/cmsis/vectors_stm32f767xx.o
 .debug_ranges  0x000004f8       0x20 ./src/_initialize_hardware.o
 .debug_ranges  0x00000518       0x28 ./src/main.o
 .debug_ranges  0x00000540       0x28 ./src/stm32f7xx_hal_msp.o

.debug_macro    0x00000000    0x2160c
 .debug_macro   0x00000000      0x532 ./system/src/stm32f7-hal/stm32f7xx_hal.o
 .debug_macro   0x00000532      0x8c2 ./system/src/stm32f7-hal/stm32f7xx_hal.o
 .debug_macro   0x00000df4      0x283 ./system/src/stm32f7-hal/stm32f7xx_hal.o
 .debug_macro   0x00001077       0x2e ./system/src/stm32f7-hal/stm32f7xx_hal.o
 .debug_macro   0x000010a5       0x3b ./system/src/stm32f7-hal/stm32f7xx_hal.o
 .debug_macro   0x000010e0      0x34e ./system/src/stm32f7-hal/stm32f7xx_hal.o
 .debug_macro   0x0000142e       0x35 ./system/src/stm32f7-hal/stm32f7xx_hal.o
 .debug_macro   0x00001463       0x50 ./system/src/stm32f7-hal/stm32f7xx_hal.o
 .debug_macro   0x000014b3     0x1114 ./system/src/stm32f7-hal/stm32f7xx_hal.o
 .debug_macro   0x000025c7     0xb31e ./system/src/stm32f7-hal/stm32f7xx_hal.o
 .debug_macro   0x0000d8e5       0x43 ./system/src/stm32f7-hal/stm32f7xx_hal.o
 .debug_macro   0x0000d928     0x3520 ./system/src/stm32f7-hal/stm32f7xx_hal.o
 .debug_macro   0x00010e48       0x22 ./system/src/stm32f7-hal/stm32f7xx_hal.o
 .debug_macro   0x00010e6a       0x52 ./system/src/stm32f7-hal/stm32f7xx_hal.o
 .debug_macro   0x00010ebc       0x8d ./system/src/stm32f7-hal/stm32f7xx_hal.o
 .debug_macro   0x00010f49       0x35 ./system/src/stm32f7-hal/stm32f7xx_hal.o
 .debug_macro   0x00010f7e       0x9c ./system/src/stm32f7-hal/stm32f7xx_hal.o
 .debug_macro   0x0001101a       0x16 ./system/src/stm32f7-hal/stm32f7xx_hal.o
 .debug_macro   0x00011030       0x57 ./system/src/stm32f7-hal/stm32f7xx_hal.o
 .debug_macro   0x00011087       0x97 ./system/src/stm32f7-hal/stm32f7xx_hal.o
 .debug_macro   0x0001111e      0x30d ./system/src/stm32f7-hal/stm32f7xx_hal.o
 .debug_macro   0x0001142b       0xfd ./system/src/stm32f7-hal/stm32f7xx_hal.o
 .debug_macro   0x00011528       0x10 ./system/src/stm32f7-hal/stm32f7xx_hal.o
 .debug_macro   0x00011538       0x58 ./system/src/stm32f7-hal/stm32f7xx_hal.o
 .debug_macro   0x00011590       0x1f ./system/src/stm32f7-hal/stm32f7xx_hal.o
 .debug_macro   0x000115af       0x43 ./system/src/stm32f7-hal/stm32f7xx_hal.o
 .debug_macro   0x000115f2       0x20 ./system/src/stm32f7-hal/stm32f7xx_hal.o
 .debug_macro   0x00011612      0x187 ./system/src/stm32f7-hal/stm32f7xx_hal.o
 .debug_macro   0x00011799       0x10 ./system/src/stm32f7-hal/stm32f7xx_hal.o
 .debug_macro   0x000117a9       0x6a ./system/src/stm32f7-hal/stm32f7xx_hal.o
 .debug_macro   0x00011813       0x1c ./system/src/stm32f7-hal/stm32f7xx_hal.o
 .debug_macro   0x0001182f       0x52 ./system/src/stm32f7-hal/stm32f7xx_hal.o
 .debug_macro   0x00011881       0x40 ./system/src/stm32f7-hal/stm32f7xx_hal.o
 .debug_macro   0x000118c1       0x10 ./system/src/stm32f7-hal/stm32f7xx_hal.o
 .debug_macro   0x000118d1       0x40 ./system/src/stm32f7-hal/stm32f7xx_hal.o
 .debug_macro   0x00011911       0xd7 ./system/src/stm32f7-hal/stm32f7xx_hal.o
 .debug_macro   0x000119e8       0x16 ./system/src/stm32f7-hal/stm32f7xx_hal.o
 .debug_macro   0x000119fe      0x18b ./system/src/stm32f7-hal/stm32f7xx_hal.o
 .debug_macro   0x00011b89       0x57 ./system/src/stm32f7-hal/stm32f7xx_hal.o
 .debug_macro   0x00011be0     0x1add ./system/src/stm32f7-hal/stm32f7xx_hal.o
 .debug_macro   0x000136bd      0x6a2 ./system/src/stm32f7-hal/stm32f7xx_hal.o
 .debug_macro   0x00013d5f      0x11e ./system/src/stm32f7-hal/stm32f7xx_hal.o
 .debug_macro   0x00013e7d      0x270 ./system/src/stm32f7-hal/stm32f7xx_hal.o
 .debug_macro   0x000140ed       0x27 ./system/src/stm32f7-hal/stm32f7xx_hal.o
 .debug_macro   0x00014114      0x24f ./system/src/stm32f7-hal/stm32f7xx_hal.o
 .debug_macro   0x00014363       0x71 ./system/src/stm32f7-hal/stm32f7xx_hal.o
 .debug_macro   0x000143d4       0x58 ./system/src/stm32f7-hal/stm32f7xx_hal.o
 .debug_macro   0x0001442c      0x23a ./system/src/stm32f7-hal/stm32f7xx_hal.o
 .debug_macro   0x00014666      0x38a ./system/src/stm32f7-hal/stm32f7xx_hal.o
 .debug_macro   0x000149f0      0x161 ./system/src/stm32f7-hal/stm32f7xx_hal.o
 .debug_macro   0x00014b51       0xf9 ./system/src/stm32f7-hal/stm32f7xx_hal.o
 .debug_macro   0x00014c4a      0x36e ./system/src/stm32f7-hal/stm32f7xx_hal.o
 .debug_macro   0x00014fb8      0x2e2 ./system/src/stm32f7-hal/stm32f7xx_hal.o
 .debug_macro   0x0001529a       0xab ./system/src/stm32f7-hal/stm32f7xx_hal.o
 .debug_macro   0x00015345       0x4c ./system/src/stm32f7-hal/stm32f7xx_hal.o
 .debug_macro   0x00015391       0x2e ./system/src/stm32f7-hal/stm32f7xx_hal.o
 .debug_macro   0x000153bf      0x22b ./system/src/stm32f7-hal/stm32f7xx_hal.o
 .debug_macro   0x000155ea       0xe6 ./system/src/stm32f7-hal/stm32f7xx_hal.o
 .debug_macro   0x000156d0       0xa1 ./system/src/stm32f7-hal/stm32f7xx_hal.o
 .debug_macro   0x00015771       0x3c ./system/src/stm32f7-hal/stm32f7xx_hal.o
 .debug_macro   0x000157ad      0x22c ./system/src/stm32f7-hal/stm32f7xx_hal.o
 .debug_macro   0x000159d9      0xcd5 ./system/src/stm32f7-hal/stm32f7xx_hal.o
 .debug_macro   0x000166ae      0x149 ./system/src/stm32f7-hal/stm32f7xx_hal.o
 .debug_macro   0x000167f7      0x3de ./system/src/stm32f7-hal/stm32f7xx_hal.o
 .debug_macro   0x00016bd5       0x12 ./system/src/stm32f7-hal/stm32f7xx_hal.o
 .debug_macro   0x00016be7      0x516 ./system/src/stm32f7-hal/stm32f7xx_hal.o
 .debug_macro   0x000170fd       0x88 ./system/src/stm32f7-hal/stm32f7xx_hal.o
 .debug_macro   0x00017185       0xce ./system/src/stm32f7-hal/stm32f7xx_hal.o
 .debug_macro   0x00017253       0x10 ./system/src/stm32f7-hal/stm32f7xx_hal.o
 .debug_macro   0x00017263      0x209 ./system/src/stm32f7-hal/stm32f7xx_hal.o
 .debug_macro   0x0001746c       0x58 ./system/src/stm32f7-hal/stm32f7xx_hal.o
 .debug_macro   0x000174c4       0x90 ./system/src/stm32f7-hal/stm32f7xx_hal.o
 .debug_macro   0x00017554      0x1b5 ./system/src/stm32f7-hal/stm32f7xx_hal.o
 .debug_macro   0x00017709       0x87 ./system/src/stm32f7-hal/stm32f7xx_hal.o
 .debug_macro   0x00017790      0x28d ./system/src/stm32f7-hal/stm32f7xx_hal.o
 .debug_macro   0x00017a1d      0x255 ./system/src/stm32f7-hal/stm32f7xx_hal.o
 .debug_macro   0x00017c72      0x133 ./system/src/stm32f7-hal/stm32f7xx_hal.o
 .debug_macro   0x00017da5      0x10c ./system/src/stm32f7-hal/stm32f7xx_hal.o
 .debug_macro   0x00017eb1       0x35 ./system/src/stm32f7-hal/stm32f7xx_hal.o
 .debug_macro   0x00017ee6      0x2e2 ./system/src/stm32f7-hal/stm32f7xx_hal.o
 .debug_macro   0x000181c8       0x7b ./system/src/stm32f7-hal/stm32f7xx_hal.o
 .debug_macro   0x00018243      0x313 ./system/src/stm32f7-hal/stm32f7xx_hal.o
 .debug_macro   0x00018556      0x4dc ./system/src/stm32f7-hal/stm32f7xx_hal.o
 .debug_macro   0x00018a32       0xd6 ./system/src/stm32f7-hal/stm32f7xx_hal.o
 .debug_macro   0x00018b08      0x447 ./system/src/stm32f7-hal/stm32f7xx_hal.o
 .debug_macro   0x00018f4f      0x398 ./system/src/stm32f7-hal/stm32f7xx_hal.o
 .debug_macro   0x000192e7      0x22b ./system/src/stm32f7-hal/stm32f7xx_hal.o
 .debug_macro   0x00019512      0x1ed ./system/src/stm32f7-hal/stm32f7xx_hal.o
 .debug_macro   0x000196ff      0x2e2 ./system/src/stm32f7-hal/stm32f7xx_hal.o
 .debug_macro   0x000199e1      0x677 ./system/src/stm32f7-hal/stm32f7xx_hal.o
 .debug_macro   0x0001a058      0x28e ./system/src/stm32f7-hal/stm32f7xx_hal.o
 .debug_macro   0x0001a2e6      0x138 ./system/src/stm32f7-hal/stm32f7xx_hal.o
 .debug_macro   0x0001a41e      0x4e8 ./system/src/stm32f7-hal/stm32f7xx_hal.o
 .debug_macro   0x0001a906       0x47 ./system/src/stm32f7-hal/stm32f7xx_hal.o
 .debug_macro   0x0001a94d      0x1df ./system/src/stm32f7-hal/stm32f7xx_hal.o
 .debug_macro   0x0001ab2c       0x29 ./system/src/stm32f7-hal/stm32f7xx_hal.o
 .debug_macro   0x0001ab55       0x58 ./system/src/stm32f7-hal/stm32f7xx_hal.o
 .debug_macro   0x0001abad      0x1c3 ./system/src/stm32f7-hal/stm32f7xx_hal.o
 .debug_macro   0x0001ad70       0x30 ./system/src/stm32f7-hal/stm32f7xx_hal.o
 .debug_macro   0x0001ada0       0x58 ./system/src/stm32f7-hal/stm32f7xx_hal.o
 .debug_macro   0x0001adf8      0x2cd ./system/src/stm32f7-hal/stm32f7xx_hal.o
 .debug_macro   0x0001b0c5       0x10 ./system/src/stm32f7-hal/stm32f7xx_hal.o
 .debug_macro   0x0001b0d5       0xa5 ./system/src/stm32f7-hal/stm32f7xx_hal.o
 .debug_macro   0x0001b17a       0x89 ./system/src/stm32f7-hal/stm32f7xx_hal.o
 .debug_macro   0x0001b203      0x1df ./system/src/stm32f7-hal/stm32f7xx_hal.o
 .debug_macro   0x0001b3e2      0x119 ./system/src/stm32f7-hal/stm32f7xx_hal.o
 .debug_macro   0x0001b4fb       0x75 ./system/src/stm32f7-hal/stm32f7xx_hal.o
 .debug_macro   0x0001b570      0x2a3 ./system/src/stm32f7-hal/stm32f7xx_hal.o
 .debug_macro   0x0001b813      0x137 ./system/src/stm32f7-hal/stm32f7xx_hal.o
 .debug_macro   0x0001b94a      0x2c5 ./system/src/stm32f7-hal/stm32f7xx_hal.o
 .debug_macro   0x0001bc0f      0x158 ./system/src/stm32f7-hal/stm32f7xx_hal.o
 .debug_macro   0x0001bd67      0x50e ./system/src/stm32f7-hal/stm32f7xx_hal_cortex.o
 .debug_macro   0x0001c275      0x546 ./system/src/stm32f7-hal/stm32f7xx_hal_gpio.o
 .debug_macro   0x0001c7bb      0x526 ./system/src/stm32f7-hal/stm32f7xx_hal_pwr_ex.o
 .debug_macro   0x0001cce1      0x532 ./system/src/stm32f7-hal/stm32f7xx_hal_rcc.o
 .debug_macro   0x0001d213      0x1a7 ./system/src/newlib/_exit.o
 .debug_macro   0x0001d3ba      0x10e ./system/src/newlib/_exit.o
 .debug_macro   0x0001d4c8       0x8d ./system/src/newlib/_exit.o
 .debug_macro   0x0001d555       0x35 ./system/src/newlib/_exit.o
 .debug_macro   0x0001d58a      0x15c ./system/src/newlib/_sbrk.o
 .debug_macro   0x0001d6e6      0x174 ./system/src/newlib/_sbrk.o
 .debug_macro   0x0001d85a       0x10 ./system/src/newlib/_sbrk.o
 .debug_macro   0x0001d86a      0x23b ./system/src/newlib/_sbrk.o
 .debug_macro   0x0001daa5      0x166 ./system/src/newlib/_startup.o
 .debug_macro   0x0001dc0b      0x8c8 ./system/src/newlib/_startup.o
 .debug_macro   0x0001e4d3      0x20a ./system/src/newlib/_syscalls.o
 .debug_macro   0x0001e6dd       0x1c ./system/src/newlib/_syscalls.o
 .debug_macro   0x0001e6f9       0x10 ./system/src/newlib/_syscalls.o
 .debug_macro   0x0001e709       0x10 ./system/src/newlib/_syscalls.o
 .debug_macro   0x0001e719       0x10 ./system/src/newlib/_syscalls.o
 .debug_macro   0x0001e729       0x35 ./system/src/newlib/_syscalls.o
 .debug_macro   0x0001e75e      0x122 ./system/src/newlib/_syscalls.o
 .debug_macro   0x0001e880       0x88 ./system/src/newlib/_syscalls.o
 .debug_macro   0x0001e908       0x2b ./system/src/newlib/_syscalls.o
 .debug_macro   0x0001e933      0x118 ./system/src/newlib/_syscalls.o
 .debug_macro   0x0001ea4b      0x159 ./system/src/newlib/_syscalls.o
 .debug_macro   0x0001eba4       0x16 ./system/src/newlib/_syscalls.o
 .debug_macro   0x0001ebba      0x1c3 ./system/src/newlib/assert.o
 .debug_macro   0x0001ed7d       0x1c ./system/src/newlib/assert.o
 .debug_macro   0x0001ed99      0x1e4 ./system/src/diag/Trace.o
 .debug_macro   0x0001ef7d       0x4c ./system/src/diag/Trace.o
 .debug_macro   0x0001efc9       0x16 ./system/src/diag/Trace.o
 .debug_macro   0x0001efdf      0x545 ./system/src/diag/trace_impl.o
 .debug_macro   0x0001f524       0x22 ./system/src/diag/trace_impl.o
 .debug_macro   0x0001f546      0x509 ./system/src/cortexm/_initialize_hardware.o
 .debug_macro   0x0001fa4f      0x568 ./system/src/cortexm/exception_handlers.o
 .debug_macro   0x0001ffb7       0x3b ./system/src/cortexm/exception_handlers.o
 .debug_macro   0x0001fff2      0x505 ./system/src/cmsis/system_stm32f7xx.o
 .debug_macro   0x000204f7       0x34 ./system/src/cmsis/vectors_stm32f767xx.o
 .debug_macro   0x0002052b      0x508 ./src/_initialize_hardware.o
 .debug_macro   0x00020a33      0x15e ./src/_initialize_hardware.o
 .debug_macro   0x00020b91      0x56d ./src/main.o
 .debug_macro   0x000210fe      0x50e ./src/stm32f7xx_hal_msp.o
