Archive member included to satisfy reference by file (symbol)

d:/program files/gnu tools arm embedded/6 2017-q1-update/bin/../lib/gcc/arm-none-eabi/6.3.1/thumb/v7e-m\libgcc.a(_aeabi_uldivmod.o)
                              ./src/UCOS-BSP/cpu_bsp.o (__aeabi_uldivmod)
d:/program files/gnu tools arm embedded/6 2017-q1-update/bin/../lib/gcc/arm-none-eabi/6.3.1/thumb/v7e-m\libgcc.a(_udivmoddi4.o)
                              d:/program files/gnu tools arm embedded/6 2017-q1-update/bin/../lib/gcc/arm-none-eabi/6.3.1/thumb/v7e-m\libgcc.a(_aeabi_uldivmod.o) (__udivmoddi4)
d:/program files/gnu tools arm embedded/6 2017-q1-update/bin/../lib/gcc/arm-none-eabi/6.3.1/thumb/v7e-m\libgcc.a(_dvmd_tls.o)
                              d:/program files/gnu tools arm embedded/6 2017-q1-update/bin/../lib/gcc/arm-none-eabi/6.3.1/thumb/v7e-m\libgcc.a(_aeabi_uldivmod.o) (__aeabi_ldiv0)
d:/program files/gnu tools arm embedded/6 2017-q1-update/bin/../lib/gcc/arm-none-eabi/6.3.1/../../../../arm-none-eabi/lib/thumb/v7e-m\libg_nano.a(lib_a-errno.o)
                              ./system/src/newlib/_sbrk.o (__errno)
d:/program files/gnu tools arm embedded/6 2017-q1-update/bin/../lib/gcc/arm-none-eabi/6.3.1/../../../../arm-none-eabi/lib/thumb/v7e-m\libg_nano.a(lib_a-impure.o)
                              d:/program files/gnu tools arm embedded/6 2017-q1-update/bin/../lib/gcc/arm-none-eabi/6.3.1/../../../../arm-none-eabi/lib/thumb/v7e-m\libg_nano.a(lib_a-errno.o) (_impure_ptr)
d:/program files/gnu tools arm embedded/6 2017-q1-update/bin/../lib/gcc/arm-none-eabi/6.3.1/../../../../arm-none-eabi/lib/thumb/v7e-m\libg_nano.a(lib_a-init.o)
                              ./src/startup_stm32f767xx.o (__libc_init_array)
d:/program files/gnu tools arm embedded/6 2017-q1-update/bin/../lib/gcc/arm-none-eabi/6.3.1/../../../../arm-none-eabi/lib/thumb/v7e-m\libg_nano.a(lib_a-strlen.o)
                              ./system/src/diag/Trace.o (strlen)
d:/program files/gnu tools arm embedded/6 2017-q1-update/bin/../lib/gcc/arm-none-eabi/6.3.1/../../../../arm-none-eabi/lib/thumb/v7e-m\libg_nano.a(lib_a-vsnprintf.o)
                              ./system/src/diag/Trace.o (vsnprintf)
d:/program files/gnu tools arm embedded/6 2017-q1-update/bin/../lib/gcc/arm-none-eabi/6.3.1/../../../../arm-none-eabi/lib/thumb/v7e-m\libg_nano.a(lib_a-nano-svfprintf.o)
                              d:/program files/gnu tools arm embedded/6 2017-q1-update/bin/../lib/gcc/arm-none-eabi/6.3.1/../../../../arm-none-eabi/lib/thumb/v7e-m\libg_nano.a(lib_a-vsnprintf.o) (_svfprintf_r)
d:/program files/gnu tools arm embedded/6 2017-q1-update/bin/../lib/gcc/arm-none-eabi/6.3.1/../../../../arm-none-eabi/lib/thumb/v7e-m\libg_nano.a(lib_a-nano-vfprintf_i.o)
                              d:/program files/gnu tools arm embedded/6 2017-q1-update/bin/../lib/gcc/arm-none-eabi/6.3.1/../../../../arm-none-eabi/lib/thumb/v7e-m\libg_nano.a(lib_a-nano-svfprintf.o) (_printf_i)
d:/program files/gnu tools arm embedded/6 2017-q1-update/bin/../lib/gcc/arm-none-eabi/6.3.1/../../../../arm-none-eabi/lib/thumb/v7e-m\libg_nano.a(lib_a-memchr.o)
                              d:/program files/gnu tools arm embedded/6 2017-q1-update/bin/../lib/gcc/arm-none-eabi/6.3.1/../../../../arm-none-eabi/lib/thumb/v7e-m\libg_nano.a(lib_a-nano-svfprintf.o) (memchr)
d:/program files/gnu tools arm embedded/6 2017-q1-update/bin/../lib/gcc/arm-none-eabi/6.3.1/../../../../arm-none-eabi/lib/thumb/v7e-m\libg_nano.a(lib_a-memcpy-stub.o)
                              d:/program files/gnu tools arm embedded/6 2017-q1-update/bin/../lib/gcc/arm-none-eabi/6.3.1/../../../../arm-none-eabi/lib/thumb/v7e-m\libg_nano.a(lib_a-nano-svfprintf.o) (memcpy)
d:/program files/gnu tools arm embedded/6 2017-q1-update/bin/../lib/gcc/arm-none-eabi/6.3.1/../../../../arm-none-eabi/lib/thumb/v7e-m\libg_nano.a(lib_a-memmove.o)
                              d:/program files/gnu tools arm embedded/6 2017-q1-update/bin/../lib/gcc/arm-none-eabi/6.3.1/../../../../arm-none-eabi/lib/thumb/v7e-m\libg_nano.a(lib_a-nano-svfprintf.o) (memmove)
d:/program files/gnu tools arm embedded/6 2017-q1-update/bin/../lib/gcc/arm-none-eabi/6.3.1/../../../../arm-none-eabi/lib/thumb/v7e-m\libg_nano.a(lib_a-nano-freer.o)
                              d:/program files/gnu tools arm embedded/6 2017-q1-update/bin/../lib/gcc/arm-none-eabi/6.3.1/../../../../arm-none-eabi/lib/thumb/v7e-m\libg_nano.a(lib_a-nano-svfprintf.o) (_free_r)
d:/program files/gnu tools arm embedded/6 2017-q1-update/bin/../lib/gcc/arm-none-eabi/6.3.1/../../../../arm-none-eabi/lib/thumb/v7e-m\libg_nano.a(lib_a-nano-mallocr.o)
                              d:/program files/gnu tools arm embedded/6 2017-q1-update/bin/../lib/gcc/arm-none-eabi/6.3.1/../../../../arm-none-eabi/lib/thumb/v7e-m\libg_nano.a(lib_a-nano-svfprintf.o) (_malloc_r)
d:/program files/gnu tools arm embedded/6 2017-q1-update/bin/../lib/gcc/arm-none-eabi/6.3.1/../../../../arm-none-eabi/lib/thumb/v7e-m\libg_nano.a(lib_a-nano-reallocr.o)
[...]
Memory Configuration

Name             Origin             Length             Attributes
RAM              0x20000000         0x00080000         xrw
CCMRAM           0x10000000         0x00000000         xrw
FLASH            0x08000000         0x00100000         xr
FLASHB1          0x00000000         0x00000000         xr
EXTMEMB0         0x00000000         0x00000000         xr
EXTMEMB1         0x00000000         0x00000000         xr
EXTMEMB2         0x00000000         0x00000000         xr
EXTMEMB3         0x00000000         0x00000000         xr
*default*        0x00000000         0xffffffff

Linker script and memory map

LOAD ./system/src/stm32f7-hal/stm32f7xx_hal.o
LOAD ./system/src/stm32f7-hal/stm32f7xx_hal_cortex.o
LOAD ./system/src/stm32f7-hal/stm32f7xx_hal_crc_ex.o
LOAD ./system/src/stm32f7-hal/stm32f7xx_hal_dfsdm.o
LOAD ./system/src/stm32f7-hal/stm32f7xx_hal_flash.o
LOAD ./system/src/stm32f7-hal/stm32f7xx_hal_gpio.o
LOAD ./system/src/stm32f7-hal/stm32f7xx_hal_iwdg.o
LOAD ./system/src/stm32f7-hal/stm32f7xx_hal_jpeg.o
LOAD ./system/src/stm32f7-hal/stm32f7xx_hal_mdios.o
LOAD ./system/src/stm32f7-hal/stm32f7xx_hal_pwr.o
LOAD ./system/src/stm32f7-hal/stm32f7xx_hal_pwr_ex.o
LOAD ./system/src/stm32f7-hal/stm32f7xx_hal_rcc.o
LOAD ./system/src/stm32f7-hal/stm32f7xx_hal_rcc_ex.o
LOAD ./system/src/stm32f7-hal/stm32f7xx_hal_smartcard_ex.o
LOAD ./system/src/newlib/_cxx.o
LOAD ./system/src/newlib/_exit.o
LOAD ./system/src/newlib/_sbrk.o
LOAD ./system/src/newlib/_startup.o
LOAD ./system/src/newlib/_syscalls.o
LOAD ./system/src/newlib/assert.o
LOAD ./system/src/diag/Trace.o
LOAD ./system/src/diag/trace_impl.o
LOAD ./system/src/cortexm/_initialize_hardware.o
LOAD ./system/src/cortexm/_reset_hardware.o
LOAD ./system/src/cortexm/exception_handlers.o
LOAD ./system/src/cmsis/system_stm32f7xx.o
LOAD ./system/src/cmsis/vectors_stm32f767xx.o
LOAD ./src/uCOS-III/Source/os_cfg_app.o
LOAD ./src/uCOS-III/Source/os_core.o
LOAD ./src/uCOS-III/Source/os_dbg.o
LOAD ./src/uCOS-III/Source/os_flag.o
LOAD ./src/uCOS-III/Source/os_mem.o
LOAD ./src/uCOS-III/Source/os_mon.o
LOAD ./src/uCOS-III/Source/os_msg.o
LOAD ./src/uCOS-III/Source/os_mutex.o
LOAD ./src/uCOS-III/Source/os_prio.o
LOAD ./src/uCOS-III/Source/os_q.o
LOAD ./src/uCOS-III/Source/os_sem.o
LOAD ./src/uCOS-III/Source/os_stat.o
LOAD ./src/uCOS-III/Source/os_task.o
LOAD ./src/uCOS-III/Source/os_tick.o
LOAD ./src/uCOS-III/Source/os_time.o
LOAD ./src/uCOS-III/Source/os_tmr.o
LOAD ./src/uCOS-III/Source/os_var.o
LOAD ./src/uCOS-III/Ports/ARM-Cortex-M/ARMv7-M/GNU/os_cpu_a.o
LOAD ./src/uCOS-III/Ports/ARM-Cortex-M/ARMv7-M/GNU/os_cpu_c.o
LOAD ./src/uC-LIB/Ports/ARM-Cortex-M4/GNU/lib_mem_a.o
LOAD ./src/uC-LIB/lib_ascii.o
LOAD ./src/uC-LIB/lib_math.o
LOAD ./src/uC-LIB/lib_mem.o
LOAD ./src/uC-LIB/lib_str.o
LOAD ./src/uC-CPU/Cache/ARM/armv7m_generic_l1/cpu_cache_armv7m_generic_l1.o
LOAD ./src/uC-CPU/ARM-Cortex-M4/GNU/cpu_a.o
LOAD ./src/uC-CPU/ARM-Cortex-M4/GNU/cpu_c.o
LOAD ./src/uC-CPU/cpu_core.o
LOAD ./src/UCOS-CONFIG/os_app_hooks.o
LOAD ./src/UCOS-BSP/bsp.o
LOAD ./src/UCOS-BSP/bsp_clock.o
LOAD ./src/UCOS-BSP/bsp_led.o
LOAD ./src/UCOS-BSP/bsp_os.o
LOAD ./src/UCOS-BSP/cpu_bsp.o
LOAD ./src/UCOS-BSP/main.o
LOAD ./src/_initialize_hardware.o
LOAD ./src/_write.o
LOAD ./src/main.o
LOAD ./src/startup_stm32f767xx.o
LOAD ./src/stm32f7xx_hal_msp.o
LOAD d:/program files/gnu tools arm embedded/6 2017-q1-update/bin/../lib/gcc/arm-none-eabi/6.3.1/../../../../arm-none-eabi/lib/thumb/v7e-m\libstdc++_nano.a
LOAD d:/program files/gnu tools arm embedded/6 2017-q1-update/bin/../lib/gcc/arm-none-eabi/6.3.1/../../../../arm-none-eabi/lib/thumb/v7e-m\libm.a
START GROUP
LOAD d:/program files/gnu tools arm embedded/6 2017-q1-update/bin/../lib/gcc/arm-none-eabi/6.3.1/thumb/v7e-m\libgcc.a
LOAD d:/program files/gnu tools arm embedded/6 2017-q1-update/bin/../lib/gcc/arm-none-eabi/6.3.1/../../../../arm-none-eabi/lib/thumb/v7e-m\libg_nano.a
LOAD d:/program files/gnu tools arm embedded/6 2017-q1-update/bin/../lib/gcc/arm-none-eabi/6.3.1/../../../../arm-none-eabi/lib/thumb/v7e-m\libc_nano.a
END GROUP
START GROUP
LOAD d:/program files/gnu tools arm embedded/6 2017-q1-update/bin/../lib/gcc/arm-none-eabi/6.3.1/thumb/v7e-m\libgcc.a
LOAD d:/program files/gnu tools arm embedded/6 2017-q1-update/bin/../lib/gcc/arm-none-eabi/6.3.1/../../../../arm-none-eabi/lib/thumb/v7e-m\libc_nano.a
END GROUP
                0x20080000                __stack = (ORIGIN (RAM) + LENGTH (RAM))
                0x20080000                _estack = __stack
                0x00000400                __Main_Stack_Size = 0x400
                [!provide]                PROVIDE (_Main_Stack_Size, __Main_Stack_Size)
                0x2007fc00                __Main_Stack_Limit = (__stack - __Main_Stack_Size)
                [!provide]                PROVIDE (_Main_Stack_Limit, __Main_Stack_Limit)
                0x00000100                _Minimum_Stack_Size = 0x100
                0x200025b4                PROVIDE (_Heap_Begin, _end_noinit)
                0x2007fc00                PROVIDE (_Heap_Limit, (__stack - __Main_Stack_Size))

.isr_vector     0x08000000      0x648
 FILL mask 0xff
                0x08000000                __vectors_start = ABSOLUTE (.)
                0x08000000                __vectors_start__ = ABSOLUTE (.)
 *(.isr_vector)
 .isr_vector    0x08000000      0x1f8 ./system/src/cmsis/vectors_stm32f767xx.o
                0x08000000                __isr_vectors
 .isr_vector    0x080001f8      0x1f8 ./src/startup_stm32f767xx.o
                0x080001f8                g_pfnVectors
 *(.cfmconfig)
 *(.after_vectors .after_vectors.*)
 .after_vectors
                0x080003f0      0x130 ./system/src/newlib/_startup.o
                0x080003f0                _start
 .after_vectors
                0x08000520      0x124 ./system/src/cortexm/exception_handlers.o
                0x08000520                Reset_Handler
                0x08000526                NMI_Handler
                0x0800052a                HardFault_Handler
                0x0800053e                HardFault_Handler_C
                0x0800059c                MemManage_Handler
                0x080005a0                BusFault_Handler
                0x080005b4                BusFault_Handler_C
                0x080005e8                UsageFault_Handler
                0x080005fc                UsageFault_Handler_C
                0x08000630                SVC_Handler
                0x08000634                DebugMon_Handler
 .after_vectors
                0x08000644        0x4 ./system/src/cmsis/vectors_stm32f767xx.o
                0x08000644                RTC_Alarm_IRQHandler
                0x08000644                EXTI2_IRQHandler
                0x08000644                TIM8_CC_IRQHandler
                0x08000644                UART8_IRQHandler
                0x08000644                SPI4_IRQHandler
                0x08000644                TIM1_CC_IRQHandler
                0x08000644                DMA2_Stream5_IRQHandler
                0x08000644                JPEG_IRQHandler
                0x08000644                DMA1_Stream5_IRQHandler
                0x08000644                CAN3_RX1_IRQHandler
                0x08000644                PVD_IRQHandler
                0x08000644                TAMP_STAMP_IRQHandler
                0x08000644                CAN2_RX1_IRQHandler
                0x08000644                EXTI3_IRQHandler
                0x08000644                TIM8_TRG_COM_TIM14_IRQHandler
                0x08000644                DFSDM1_FLT1_IRQHandler
                0x08000644                TIM1_UP_TIM10_IRQHandler
                0x08000644                TIM8_UP_TIM13_IRQHandler
                0x08000644                I2C3_ER_IRQHandler
                0x08000644                DFSDM1_FLT2_IRQHandler
                0x08000644                EXTI0_IRQHandler
                0x08000644                I2C2_EV_IRQHandler
                0x08000644                DMA1_Stream2_IRQHandler
                0x08000644                CAN1_RX0_IRQHandler
                0x08000644                FPU_IRQHandler
                0x08000644                OTG_HS_WKUP_IRQHandler
                0x08000644                CAN3_SCE_IRQHandler
                0x08000644                LTDC_ER_IRQHandler
                0x08000644                CAN2_SCE_IRQHandler
                0x08000644                DMA2_Stream2_IRQHandler
                0x08000644                SPI1_IRQHandler
                0x08000644                TIM6_DAC_IRQHandler
                0x08000644                TIM1_BRK_TIM9_IRQHandler
                0x08000644                DCMI_IRQHandler
                0x08000644                CAN2_RX0_IRQHandler
                0x08000644                DMA2_Stream3_IRQHandler
                0x08000644                SAI2_IRQHandler
                0x08000644                DFSDM1_FLT3_IRQHandler
                0x08000644                USART6_IRQHandler
                0x08000644                CAN3_RX0_IRQHandler
                0x08000644                USART3_IRQHandler
                0x08000644                CAN1_RX1_IRQHandler
                0x08000644                UART5_IRQHandler
                0x08000644                DMA2_Stream0_IRQHandler
                0x08000644                TIM4_IRQHandler
                0x08000644                QUADSPI_IRQHandler
                0x08000644                I2C1_EV_IRQHandler
                0x08000644                DMA1_Stream6_IRQHandler
                0x08000644                DMA1_Stream1_IRQHandler
                0x08000644                UART4_IRQHandler
                0x08000644                TIM3_IRQHandler
                0x08000644                RCC_IRQHandler
                0x08000644                TIM8_BRK_TIM12_IRQHandler
                0x08000644                CEC_IRQHandler
                0x08000644                EXTI15_10_IRQHandler
                0x08000644                ADC_IRQHandler
                0x08000644                DMA1_Stream7_IRQHandler
                0x08000644                SPI5_IRQHandler
                0x08000644                TIM7_IRQHandler
                0x08000644                SDMMC1_IRQHandler
                0x08000644                CAN2_TX_IRQHandler
                0x08000644                TIM5_IRQHandler
                0x08000644                DMA2_Stream7_IRQHandler
                0x08000644                I2C3_EV_IRQHandler
                0x08000644                EXTI9_5_IRQHandler
                0x08000644                RTC_WKUP_IRQHandler
                0x08000644                LTDC_IRQHandler
                0x08000644                ETH_WKUP_IRQHandler
                0x08000644                SPDIF_RX_IRQHandler
                0x08000644                SPI2_IRQHandler
                0x08000644                OTG_HS_EP1_IN_IRQHandler
                0x08000644                DMA1_Stream0_IRQHandler
                0x08000644                CAN1_TX_IRQHandler
                0x08000644                EXTI4_IRQHandler
                0x08000644                RNG_IRQHandler
                0x08000644                ETH_IRQHandler
                0x08000644                OTG_HS_EP1_OUT_IRQHandler
                0x08000644                WWDG_IRQHandler
                0x08000644                SPI6_IRQHandler
                0x08000644                I2C4_EV_IRQHandler
                0x08000644                MDIOS_IRQHandler
                0x08000644                CAN3_TX_IRQHandler
                0x08000644                TIM2_IRQHandler
                0x08000644                OTG_FS_WKUP_IRQHandler
                0x08000644                TIM1_TRG_COM_TIM11_IRQHandler
                0x08000644                OTG_HS_IRQHandler
                0x08000644                DMA2D_IRQHandler
                0x08000644                EXTI1_IRQHandler
                0x08000644                SDMMC2_IRQHandler
                0x08000644                UART7_IRQHandler
                0x08000644                USART2_IRQHandler
                0x08000644                DFSDM1_FLT0_IRQHandler
                0x08000644                I2C2_ER_IRQHandler
                0x08000644                DMA2_Stream1_IRQHandler
                0x08000644                CAN1_SCE_IRQHandler
                0x08000644                FLASH_IRQHandler
                0x08000644                DMA2_Stream4_IRQHandler
                0x08000644                USART1_IRQHandler
                0x08000644                OTG_FS_IRQHandler
                0x08000644                SPI3_IRQHandler
                0x08000644                DMA1_Stream4_IRQHandler
                0x08000644                I2C1_ER_IRQHandler
                0x08000644                FMC_IRQHandler
                0x08000644                LPTIM1_IRQHandler
                0x08000644                I2C4_ER_IRQHandler
                0x08000644                DMA2_Stream6_IRQHandler
                0x08000644                SAI1_IRQHandler
                0x08000644                DMA1_Stream3_IRQHandler

.inits          0x08000648       0x28
                0x08000648                __data_regions_array_start = .
                0x08000648        0x4 LONG 0x800518c LOADADDR (.data)
                0x0800064c        0x4 LONG 0x20000000 ADDR (.data)
                0x08000650        0x4 LONG 0x20000078 (ADDR (.data) + SIZEOF (.data))
                0x08000654        0x4 LONG 0x800518c LOADADDR (.data_CCMRAM)
                0x08000658        0x4 LONG 0x10000000 ADDR (.data_CCMRAM)
                0x0800065c        0x4 LONG 0x10000000 (ADDR (.data_CCMRAM) + SIZEOF (.data_CCMRAM))
                0x08000660                __data_regions_array_end = .
                0x08000660                __bss_regions_array_start = .
                0x08000660        0x4 LONG 0x20000078 ADDR (.bss)
                0x08000664        0x4 LONG 0x200025b4 (ADDR (.bss) + SIZEOF (.bss))
                0x08000668        0x4 LONG 0x10000000 ADDR (.bss_CCMRAM)
                0x0800066c        0x4 LONG 0x10000000 (ADDR (.bss_CCMRAM) + SIZEOF (.bss_CCMRAM))
                0x08000670                __bss_regions_array_end = .
 *(.init)
 *(.fini)
                0x08000670                . = ALIGN (0x4)
                0x08000670                PROVIDE (__preinit_array_start, .)
 *(.preinit_array_sysinit .preinit_array_sysinit.*)
 *(.preinit_array_platform .preinit_array_platform.*)
 *(.preinit_array .preinit_array.*)
                0x08000670                PROVIDE (__preinit_array_end, .)
                0x08000670                . = ALIGN (0x4)
                0x08000670                PROVIDE (__init_array_start, .)
 *(SORT(.init_array.*))
 *(.init_array)
                0x08000670                PROVIDE (__init_array_end, .)
                0x08000670                . = ALIGN (0x4)
                0x08000670                PROVIDE (__fini_array_start, .)
 *(SORT(.fini_array.*))
 *(.fini_array)
                0x08000670                PROVIDE (__fini_array_end, .)

.flashtext
 *(.flashtext .flashtext.*)

.text           0x08000670     0x4b1b
 *(.text .text.*)
 .text.HAL_InitTick
                0x08000670       0x2c ./system/src/stm32f7-hal/stm32f7xx_hal.o
                0x08000670                HAL_InitTick
 .text.HAL_Init
                0x0800069c       0x24 ./system/src/stm32f7-hal/stm32f7xx_hal.o
                0x0800069c                HAL_Init
 .text.HAL_NVIC_SetPriorityGrouping
                0x080006c0       0x3c ./system/src/stm32f7-hal/stm32f7xx_hal_cortex.o
                0x080006c0                HAL_NVIC_SetPriorityGrouping
 .text.HAL_NVIC_SetPriority
                0x080006fc       0x84 ./system/src/stm32f7-hal/stm32f7xx_hal_cortex.o
                0x080006fc                HAL_NVIC_SetPriority
 .text.HAL_SYSTICK_Config
                0x08000780       0x2c ./system/src/stm32f7-hal/stm32f7xx_hal_cortex.o
                0x08000780                HAL_SYSTICK_Config
 .text.HAL_SYSTICK_CLKSourceConfig
                0x080007ac       0x3c ./system/src/stm32f7-hal/stm32f7xx_hal_cortex.o
                0x080007ac                HAL_SYSTICK_CLKSourceConfig
 .text.HAL_GPIO_Init
                0x080007e8      0x304 ./system/src/stm32f7-hal/stm32f7xx_hal_gpio.o
                0x080007e8                HAL_GPIO_Init
 .text.HAL_GPIO_WritePin
                0x08000aec       0x34 ./system/src/stm32f7-hal/stm32f7xx_hal_gpio.o
                0x08000aec                HAL_GPIO_WritePin
 .text.HAL_GPIO_TogglePin
                0x08000b20       0x20 ./system/src/stm32f7-hal/stm32f7xx_hal_gpio.o
                0x08000b20                HAL_GPIO_TogglePin
 .text.HAL_PWREx_EnableOverDrive
                0x08000b40       0x7c ./system/src/stm32f7-hal/stm32f7xx_hal_pwr_ex.o
                0x08000b40                HAL_PWREx_EnableOverDrive
 .text.HAL_RCC_OscConfig
                0x08000bbc      0x4e8 ./system/src/stm32f7-hal/stm32f7xx_hal_rcc.o
                0x08000bbc                HAL_RCC_OscConfig
 .text.HAL_RCC_GetSysClockFreq
                0x080010a4       0x94 ./system/src/stm32f7-hal/stm32f7xx_hal_rcc.o
                0x080010a4                HAL_RCC_GetSysClockFreq
 .text.HAL_RCC_ClockConfig
                0x08001138      0x240 ./system/src/stm32f7-hal/stm32f7xx_hal_rcc.o
                0x08001138                HAL_RCC_ClockConfig
 .text.HAL_RCC_GetHCLKFreq
                0x08001378        0xc ./system/src/stm32f7-hal/stm32f7xx_hal_rcc.o
                0x08001378                HAL_RCC_GetHCLKFreq
 .text.HAL_RCC_GetPCLK1Freq
                0x08001384       0x2c ./system/src/stm32f7-hal/stm32f7xx_hal_rcc.o
                0x08001384                HAL_RCC_GetPCLK1Freq
 .text.HAL_RCC_GetPCLK2Freq
                0x080013b0       0x2c ./system/src/stm32f7-hal/stm32f7xx_hal_rcc.o
                0x080013b0                HAL_RCC_GetPCLK2Freq
 .text._exit    0x080013dc        0x2 ./system/src/newlib/_exit.o
                0x080013dc                _exit
 *fill*         0x080013de        0x2 
 .text.abort    0x080013e0       0x14 ./system/src/newlib/_exit.o
                0x080013e0                abort
 .text._sbrk    0x080013f4       0x44 ./system/src/newlib/_sbrk.o
                0x080013f4                _sbrk
 .text.__initialize_args
                0x08001438       0x10 ./system/src/newlib/_syscalls.o
                0x08001438                __initialize_args
 .text.assert_failed
                0x08001448       0x14 ./system/src/newlib/assert.o
                0x08001448                assert_failed
 .text.trace_printf
                0x0800145c       0x30 ./system/src/diag/Trace.o
                0x0800145c                trace_printf
 .text.trace_puts
                0x0800148c       0x20 ./system/src/diag/Trace.o
                0x0800148c                trace_puts
 .text._trace_write_semihosting_debug
                0x080014ac       0x60 ./system/src/diag/trace_impl.o
 .text.trace_write
                0x0800150c        0x8 ./system/src/diag/trace_impl.o
                0x0800150c                trace_write
 .text.__initialize_hardware_early
                0x08001514       0x18 ./system/src/cortexm/_initialize_hardware.o
                0x08001514                __initialize_hardware_early
 .text.dumpExceptionStack
                0x0800152c       0xf4 ./system/src/cortexm/exception_handlers.o
                0x0800152c                dumpExceptionStack
 .text.isSemihosting
                0x08001620       0x20 ./system/src/cortexm/exception_handlers.o
                0x08001620                isSemihosting
 .text.SystemInit
                0x08001640       0x40 ./system/src/cmsis/system_stm32f7xx.o
                0x08001640                SystemInit
 .text.SystemCoreClockUpdate
                0x08001680       0xa0 ./system/src/cmsis/system_stm32f7xx.o
                0x08001680                SystemCoreClockUpdate
 .text.OSCfg_Init
                0x08001720        0x2 ./src/uCOS-III/Source/os_cfg_app.o
                0x08001720                OSCfg_Init
 *fill*         0x08001722        0x2 
 .text.OS_IdleTask
                0x08001724       0x34 ./src/uCOS-III/Source/os_core.o
                0x08001724                OS_IdleTask
 .text.OSIntEnter
                0x08001758       0x24 ./src/uCOS-III/Source/os_core.o
                0x08001758                OSIntEnter
 .text.OSIntExit
                0x0800177c       0xa0 ./src/uCOS-III/Source/os_core.o
                0x0800177c                OSIntExit
 .text.OSSched  0x0800181c       0x7c ./src/uCOS-III/Source/os_core.o
                0x0800181c                OSSched
 .text.OSSchedLock
                0x08001898       0x60 ./src/uCOS-III/Source/os_core.o
                0x08001898                OSSchedLock
 .text.OSSchedUnlock
                0x080018f8       0x78 ./src/uCOS-III/Source/os_core.o
                0x080018f8                OSSchedUnlock
 .text.OSStart  0x08001970       0x84 ./src/uCOS-III/Source/os_core.o
                0x08001970                OSStart
 .text.OS_IdleTaskInit
                0x080019f4       0x58 ./src/uCOS-III/Source/os_core.o
                0x080019f4                OS_IdleTaskInit
 .text.OS_PendDbgNameAdd
                0x08001a4c       0x40 ./src/uCOS-III/Source/os_core.o
                0x08001a4c                OS_PendDbgNameAdd
 .text.OS_PendDbgNameRemove
                0x08001a8c       0x1c ./src/uCOS-III/Source/os_core.o
                0x08001a8c                OS_PendDbgNameRemove
 .text.OS_PendListInit
                0x08001aa8        0xa ./src/uCOS-III/Source/os_core.o
                0x08001aa8                OS_PendListInit
 .text.OS_PendListInsertPrio
                0x08001ab2       0x58 ./src/uCOS-III/Source/os_core.o
                0x08001ab2                OS_PendListInsertPrio
 .text.OS_PendListRemove
                0x08001b0a       0x3c ./src/uCOS-III/Source/os_core.o
                0x08001b0a                OS_PendListRemove
 .text.OS_PendListChangePrio
                0x08001b46       0x20 ./src/uCOS-III/Source/os_core.o
                0x08001b46                OS_PendListChangePrio
 *fill*         0x08001b66        0x2 
 .text.OS_RdyListInit
                0x08001b68       0x2c ./src/uCOS-III/Source/os_core.o
                0x08001b68                OS_RdyListInit
 .text.OSInit   0x08001b94      0x154 ./src/uCOS-III/Source/os_core.o
                0x08001b94                OSInit
 .text.OS_RdyListInsertHead
                0x08001ce8       0x58 ./src/uCOS-III/Source/os_core.o
                0x08001ce8                OS_RdyListInsertHead
 .text.OS_RdyListInsertTail
                0x08001d40       0x58 ./src/uCOS-III/Source/os_core.o
                0x08001d40                OS_RdyListInsertTail
 .text.OS_RdyListInsert
                0x08001d98       0x2c ./src/uCOS-III/Source/os_core.o
                0x08001d98                OS_RdyListInsert
 .text.OS_Post  0x08001dc4       0x96 ./src/uCOS-III/Source/os_core.o
                0x08001dc4                OS_Post
 *fill*         0x08001e5a        0x2 
 .text.OS_RdyListRemove
                0x08001e5c       0x74 ./src/uCOS-III/Source/os_core.o
                0x08001e5c                OS_RdyListRemove
 .text.OS_TaskBlock
                0x08001ed0       0x2c ./src/uCOS-III/Source/os_core.o
                0x08001ed0                OS_TaskBlock
 .text.OS_Pend  0x08001efc       0x44 ./src/uCOS-III/Source/os_core.o
                0x08001efc                OS_Pend
 .text.OS_Dbg_Init
                0x08001f40        0x2 ./src/uCOS-III/Source/os_dbg.o
                0x08001f40                OS_Dbg_Init
 *fill*         0x08001f42        0x2 
 .text.OS_MemInit
                0x08001f44       0x18 ./src/uCOS-III/Source/os_mem.o
                0x08001f44                OS_MemInit
 .text.OS_MsgPoolInit
                0x08001f5c       0x68 ./src/uCOS-III/Source/os_msg.o
                0x08001f5c                OS_MsgPoolInit
 .text.OS_MsgQInit
                0x08001fc4        0xe ./src/uCOS-III/Source/os_msg.o
                0x08001fc4                OS_MsgQInit
 *fill*         0x08001fd2        0x2 
 .text.OS_MutexDbgListAdd
                0x08001fd4       0x24 ./src/uCOS-III/Source/os_mutex.o
                0x08001fd4                OS_MutexDbgListAdd
 .text.OSMutexCreate
                0x08001ff8       0x6c ./src/uCOS-III/Source/os_mutex.o
                0x08001ff8                OSMutexCreate
 .text.OS_MutexGrpAdd
                0x08002064        0x8 ./src/uCOS-III/Source/os_mutex.o
                0x08002064                OS_MutexGrpAdd
 .text.OSMutexPend
                0x0800206c      0x1cc ./src/uCOS-III/Source/os_mutex.o
                0x0800206c                OSMutexPend
 .text.OS_MutexGrpRemove
                0x08002238       0x14 ./src/uCOS-III/Source/os_mutex.o
                0x08002238                OS_MutexGrpRemove
 .text.OS_MutexGrpPrioFindHighest
                0x0800224c       0x22 ./src/uCOS-III/Source/os_mutex.o
                0x0800224c                OS_MutexGrpPrioFindHighest
 *fill*         0x0800226e        0x2 
 .text.OSMutexPost
                0x08002270      0x158 ./src/uCOS-III/Source/os_mutex.o
                0x08002270                OSMutexPost
 .text.OS_PrioInit
                0x080023c8       0x18 ./src/uCOS-III/Source/os_prio.o
                0x080023c8                OS_PrioInit
 .text.OS_PrioGetHighest
                0x080023e0       0x14 ./src/uCOS-III/Source/os_prio.o
                0x080023e0                OS_PrioGetHighest
 .text.OS_PrioInsert
                0x080023f4       0x18 ./src/uCOS-III/Source/os_prio.o
                0x080023f4                OS_PrioInsert
 .text.OS_PrioRemove
                0x0800240c       0x1c ./src/uCOS-III/Source/os_prio.o
                0x0800240c                OS_PrioRemove
 .text.OSStatReset
                0x08002428       0xf8 ./src/uCOS-III/Source/os_stat.o
                0x08002428                OSStatReset
 .text.OS_StatTask
                0x08002520      0x294 ./src/uCOS-III/Source/os_stat.o
                0x08002520                OS_StatTask
 .text.OSStatTaskCPUUsageInit
                0x080027b4       0xd4 ./src/uCOS-III/Source/os_stat.o
                0x080027b4                OSStatTaskCPUUsageInit
 .text.OS_StatTaskInit
                0x08002888       0xa8 ./src/uCOS-III/Source/os_stat.o
                0x08002888                OS_StatTaskInit
 .text.OSTaskResume
                0x08002930      0x11c ./src/uCOS-III/Source/os_task.o
                0x08002930                OSTaskResume
 .text.OSTaskSemPend
                0x08002a4c      0x154 ./src/uCOS-III/Source/os_task.o
                0x08002a4c                OSTaskSemPend
 .text.OSTaskSemPost
                0x08002ba0       0xf4 ./src/uCOS-III/Source/os_task.o
                0x08002ba0                OSTaskSemPost
 .text.OSTaskStkChk
                0x08002c94       0xbc ./src/uCOS-III/Source/os_task.o
                0x08002c94                OSTaskStkChk
 .text.OSTaskSuspend
                0x08002d50      0x150 ./src/uCOS-III/Source/os_task.o
                0x08002d50                OSTaskSuspend
 .text.OS_TaskDbgListAdd
                0x08002ea0       0x24 ./src/uCOS-III/Source/os_task.o
                0x08002ea0                OS_TaskDbgListAdd
 .text.OS_TaskInit
                0x08002ec4       0x20 ./src/uCOS-III/Source/os_task.o
                0x08002ec4                OS_TaskInit
 .text.OS_TaskInitTCB
                0x08002ee4       0xd4 ./src/uCOS-III/Source/os_task.o
                0x08002ee4                OS_TaskInitTCB
 .text.OSTaskCreate
                0x08002fb8      0x1a4 ./src/uCOS-III/Source/os_task.o
                0x08002fb8                OSTaskCreate
 .text.OS_TaskReturn
                0x0800315c       0x24 ./src/uCOS-III/Source/os_task.o
                0x0800315c                OS_TaskReturn
 .text.OS_TaskChangePrio
                0x08003180       0xdc ./src/uCOS-III/Source/os_task.o
                0x08003180                OS_TaskChangePrio
 .text.OS_TickListUpdateDly
                0x0800325c       0x94 ./src/uCOS-III/Source/os_tick.o
 .text.OS_TickListUpdateTimeout
                0x080032f0      0x104 ./src/uCOS-III/Source/os_tick.o
 .text.OS_TickTask
                0x080033f4       0x60 ./src/uCOS-III/Source/os_tick.o
                0x080033f4                OS_TickTask
 .text.OS_TickTaskInit
                0x08003454       0xa0 ./src/uCOS-III/Source/os_tick.o
                0x08003454                OS_TickTaskInit
 .text.OS_TickListInsert
                0x080034f4       0x78 ./src/uCOS-III/Source/os_tick.o
                0x080034f4                OS_TickListInsert
 .text.OS_TickListInsertDly
                0x0800356c       0x84 ./src/uCOS-III/Source/os_tick.o
                0x0800356c                OS_TickListInsertDly
 .text.OS_TickListRemove
                0x080035f0       0x54 ./src/uCOS-III/Source/os_tick.o
                0x080035f0                OS_TickListRemove
 .text.OSTimeDly
                0x08003644       0x94 ./src/uCOS-III/Source/os_time.o
                0x08003644                OSTimeDly
 .text.OSTimeDlyHMSM
                0x080036d8      0x16c ./src/uCOS-III/Source/os_time.o
                0x080036d8                OSTimeDlyHMSM
 .text.OSTimeGet
                0x08003844       0x28 ./src/uCOS-III/Source/os_time.o
                0x08003844                OSTimeGet
 .text.OSTimeTick
                0x0800386c       0x58 ./src/uCOS-III/Source/os_time.o
                0x0800386c                OSTimeTick
 .text.OS_TmrLock
                0x080038c4       0x20 ./src/uCOS-III/Source/os_tmr.o
 .text.OS_TmrUnlock
                0x080038e4       0x1c ./src/uCOS-III/Source/os_tmr.o
 .text.OS_TmrInit
                0x08003900      0x104 ./src/uCOS-III/Source/os_tmr.o
                0x08003900                OS_TmrInit
 .text.OS_TmrUnlink
                0x08003a04       0x40 ./src/uCOS-III/Source/os_tmr.o
                0x08003a04                OS_TmrUnlink
 .text.OS_TmrTask
                0x08003a44       0x90 ./src/uCOS-III/Source/os_tmr.o
                0x08003a44                OS_TmrTask
 .text          0x08003ad4       0xe0 ./src/uCOS-III/Ports/ARM-Cortex-M/ARMv7-M/GNU/os_cpu_a.o
                0x08003ad4                OSStartHighRdy
                0x08003b4e                OSCtxSw
                0x08003b58                OSIntCtxSw
                0x08003b62                OS_CPU_PendSVHandler
 .text.OSIdleTaskHook
                0x08003bb4       0x10 ./src/uCOS-III/Ports/ARM-Cortex-M/ARMv7-M/GNU/os_cpu_c.o
                0x08003bb4                OSIdleTaskHook
 .text.OSInitHook
                0x08003bc4       0x24 ./src/uCOS-III/Ports/ARM-Cortex-M/ARMv7-M/GNU/os_cpu_c.o
                0x08003bc4                OSInitHook
 .text.OSStatTaskHook
                0x08003be8       0x10 ./src/uCOS-III/Ports/ARM-Cortex-M/ARMv7-M/GNU/os_cpu_c.o
                0x08003be8                OSStatTaskHook
 .text.OSTaskCreateHook
                0x08003bf8       0x10 ./src/uCOS-III/Ports/ARM-Cortex-M/ARMv7-M/GNU/os_cpu_c.o
                0x08003bf8                OSTaskCreateHook
 .text.OSTaskReturnHook
                0x08003c08       0x10 ./src/uCOS-III/Ports/ARM-Cortex-M/ARMv7-M/GNU/os_cpu_c.o
                0x08003c08                OSTaskReturnHook
 .text.OSTaskStkInit
                0x08003c18       0x94 ./src/uCOS-III/Ports/ARM-Cortex-M/ARMv7-M/GNU/os_cpu_c.o
                0x08003c18                OSTaskStkInit
 .text.OSTaskSwHook
                0x08003cac       0x54 ./src/uCOS-III/Ports/ARM-Cortex-M/ARMv7-M/GNU/os_cpu_c.o
                0x08003cac                OSTaskSwHook
 .text.OSTimeTickHook
                0x08003d00       0x10 ./src/uCOS-III/Ports/ARM-Cortex-M/ARMv7-M/GNU/os_cpu_c.o
                0x08003d00                OSTimeTickHook
 .text.OS_CPU_SysTickHandler
                0x08003d10       0x24 ./src/uCOS-III/Ports/ARM-Cortex-M/ARMv7-M/GNU/os_cpu_c.o
                0x08003d10                OS_CPU_SysTickHandler
 .text.OS_CPU_SysTickInit
                0x08003d34       0x30 ./src/uCOS-III/Ports/ARM-Cortex-M/ARMv7-M/GNU/os_cpu_c.o
                0x08003d34                OS_CPU_SysTickInit
 .text.OS_CPU_SysTickInitFreq
                0x08003d64       0x14 ./src/uCOS-III/Ports/ARM-Cortex-M/ARMv7-M/GNU/os_cpu_c.o
                0x08003d64                OS_CPU_SysTickInitFreq
 .text.Math_RandSetSeed
                0x08003d78       0x24 ./src/uC-LIB/lib_math.o
                0x08003d78                Math_RandSetSeed
 .text.Math_Init
                0x08003d9c        0xa ./src/uC-LIB/lib_math.o
                0x08003d9c                Math_Init
 *fill*         0x08003da6        0x2 
 .text.Mem_SegCreateCritical
                0x08003da8       0x1c ./src/uC-LIB/lib_mem.o
 .text.Mem_Set  0x08003dc4       0x4e ./src/uC-LIB/lib_mem.o
                0x08003dc4                Mem_Set
 .text.Mem_Clr  0x08003e12        0xc ./src/uC-LIB/lib_mem.o
                0x08003e12                Mem_Clr
 .text.Mem_SegCreate
                0x08003e1e       0x40 ./src/uC-LIB/lib_mem.o
                0x08003e1e                Mem_SegCreate
 *fill*         0x08003e5e        0x2 
 .text.Mem_Init
                0x08003e60       0x48 ./src/uC-LIB/lib_mem.o
                0x08003e60                Mem_Init
 .text          0x08003ea8       0x34 ./src/uC-CPU/ARM-Cortex-M4/GNU/cpu_a.o
                0x08003ea8                CPU_IntDis
                0x08003eac                CPU_IntEn
                0x08003eb0                CPU_SR_Save
                0x08003eb8                CPU_SR_Restore
                0x08003ebe                CPU_WaitForInt
                0x08003ec2                CPU_WaitForExcept
                0x08003ec6                CPU_CntLeadZeros
                0x08003ecc                CPU_CntTrailZeros
                0x08003ed6                CPU_RevBits
 .text.CPU_IntDisMeasMaxCalc
                0x08003edc       0x14 ./src/uC-CPU/cpu_core.o
 .text.CPU_TS_Init
                0x08003ef0       0x14 ./src/uC-CPU/cpu_core.o
 .text.CPU_SW_Exception
                0x08003f04        0x2 ./src/uC-CPU/cpu_core.o
                0x08003f04                CPU_SW_Exception
 *fill*         0x08003f06        0x2 
 .text.CPU_TS_TmrFreqSet
                0x08003f08        0xc ./src/uC-CPU/cpu_core.o
                0x08003f08                CPU_TS_TmrFreqSet
 .text.CPU_IntDisMeasMaxCurGet
                0x08003f14       0x1c ./src/uC-CPU/cpu_core.o
                0x08003f14                CPU_IntDisMeasMaxCurGet
 .text.CPU_IntDisMeasMaxCurReset
                0x08003f30       0x20 ./src/uC-CPU/cpu_core.o
                0x08003f30                CPU_IntDisMeasMaxCurReset
 .text.CPU_IntDisMeasMaxGet
                0x08003f50       0x1c ./src/uC-CPU/cpu_core.o
                0x08003f50                CPU_IntDisMeasMaxGet
 .text.CPU_IntDisMeasStart
                0x08003f6c       0x30 ./src/uC-CPU/cpu_core.o
                0x08003f6c                CPU_IntDisMeasStart
 .text.CPU_IntDisMeasStop
                0x08003f9c       0x4c ./src/uC-CPU/cpu_core.o
                0x08003f9c                CPU_IntDisMeasStop
 .text.CPU_IntDisMeasInit
                0x08003fe8       0x74 ./src/uC-CPU/cpu_core.o
 .text.CPU_NameClr
                0x0800405c       0x24 ./src/uC-CPU/cpu_core.o
                0x0800405c                CPU_NameClr
 .text.CPU_NameInit
                0x08004080        0x8 ./src/uC-CPU/cpu_core.o
 .text.CPU_Init
                0x08004088       0x10 ./src/uC-CPU/cpu_core.o
                0x08004088                CPU_Init
 .text.CPU_StatReset
                0x08004098        0xc ./src/uC-CPU/cpu_core.o
                0x08004098                CPU_StatReset
 .text.App_OS_IdleTaskHook
                0x080040a4        0x2 ./src/UCOS-CONFIG/os_app_hooks.o
                0x080040a4                App_OS_IdleTaskHook
 .text.App_OS_StatTaskHook
                0x080040a6        0x2 ./src/UCOS-CONFIG/os_app_hooks.o
                0x080040a6                App_OS_StatTaskHook
 .text.App_OS_TaskCreateHook
                0x080040a8        0x2 ./src/UCOS-CONFIG/os_app_hooks.o
                0x080040a8                App_OS_TaskCreateHook
 .text.App_OS_TaskDelHook
                0x080040aa        0x2 ./src/UCOS-CONFIG/os_app_hooks.o
                0x080040aa                App_OS_TaskDelHook
 .text.App_OS_TaskReturnHook
                0x080040ac        0x2 ./src/UCOS-CONFIG/os_app_hooks.o
                0x080040ac                App_OS_TaskReturnHook
 .text.App_OS_TaskSwHook
                0x080040ae        0x2 ./src/UCOS-CONFIG/os_app_hooks.o
                0x080040ae                App_OS_TaskSwHook
 .text.App_OS_TimeTickHook
                0x080040b0        0x2 ./src/UCOS-CONFIG/os_app_hooks.o
                0x080040b0                App_OS_TimeTickHook
 *fill*         0x080040b2        0x2 
 .text.App_OS_SetAllHooks
                0x080040b4       0x7c ./src/UCOS-CONFIG/os_app_hooks.o
                0x080040b4                App_OS_SetAllHooks
 .text.BSP_Init
                0x08004130        0xc ./src/UCOS-BSP/bsp.o
                0x08004130                BSP_Init
 .text.BSP_ClkFreqGet
                0x0800413c       0x2a ./src/UCOS-BSP/bsp_clock.o
                0x0800413c                BSP_ClkFreqGet
 *fill*         0x08004166        0x2 
 .text.BSP_LED_Off
                0x08004168       0x14 ./src/UCOS-BSP/bsp_led.o
                0x08004168                BSP_LED_Off
 .text.BSP_LED_On
                0x0800417c       0x14 ./src/UCOS-BSP/bsp_led.o
                0x0800417c                BSP_LED_On
 .text.BSP_LED_Init
                0x08004190       0x44 ./src/UCOS-BSP/bsp_led.o
                0x08004190                BSP_LED_Init
 .text.BSP_LED_Toggle
                0x080041d4       0x10 ./src/UCOS-BSP/bsp_led.o
                0x080041d4                BSP_LED_Toggle
 .text.BSP_OSTickInit
                0x080041e4        0xe ./src/UCOS-BSP/bsp_os.o
                0x080041e4                BSP_OSTickInit
 .text.HAL_GetTick
                0x080041f2       0x12 ./src/UCOS-BSP/bsp_os.o
                0x080041f2                HAL_GetTick
 .text.CPU_TS_TmrInit
                0x08004204       0x58 ./src/UCOS-BSP/cpu_bsp.o
                0x08004204                CPU_TS_TmrInit
 .text.CPU_TS_TmrRd
                0x0800425c        0xc ./src/UCOS-BSP/cpu_bsp.o
                0x0800425c                CPU_TS_TmrRd
 .text.SystemClock_Config
                0x08004268       0xa0 ./src/_initialize_hardware.o
                0x08004268                SystemClock_Config
 .text.__initialize_hardware
                0x08004308       0x80 ./src/_initialize_hardware.o
                0x08004308                __initialize_hardware
 .text.AppTaskCreate
                0x08004388       0x80 ./src/main.o
 .text.AppTaskStart
                0x08004408       0x36 ./src/main.o
 .text.AppTaskObj1
                0x0800443e       0x20 ./src/main.o
 .text.AppTaskObj0
                0x0800445e       0x20 ./src/main.o
 *fill*         0x0800447e        0x2 
 .text.main     0x08004480       0x68 ./src/main.o
                0x08004480                main
 .text.HAL_MspInit
                0x080044e8        0x2 ./src/stm32f7xx_hal_msp.o
                0x080044e8                HAL_MspInit
 *fill*         0x080044ea        0x2 
 .text.__errno  0x080044ec        0xc d:/program files/gnu tools arm embedded/6 2017-q1-update/bin/../lib/gcc/arm-none-eabi/6.3.1/../../../../arm-none-eabi/lib/thumb/v7e-m\libg_nano.a(lib_a-errno.o)
                0x080044ec                __errno
 .text          0x080044f8       0x10 d:/program files/gnu tools arm embedded/6 2017-q1-update/bin/../lib/gcc/arm-none-eabi/6.3.1/../../../../arm-none-eabi/lib/thumb/v7e-m\libg_nano.a(lib_a-strlen.o)
                0x080044f8                strlen
 .text._vsnprintf_r
                0x08004508       0x58 d:/program files/gnu tools arm embedded/6 2017-q1-update/bin/../lib/gcc/arm-none-eabi/6.3.1/../../../../arm-none-eabi/lib/thumb/v7e-m\libg_nano.a(lib_a-vsnprintf.o)
                0x08004508                _vsniprintf_r
                0x08004508                _vsnprintf_r
 .text.vsnprintf
                0x08004560       0x1c d:/program files/gnu tools arm embedded/6 2017-q1-update/bin/../lib/gcc/arm-none-eabi/6.3.1/../../../../arm-none-eabi/lib/thumb/v7e-m\libg_nano.a(lib_a-vsnprintf.o)
                0x08004560                vsniprintf
                0x08004560                vsnprintf
 .text.__ssputs_r
                0x0800457c       0xb6 d:/program files/gnu tools arm embedded/6 2017-q1-update/bin/../lib/gcc/arm-none-eabi/6.3.1/../../../../arm-none-eabi/lib/thumb/v7e-m\libg_nano.a(lib_a-nano-svfprintf.o)
                0x0800457c                __ssputs_r
 *fill*         0x08004632        0x2 
 .text._svfprintf_r
                0x08004634      0x1e8 d:/program files/gnu tools arm embedded/6 2017-q1-update/bin/../lib/gcc/arm-none-eabi/6.3.1/../../../../arm-none-eabi/lib/thumb/v7e-m\libg_nano.a(lib_a-nano-svfprintf.o)
                0x08004634                _svfiprintf_r
                0x08004634                _svfprintf_r
 .text._printf_common
                0x0800481c       0xec d:/program files/gnu tools arm embedded/6 2017-q1-update/bin/../lib/gcc/arm-none-eabi/6.3.1/../../../../arm-none-eabi/lib/thumb/v7e-m\libg_nano.a(lib_a-nano-vfprintf_i.o)
                0x0800481c                _printf_common
 .text._printf_i
                0x08004908      0x240 d:/program files/gnu tools arm embedded/6 2017-q1-update/bin/../lib/gcc/arm-none-eabi/6.3.1/../../../../arm-none-eabi/lib/thumb/v7e-m\libg_nano.a(lib_a-nano-vfprintf_i.o)
                0x08004908                _printf_i
 *fill*         0x08004b48        0x8 
 .text          0x08004b50       0xa0 d:/program files/gnu tools arm embedded/6 2017-q1-update/bin/../lib/gcc/arm-none-eabi/6.3.1/../../../../arm-none-eabi/lib/thumb/v7e-m\libg_nano.a(lib_a-memchr.o)
                0x08004b50                memchr
 .text.memcpy   0x08004bf0       0x16 d:/program files/gnu tools arm embedded/6 2017-q1-update/bin/../lib/gcc/arm-none-eabi/6.3.1/../../../../arm-none-eabi/lib/thumb/v7e-m\libg_nano.a(lib_a-memcpy-stub.o)
                0x08004bf0                memcpy
 .text.memmove  0x08004c06       0x34 d:/program files/gnu tools arm embedded/6 2017-q1-update/bin/../lib/gcc/arm-none-eabi/6.3.1/../../../../arm-none-eabi/lib/thumb/v7e-m\libg_nano.a(lib_a-memmove.o)
                0x08004c06                memmove
 *fill*         0x08004c3a        0x2 
 .text._free_r  0x08004c3c       0x9c d:/program files/gnu tools arm embedded/6 2017-q1-update/bin/../lib/gcc/arm-none-eabi/6.3.1/../../../../arm-none-eabi/lib/thumb/v7e-m\libg_nano.a(lib_a-nano-freer.o)
                0x08004c3c                _free_r
 .text._malloc_r
                0x08004cd8       0xbc d:/program files/gnu tools arm embedded/6 2017-q1-update/bin/../lib/gcc/arm-none-eabi/6.3.1/../../../../arm-none-eabi/lib/thumb/v7e-m\libg_nano.a(lib_a-nano-mallocr.o)
                0x08004cd8                _malloc_r
 .text._realloc_r
                0x08004d94       0x4c d:/program files/gnu tools arm embedded/6 2017-q1-update/bin/../lib/gcc/arm-none-eabi/6.3.1/../../../../arm-none-eabi/lib/thumb/v7e-m\libg_nano.a(lib_a-nano-reallocr.o)
                0x08004d94                _realloc_r
 .text._sbrk_r  0x08004de0       0x20 d:/program files/gnu tools arm embedded/6 2017-q1-update/bin/../lib/gcc/arm-none-eabi/6.3.1/../../../../arm-none-eabi/lib/thumb/v7e-m\libg_nano.a(lib_a-sbrkr.o)
                0x08004de0                _sbrk_r
 .text.__malloc_lock
                0x08004e00        0x2 d:/program files/gnu tools arm embedded/6 2017-q1-update/bin/../lib/gcc/arm-none-eabi/6.3.1/../../../../arm-none-eabi/lib/thumb/v7e-m\libg_nano.a(lib_a-mlock.o)
                0x08004e00                __malloc_lock
 .text.__malloc_unlock
                0x08004e02        0x2 d:/program files/gnu tools arm embedded/6 2017-q1-update/bin/../lib/gcc/arm-none-eabi/6.3.1/../../../../arm-none-eabi/lib/thumb/v7e-m\libg_nano.a(lib_a-mlock.o)
                0x08004e02                __malloc_unlock
 .text._malloc_usable_size_r
                0x08004e04       0x12 d:/program files/gnu tools arm embedded/6 2017-q1-update/bin/../lib/gcc/arm-none-eabi/6.3.1/../../../../arm-none-eabi/lib/thumb/v7e-m\libg_nano.a(lib_a-nano-msizer.o)
                0x08004e04                _malloc_usable_size_r
 *(.rodata .rodata.* .constdata .constdata.*)
 *fill*         0x08004e16        0x2 
 .rodata.HAL_NVIC_SetPriorityGrouping.str1.4
                0x08004e18       0x31 ./system/src/stm32f7-hal/stm32f7xx_hal_cortex.o
 *fill*         0x08004e49        0x3 
 .rodata.HAL_GPIO_Init.str1.4
                0x08004e4c       0x2f ./system/src/stm32f7-hal/stm32f7xx_hal_gpio.o
 *fill*         0x08004e7b        0x1 
 .rodata.HAL_RCC_OscConfig.str1.4
                0x08004e7c       0x2e ./system/src/stm32f7-hal/stm32f7xx_hal_rcc.o
 *fill*         0x08004eaa        0x2 
 .rodata.abort.str1.4
                0x08004eac       0x14 ./system/src/newlib/_exit.o
 .rodata.assert_failed.str1.4
                0x08004ec0       0x2b ./system/src/newlib/assert.o
 .rodata.trace_puts.str1.4
                0x08004eeb       0x2b ./system/src/diag/Trace.o
                                  0x2 (size before relaxing)
 *fill*         0x08004eeb        0x1 
 .rodata.dumpExceptionStack.str1.4
                0x08004eec      0x11a ./system/src/cortexm/exception_handlers.o
 *fill*         0x08005006        0x2 
 .rodata.str1.4
                0x08005008       0x2a ./system/src/cortexm/exception_handlers.o
 *fill*         0x08005032        0x2 
 .rodata.AHBPrescTable
                0x08005034       0x10 ./system/src/cmsis/system_stm32f7xx.o
                0x08005034                AHBPrescTable
 .rodata.APBPrescTable
                0x08005044        0x8 ./system/src/cmsis/system_stm32f7xx.o
                0x08005044                APBPrescTable
 .rodata.OSCfg_ISRStkBasePtr
                0x0800504c        0x4 ./src/uCOS-III/Source/os_cfg_app.o
                0x0800504c                OSCfg_ISRStkBasePtr
 .rodata.OSCfg_ISRStkSize
                0x08005050        0x4 ./src/uCOS-III/Source/os_cfg_app.o
                0x08005050                OSCfg_ISRStkSize
 .rodata.OSCfg_IdleTaskStkBasePtr
                0x08005054        0x4 ./src/uCOS-III/Source/os_cfg_app.o
                0x08005054                OSCfg_IdleTaskStkBasePtr
 .rodata.OSCfg_IdleTaskStkLimit
                0x08005058        0x4 ./src/uCOS-III/Source/os_cfg_app.o
                0x08005058                OSCfg_IdleTaskStkLimit
 .rodata.OSCfg_IdleTaskStkSize
                0x0800505c        0x4 ./src/uCOS-III/Source/os_cfg_app.o
                0x0800505c                OSCfg_IdleTaskStkSize
 .rodata.OSCfg_MsgPoolBasePtr
                0x08005060        0x4 ./src/uCOS-III/Source/os_cfg_app.o
                0x08005060                OSCfg_MsgPoolBasePtr
 .rodata.OSCfg_MsgPoolSize
                0x08005064        0x2 ./src/uCOS-III/Source/os_cfg_app.o
                0x08005064                OSCfg_MsgPoolSize
 .rodata.OSCfg_StatTaskPrio
                0x08005066        0x1 ./src/uCOS-III/Source/os_cfg_app.o
                0x08005066                OSCfg_StatTaskPrio
 *fill*         0x08005067        0x1 
 .rodata.OSCfg_StatTaskRate_Hz
                0x08005068        0x4 ./src/uCOS-III/Source/os_cfg_app.o
                0x08005068                OSCfg_StatTaskRate_Hz
 .rodata.OSCfg_StatTaskStkBasePtr
                0x0800506c        0x4 ./src/uCOS-III/Source/os_cfg_app.o
                0x0800506c                OSCfg_StatTaskStkBasePtr
 .rodata.OSCfg_StatTaskStkLimit
                0x08005070        0x4 ./src/uCOS-III/Source/os_cfg_app.o
                0x08005070                OSCfg_StatTaskStkLimit
 .rodata.OSCfg_StatTaskStkSize
                0x08005074        0x4 ./src/uCOS-III/Source/os_cfg_app.o
                0x08005074                OSCfg_StatTaskStkSize
 .rodata.OSCfg_StkSizeMin
                0x08005078        0x4 ./src/uCOS-III/Source/os_cfg_app.o
                0x08005078                OSCfg_StkSizeMin
 .rodata.OSCfg_TickRate_Hz
                0x0800507c        0x4 ./src/uCOS-III/Source/os_cfg_app.o
                0x0800507c                OSCfg_TickRate_Hz
 .rodata.OSCfg_TickTaskPrio
                0x08005080        0x1 ./src/uCOS-III/Source/os_cfg_app.o
                0x08005080                OSCfg_TickTaskPrio
 *fill*         0x08005081        0x3 
 .rodata.OSCfg_TickTaskStkBasePtr
                0x08005084        0x4 ./src/uCOS-III/Source/os_cfg_app.o
                0x08005084                OSCfg_TickTaskStkBasePtr
 .rodata.OSCfg_TickTaskStkLimit
                0x08005088        0x4 ./src/uCOS-III/Source/os_cfg_app.o
                0x08005088                OSCfg_TickTaskStkLimit
 .rodata.OSCfg_TickTaskStkSize
                0x0800508c        0x4 ./src/uCOS-III/Source/os_cfg_app.o
                0x0800508c                OSCfg_TickTaskStkSize
 .rodata.OSCfg_TmrTaskPrio
                0x08005090        0x1 ./src/uCOS-III/Source/os_cfg_app.o
                0x08005090                OSCfg_TmrTaskPrio
 *fill*         0x08005091        0x3 
 .rodata.OSCfg_TmrTaskRate_Hz
                0x08005094        0x4 ./src/uCOS-III/Source/os_cfg_app.o
                0x08005094                OSCfg_TmrTaskRate_Hz
 .rodata.OSCfg_TmrTaskStkBasePtr
                0x08005098        0x4 ./src/uCOS-III/Source/os_cfg_app.o
                0x08005098                OSCfg_TmrTaskStkBasePtr
 .rodata.OSCfg_TmrTaskStkLimit
                0x0800509c        0x4 ./src/uCOS-III/Source/os_cfg_app.o
                0x0800509c                OSCfg_TmrTaskStkLimit
 .rodata.OSCfg_TmrTaskStkSize
                0x080050a0        0x4 ./src/uCOS-III/Source/os_cfg_app.o
                0x080050a0                OSCfg_TmrTaskStkSize
 .rodata.OS_IdleTaskInit.str1.4
                0x080050a4       0x14 ./src/uCOS-III/Source/os_core.o
 .rodata.OS_PendDbgNameAdd.str1.4
                0x080050b8       0x16 ./src/uCOS-III/Source/os_core.o
 .rodata.OS_MutexDbgListAdd.str1.4
                0x080050ce        0x2 ./src/uCOS-III/Source/os_mutex.o
 *fill*         0x080050ce        0x2 
 .rodata.OS_StatTaskInit.str1.4
                0x080050d0       0x14 ./src/uCOS-III/Source/os_stat.o
 .rodata.OS_TaskInitTCB.str1.4
                0x080050e4        0x6 ./src/uCOS-III/Source/os_task.o
                                  0xa (size before relaxing)
 *fill*         0x080050ea        0x2 
 .rodata.OS_TickTaskInit.str1.4
                0x080050ec       0x14 ./src/uCOS-III/Source/os_tick.o
 .rodata.OS_TmrInit.str1.4
                0x08005100       0x25 ./src/uCOS-III/Source/os_tmr.o
 *fill*         0x08005125        0x3 
 .rodata.Mem_Init.str1.4
                0x08005128        0x5 ./src/uC-LIB/lib_mem.o
 *fill*         0x0800512d        0x3 
 .rodata.AppTaskCreate.str1.4
                0x08005130       0x16 ./src/main.o
 *fill*         0x08005146        0x2 
 .rodata.main.str1.4
                0x08005148       0x10 ./src/main.o
                                  0xf (size before relaxing)
 .rodata._svfprintf_r.str1.1
                0x08005158       0x11 d:/program files/gnu tools arm embedded/6 2017-q1-update/bin/../lib/gcc/arm-none-eabi/6.3.1/../../../../arm-none-eabi/lib/thumb/v7e-m\libg_nano.a(lib_a-nano-svfprintf.o)
 .rodata._printf_i.str1.1
                0x08005169       0x22 d:/program files/gnu tools arm embedded/6 2017-q1-update/bin/../lib/gcc/arm-none-eabi/6.3.1/../../../../arm-none-eabi/lib/thumb/v7e-m\libg_nano.a(lib_a-nano-vfprintf_i.o)
 *(vtable)
 *(.eh_frame*)
 *(.glue_7)
 .glue_7        0x0800518b        0x0 linker stubs
 *(.glue_7t)
 .glue_7t       0x0800518b        0x0 linker stubs

.vfp11_veneer   0x0800518c        0x0
 .vfp11_veneer  0x0800518c        0x0 linker stubs

.v4_bx          0x0800518c        0x0
 .v4_bx         0x0800518c        0x0 linker stubs

.iplt           0x0800518c        0x0
 .iplt          0x0800518c        0x0 ./system/src/stm32f7-hal/stm32f7xx_hal.o

.rel.dyn        0x0800518c        0x0
 .rel.iplt      0x0800518c        0x0 ./system/src/stm32f7-hal/stm32f7xx_hal.o

.ARM.extab
 *(.ARM.extab* .gnu.linkonce.armextab.*)
                0x0800518c                . = ALIGN (0x4)
                0x0800518c                __exidx_start = .

.ARM.exidx
 *(.ARM.exidx* .gnu.linkonce.armexidx.*)
                0x0800518c                __exidx_end = .
                0x0800518c                . = ALIGN (0x4)
                0x0800518c                _etext = .
                0x0800518c                __etext = .

.data_CCMRAM    0x10000000        0x0 load address 0x0800518c
 FILL mask 0xff
 *(.data.CCMRAM .data.CCMRAM.*)
                0x10000000                . = ALIGN (0x4)
                0x0800518c                _sidata = LOADADDR (.data)

.data           0x20000000       0x78 load address 0x0800518c
 FILL mask 0xff
                0x20000000                _sdata = .
                0x20000000                __data_start__ = .
 *(.data_begin .data_begin.*)
 .data_begin    0x20000000        0x4 ./system/src/newlib/_startup.o
 *(.data .data.*)
 .data.argv.4263
                0x20000004        0x8 ./system/src/newlib/_syscalls.o
 .data.SystemCoreClock
                0x2000000c        0x4 ./system/src/cmsis/system_stm32f7xx.o
                0x2000000c                SystemCoreClock
 .data._impure_ptr
                0x20000010        0x4 d:/program files/gnu tools arm embedded/6 2017-q1-update/bin/../lib/gcc/arm-none-eabi/6.3.1/../../../../arm-none-eabi/lib/thumb/v7e-m\libg_nano.a(lib_a-impure.o)
                0x20000010                _impure_ptr
 .data.impure_data
                0x20000014       0x60 d:/program files/gnu tools arm embedded/6 2017-q1-update/bin/../lib/gcc/arm-none-eabi/6.3.1/../../../../arm-none-eabi/lib/thumb/v7e-m\libg_nano.a(lib_a-impure.o)
 *(.data_end .data_end.*)
 .data_end      0x20000074        0x4 ./system/src/newlib/_startup.o
                0x20000078                . = ALIGN (0x4)
                0x20000078                _edata = .
                0x20000078                __data_end__ = .

.igot.plt       0x20000078        0x0 load address 0x08005204
 .igot.plt      0x20000078        0x0 ./system/src/stm32f7-hal/stm32f7xx_hal.o

.bss_CCMRAM     0x10000000        0x0
 *(.bss.CCMRAM .bss.CCMRAM.*)

.bss            0x20000078     0x253c
                0x20000078                __bss_start__ = .
                0x20000078                _sbss = .
 *(.bss_begin .bss_begin.*)
 .bss_begin     0x20000078        0x4 ./system/src/newlib/_startup.o
 *(.bss .bss.*)
 .bss.current_heap_end.3947
                0x2000007c        0x4 ./system/src/newlib/_sbrk.o
 .bss.name.4262
                0x20000080        0x1 ./system/src/newlib/_syscalls.o
 *fill*         0x20000081        0x3 
 .bss.buf.5152  0x20000084       0x80 ./system/src/diag/Trace.o
 .bss.AppTaskObj0Stk
                0x20000104      0x400 ./src/main.o
 .bss.AppTaskObj0TCB
                0x20000504       0xd4 ./src/main.o
 .bss.AppTaskObj1Stk
                0x200005d8      0x400 ./src/main.o
 .bss.AppTaskObj1TCB
                0x200009d8       0xd4 ./src/main.o
 .bss.AppTaskStartStk
                0x20000aac      0x400 ./src/main.o
 .bss.AppTaskStartTCB
                0x20000eac       0xd4 ./src/main.o
 .bss.__malloc_free_list
                0x20000f80        0x4 d:/program files/gnu tools arm embedded/6 2017-q1-update/bin/../lib/gcc/arm-none-eabi/6.3.1/../../../../arm-none-eabi/lib/thumb/v7e-m\libg_nano.a(lib_a-nano-mallocr.o)
                0x20000f80                __malloc_free_list
 .bss.__malloc_sbrk_start
                0x20000f84        0x4 d:/program files/gnu tools arm embedded/6 2017-q1-update/bin/../lib/gcc/arm-none-eabi/6.3.1/../../../../arm-none-eabi/lib/thumb/v7e-m\libg_nano.a(lib_a-nano-mallocr.o)
                0x20000f84                __malloc_sbrk_start
 *(COMMON)
 COMMON         0x20000f88        0x4 ./system/src/newlib/_syscalls.o
                0x20000f88                errno
 COMMON         0x20000f8c      0xc00 ./src/uCOS-III/Source/os_cfg_app.o
                0x20000f8c                OSCfg_StatTaskStk
                0x2000118c                OSCfg_MsgPool
                0x2000138c                OSCfg_TmrTaskStk
                0x2000158c                OSCfg_ISRStk
                0x2000178c                OSCfg_TickTaskStk
                0x2000198c                OSCfg_IdleTaskStk
 COMMON         0x20001b8c        0x4 ./src/uCOS-III/Source/os_prio.o
                0x20001b8c                OSPrioTbl
 COMMON         0x20001b90      0x5d0 ./src/uCOS-III/Source/os_var.o
                0x20001b90                OSSchedLockNestingCtr
                0x20001b94                OS_AppTaskReturnHookPtr
                0x20001b98                OSStatTaskTimeMax
                0x20001b9c                OSStatTaskCtr
                0x20001ba0                OSTaskRegNextAvailID
                0x20001ba1                OSRunning
                0x20001ba4                OSRdyList
                0x20001d24                OSInitialized
                0x20001d26                OSMonQty
                0x20001d28                OSPrioHighRdy
                0x20001d29                OSStatTaskRdy
                0x20001d2c                OSSemDbgListPtr
                0x20001d30                OS_AppTaskCreateHookPtr
                0x20001d34                OSPrioCur
                0x20001d38                OSTickTaskTCB
                0x20001e0c                OSTmrTickCtr
                0x20001e10                OSTCBCurPtr
                0x20001e14                OSQQty
                0x20001e16                OSStatTaskCPUUsageMax
                0x20001e18                OSTCBHighRdyPtr
                0x20001e1c                OSTaskDbgListPtr
                0x20001e20                OSTmrTaskTimeMax
                0x20001e24                OS_AppTaskDelHookPtr
                0x20001e28                OS_AppTimeTickHookPtr
                0x20001e2c                OSStatTaskCPUUsage
                0x20001e30                OSTaskCtxSwCtr
                0x20001e34                OSIntNestingCtr
                0x20001e36                OSTaskQty
                0x20001e38                OSTmrTaskTCB
                0x20001f0c                OSMsgPool
                0x20001f18                OSIdleTaskTCB
                0x20001fec                OSQDbgListPtr
                0x20001ff0                OSSemQty
                0x20001ff4                OSMemDbgListPtr
                0x20001ff8                OSMonDbgListPtr
                0x20001ffc                OSTmrMutex
                0x2000202c                OS_AppIdleTaskHookPtr
                0x20002030                OSStatTaskCtrMax
                0x20002034                OSTickCtr
                0x20002038                OS_AppTaskSwHookPtr
                0x2000203c                OSTmrQty
                0x20002040                OSIntDisTimeMax
                0x20002044                OSIdleTaskCtr
                0x20002048                OSStatTaskCtrRun
                0x2000204c                OS_AppStatTaskHookPtr
                0x20002050                OSFlagQty
                0x20002054                OSFlagDbgListPtr
                0x20002058                OSStatResetFlag
                0x2000205a                OSMemQty
                0x2000205c                OSMutexQty
                0x20002060                OSStatTaskTCB
                0x20002134                OSTmrListPtr
                0x20002138                OSTmrDbgListPtr
                0x2000213c                OSTickTaskTimeMax
                0x20002140                OSTmrListEntries
                0x20002144                OSTmrUpdateCnt
                0x20002148                OSMutexDbgListPtr
                0x2000214c                OSTickListDly
                0x20002154                OSTmrUpdateCtr
                0x20002158                OSTickListTimeout
 COMMON         0x20002160        0x4 ./src/uCOS-III/Ports/ARM-Cortex-M/ARMv7-M/GNU/os_cpu_c.o
                0x20002160                OS_CPU_ExceptStkBase
 COMMON         0x20002164        0x4 ./src/uC-LIB/lib_math.o
                0x20002164                Math_RandSeedCur
 COMMON         0x20002168      0x418 ./src/uC-LIB/lib_mem.o
                0x20002168                Mem_SegHeap
                0x2000217c                Mem_SegHeadPtr
                0x20002180                Mem_Heap
 COMMON         0x20002580       0x30 ./src/uC-CPU/cpu_core.o
                0x20002580                CPU_IntDisMeasMax_cnts
                0x20002584                CPU_TS_TmrFreq_Hz
                0x20002588                CPU_IntDisMeasStart_cnts
                0x2000258c                CPU_IntDisNestCtr
                0x20002590                CPU_IntDisMeasStop_cnts
                0x20002594                CPU_IntDisMeasMaxCur_cnts
                0x20002598                CPU_IntDisMeasCtr
                0x2000259c                CPU_IntDisMeasOvrhd_cnts
                0x200025a0                CPU_Name
 *(.bss_end .bss_end.*)
 .bss_end       0x200025b0        0x4 ./system/src/newlib/_startup.o
                0x200025b4                . = ALIGN (0x4)
                0x200025b4                __bss_end__ = .
                0x200025b4                _ebss = .

.noinit_CCMRAM
 *(.noinit.CCMRAM .noinit.CCMRAM.*)

.noinit         0x200025b4        0x0
                0x200025b4                _noinit = .
 *(.noinit .noinit.*)
                0x200025b4                . = ALIGN (0x4)
                0x200025b4                _end_noinit = .
                [!provide]                PROVIDE (end, _end_noinit)
                [!provide]                PROVIDE (_end, _end_noinit)
                [!provide]                PROVIDE (__end, _end_noinit)
                [!provide]                PROVIDE (__end__, _end_noinit)

._check_stack   0x200025b4      0x100
                0x200026b4                . = (. + _Minimum_Stack_Size)
 *fill*         0x200025b4      0x100 

.b1text
 *(.b1text)
 *(.b1rodata)
 *(.b1rodata.*)

.eb0text
 *(.eb0text)
 *(.eb0rodata)
 *(.eb0rodata.*)

.eb1text
 *(.eb1text)
 *(.eb1rodata)
 *(.eb1rodata.*)

.eb2text
 *(.eb2text)
 *(.eb2rodata)
 *(.eb2rodata.*)

.eb3text
 *(.eb3text)
 *(.eb3rodata)
 *(.eb3rodata.*)

.stab
 *(.stab)

.stabstr
 *(.stabstr)

.stab.excl
 *(.stab.excl)

.stab.exclstr
 *(.stab.exclstr)

.stab.index
 *(.stab.index)

.stab.indexstr
 *(.stab.indexstr)

.comment        0x00000000       0x7f
 *(.comment)
 .comment       0x00000000       0x7f ./system/src/stm32f7-hal/stm32f7xx_hal.o
                                 0x80 (size before relaxing)
 .comment       0x0000007f       0x80 ./system/src/stm32f7-hal/stm32f7xx_hal_cortex.o
 .comment       0x0000007f       0x80 ./system/src/stm32f7-hal/stm32f7xx_hal_gpio.o
 .comment       0x0000007f       0x80 ./system/src/stm32f7-hal/stm32f7xx_hal_pwr_ex.o
 .comment       0x0000007f       0x80 ./system/src/stm32f7-hal/stm32f7xx_hal_rcc.o
 .comment       0x0000007f       0x80 ./system/src/newlib/_exit.o
 .comment       0x0000007f       0x80 ./system/src/newlib/_sbrk.o
 .comment       0x0000007f       0x80 ./system/src/newlib/_startup.o
 .comment       0x0000007f       0x80 ./system/src/newlib/_syscalls.o
 .comment       0x0000007f       0x80 ./system/src/newlib/assert.o
 .comment       0x0000007f       0x80 ./system/src/diag/Trace.o
 .comment       0x0000007f       0x80 ./system/src/diag/trace_impl.o
 .comment       0x0000007f       0x80 ./system/src/cortexm/_initialize_hardware.o
 .comment       0x0000007f       0x80 ./system/src/cortexm/exception_handlers.o
 .comment       0x0000007f       0x80 ./system/src/cmsis/system_stm32f7xx.o
 .comment       0x0000007f       0x80 ./system/src/cmsis/vectors_stm32f767xx.o
 .comment       0x0000007f       0x80 ./src/uCOS-III/Source/os_cfg_app.o
 .comment       0x0000007f       0x80 ./src/uCOS-III/Source/os_core.o
 .comment       0x0000007f       0x80 ./src/uCOS-III/Source/os_dbg.o
 .comment       0x0000007f       0x80 ./src/uCOS-III/Source/os_mem.o
 .comment       0x0000007f       0x80 ./src/uCOS-III/Source/os_msg.o
 .comment       0x0000007f       0x80 ./src/uCOS-III/Source/os_mutex.o
 .comment       0x0000007f       0x80 ./src/uCOS-III/Source/os_prio.o
 .comment       0x0000007f       0x80 ./src/uCOS-III/Source/os_stat.o
 .comment       0x0000007f       0x80 ./src/uCOS-III/Source/os_task.o
 .comment       0x0000007f       0x80 ./src/uCOS-III/Source/os_tick.o
 .comment       0x0000007f       0x80 ./src/uCOS-III/Source/os_time.o
 .comment       0x0000007f       0x80 ./src/uCOS-III/Source/os_tmr.o
 .comment       0x0000007f       0x80 ./src/uCOS-III/Source/os_var.o
 .comment       0x0000007f       0x80 ./src/uCOS-III/Ports/ARM-Cortex-M/ARMv7-M/GNU/os_cpu_c.o
 .comment       0x0000007f       0x80 ./src/uC-LIB/lib_math.o
 .comment       0x0000007f       0x80 ./src/uC-LIB/lib_mem.o
 .comment       0x0000007f       0x80 ./src/uC-CPU/cpu_core.o
 .comment       0x0000007f       0x80 ./src/UCOS-CONFIG/os_app_hooks.o
 .comment       0x0000007f       0x80 ./src/UCOS-BSP/bsp.o
 .comment       0x0000007f       0x80 ./src/UCOS-BSP/bsp_clock.o
 .comment       0x0000007f       0x80 ./src/UCOS-BSP/bsp_led.o
 .comment       0x0000007f       0x80 ./src/UCOS-BSP/bsp_os.o
 .comment       0x0000007f       0x80 ./src/UCOS-BSP/cpu_bsp.o
 .comment       0x0000007f       0x80 ./src/_initialize_hardware.o
 .comment       0x0000007f       0x80 ./src/main.o
 .comment       0x0000007f       0x80 ./src/stm32f7xx_hal_msp.o

.ARM.attributes
                0x00000000       0x31
 .ARM.attributes
                0x00000000       0x33 ./system/src/stm32f7-hal/stm32f7xx_hal.o
 .ARM.attributes
                0x00000033       0x33 ./system/src/stm32f7-hal/stm32f7xx_hal_cortex.o
 .ARM.attributes
                0x00000066       0x33 ./system/src/stm32f7-hal/stm32f7xx_hal_gpio.o
 .ARM.attributes
                0x00000099       0x33 ./system/src/stm32f7-hal/stm32f7xx_hal_pwr_ex.o
 .ARM.attributes
                0x000000cc       0x33 ./system/src/stm32f7-hal/stm32f7xx_hal_rcc.o
 .ARM.attributes
                0x000000ff       0x33 ./system/src/newlib/_exit.o
 .ARM.attributes
                0x00000132       0x33 ./system/src/newlib/_sbrk.o
 .ARM.attributes
                0x00000165       0x33 ./system/src/newlib/_startup.o
 .ARM.attributes
                0x00000198       0x33 ./system/src/newlib/_syscalls.o
 .ARM.attributes
                0x000001cb       0x33 ./system/src/newlib/assert.o
 .ARM.attributes
                0x000001fe       0x33 ./system/src/diag/Trace.o
 .ARM.attributes
                0x00000231       0x33 ./system/src/diag/trace_impl.o
 .ARM.attributes
                0x00000264       0x33 ./system/src/cortexm/_initialize_hardware.o
 .ARM.attributes
                0x00000297       0x33 ./system/src/cortexm/exception_handlers.o
 .ARM.attributes
                0x000002ca       0x33 ./system/src/cmsis/system_stm32f7xx.o
 .ARM.attributes
                0x000002fd       0x33 ./system/src/cmsis/vectors_stm32f767xx.o
 .ARM.attributes
                0x00000330       0x33 ./src/uCOS-III/Source/os_cfg_app.o
 .ARM.attributes
                0x00000363       0x33 ./src/uCOS-III/Source/os_core.o
 .ARM.attributes
                0x00000396       0x33 ./src/uCOS-III/Source/os_dbg.o
 .ARM.attributes
                0x000003c9       0x33 ./src/uCOS-III/Source/os_mem.o
 .ARM.attributes
                0x000003fc       0x33 ./src/uCOS-III/Source/os_msg.o
 .ARM.attributes
                0x0000042f       0x33 ./src/uCOS-III/Source/os_mutex.o
 .ARM.attributes
                0x00000462       0x33 ./src/uCOS-III/Source/os_prio.o
 .ARM.attributes
                0x00000495       0x33 ./src/uCOS-III/Source/os_stat.o
 .ARM.attributes
                0x000004c8       0x33 ./src/uCOS-III/Source/os_task.o
 .ARM.attributes
                0x000004fb       0x33 ./src/uCOS-III/Source/os_tick.o
 .ARM.attributes
                0x0000052e       0x33 ./src/uCOS-III/Source/os_time.o
 .ARM.attributes
                0x00000561       0x33 ./src/uCOS-III/Source/os_tmr.o
 .ARM.attributes
                0x00000594       0x33 ./src/uCOS-III/Source/os_var.o
 .ARM.attributes
                0x000005c7       0x21 ./src/uCOS-III/Ports/ARM-Cortex-M/ARMv7-M/GNU/os_cpu_a.o
 .ARM.attributes
                0x000005e8       0x33 ./src/uCOS-III/Ports/ARM-Cortex-M/ARMv7-M/GNU/os_cpu_c.o
 .ARM.attributes
                0x0000061b       0x33 ./src/uC-LIB/lib_math.o
 .ARM.attributes
                0x0000064e       0x33 ./src/uC-LIB/lib_mem.o
 .ARM.attributes
                0x00000681       0x21 ./src/uC-CPU/ARM-Cortex-M4/GNU/cpu_a.o
 .ARM.attributes
                0x000006a2       0x33 ./src/uC-CPU/cpu_core.o
 .ARM.attributes
                0x000006d5       0x33 ./src/UCOS-CONFIG/os_app_hooks.o
 .ARM.attributes
                0x00000708       0x33 ./src/UCOS-BSP/bsp.o
 .ARM.attributes
                0x0000073b       0x33 ./src/UCOS-BSP/bsp_clock.o
 .ARM.attributes
                0x0000076e       0x33 ./src/UCOS-BSP/bsp_led.o
 .ARM.attributes
                0x000007a1       0x33 ./src/UCOS-BSP/bsp_os.o
 .ARM.attributes
                0x000007d4       0x33 ./src/UCOS-BSP/cpu_bsp.o
 .ARM.attributes
                0x00000807       0x33 ./src/_initialize_hardware.o
 .ARM.attributes
                0x0000083a       0x33 ./src/main.o
 .ARM.attributes
                0x0000086d       0x21 ./src/startup_stm32f767xx.o
 .ARM.attributes
                0x0000088e       0x33 ./src/stm32f7xx_hal_msp.o
 .ARM.attributes
                0x000008c1       0x2e d:/program files/gnu tools arm embedded/6 2017-q1-update/bin/../lib/gcc/arm-none-eabi/6.3.1/../../../../arm-none-eabi/lib/thumb/v7e-m\libg_nano.a(lib_a-errno.o)
 .ARM.attributes
                0x000008ef       0x2e d:/program files/gnu tools arm embedded/6 2017-q1-update/bin/../lib/gcc/arm-none-eabi/6.3.1/../../../../arm-none-eabi/lib/thumb/v7e-m\libg_nano.a(lib_a-impure.o)
 .ARM.attributes
                0x0000091d       0x17 d:/program files/gnu tools arm embedded/6 2017-q1-update/bin/../lib/gcc/arm-none-eabi/6.3.1/../../../../arm-none-eabi/lib/thumb/v7e-m\libg_nano.a(lib_a-strlen.o)
 .ARM.attributes
                0x00000934       0x2e d:/program files/gnu tools arm embedded/6 2017-q1-update/bin/../lib/gcc/arm-none-eabi/6.3.1/../../../../arm-none-eabi/lib/thumb/v7e-m\libg_nano.a(lib_a-vsnprintf.o)
 .ARM.attributes
                0x00000962       0x2e d:/program files/gnu tools arm embedded/6 2017-q1-update/bin/../lib/gcc/arm-none-eabi/6.3.1/../../../../arm-none-eabi/lib/thumb/v7e-m\libg_nano.a(lib_a-nano-svfprintf.o)
 .ARM.attributes
                0x00000990       0x2e d:/program files/gnu tools arm embedded/6 2017-q1-update/bin/../lib/gcc/arm-none-eabi/6.3.1/../../../../arm-none-eabi/lib/thumb/v7e-m\libg_nano.a(lib_a-nano-vfprintf_i.o)
 .ARM.attributes
                0x000009be       0x1c d:/program files/gnu tools arm embedded/6 2017-q1-update/bin/../lib/gcc/arm-none-eabi/6.3.1/../../../../arm-none-eabi/lib/thumb/v7e-m\libg_nano.a(lib_a-memchr.o)
 .ARM.attributes
                0x000009da       0x2e d:/program files/gnu tools arm embedded/6 2017-q1-update/bin/../lib/gcc/arm-none-eabi/6.3.1/../../../../arm-none-eabi/lib/thumb/v7e-m\libg_nano.a(lib_a-memcpy-stub.o)
 .ARM.attributes
                0x00000a08       0x2e d:/program files/gnu tools arm embedded/6 2017-q1-update/bin/../lib/gcc/arm-none-eabi/6.3.1/../../../../arm-none-eabi/lib/thumb/v7e-m\libg_nano.a(lib_a-memmove.o)
 .ARM.attributes
                0x00000a36       0x2e d:/program files/gnu tools arm embedded/6 2017-q1-update/bin/../lib/gcc/arm-none-eabi/6.3.1/../../../../arm-none-eabi/lib/thumb/v7e-m\libg_nano.a(lib_a-nano-freer.o)
 .ARM.attributes
                0x00000a64       0x2e d:/program files/gnu tools arm embedded/6 2017-q1-update/bin/../lib/gcc/arm-none-eabi/6.3.1/../../../../arm-none-eabi/lib/thumb/v7e-m\libg_nano.a(lib_a-nano-mallocr.o)
 .ARM.attributes
                0x00000a92       0x2e d:/program files/gnu tools arm embedded/6 2017-q1-update/bin/../lib/gcc/arm-none-eabi/6.3.1/../../../../arm-none-eabi/lib/thumb/v7e-m\libg_nano.a(lib_a-nano-reallocr.o)
 .ARM.attributes
                0x00000ac0       0x2e d:/program files/gnu tools arm embedded/6 2017-q1-update/bin/../lib/gcc/arm-none-eabi/6.3.1/../../../../arm-none-eabi/lib/thumb/v7e-m\libg_nano.a(lib_a-sbrkr.o)
 .ARM.attributes
                0x00000aee       0x2e d:/program files/gnu tools arm embedded/6 2017-q1-update/bin/../lib/gcc/arm-none-eabi/6.3.1/../../../../arm-none-eabi/lib/thumb/v7e-m\libg_nano.a(lib_a-mlock.o)
 .ARM.attributes
                0x00000b1c       0x2e d:/program files/gnu tools arm embedded/6 2017-q1-update/bin/../lib/gcc/arm-none-eabi/6.3.1/../../../../arm-none-eabi/lib/thumb/v7e-m\libg_nano.a(lib_a-nano-msizer.o)

.debug
 *(.debug)

.line
 *(.line)

.debug_srcinfo
 *(.debug_srcinfo)

.debug_sfnames
 *(.debug_sfnames)

.debug_aranges  0x00000000      0xe68
 *(.debug_aranges)
 .debug_aranges
                0x00000000       0xe0 ./system/src/stm32f7-hal/stm32f7xx_hal.o
 .debug_aranges
                0x000000e0       0x98 ./system/src/stm32f7-hal/stm32f7xx_hal_cortex.o
 .debug_aranges
                0x00000178       0x58 ./system/src/stm32f7-hal/stm32f7xx_hal_gpio.o
 .debug_aranges
                0x000001d0       0x80 ./system/src/stm32f7-hal/stm32f7xx_hal_pwr_ex.o
 .debug_aranges
                0x00000250       0x88 ./system/src/stm32f7-hal/stm32f7xx_hal_rcc.o
 .debug_aranges
                0x000002d8       0x28 ./system/src/newlib/_exit.o
 .debug_aranges
                0x00000300       0x20 ./system/src/newlib/_sbrk.o
 .debug_aranges
                0x00000320       0x40 ./system/src/newlib/_startup.o
 .debug_aranges
                0x00000360       0x30 ./system/src/newlib/_syscalls.o
 .debug_aranges
                0x00000390       0x28 ./system/src/newlib/assert.o
 .debug_aranges
                0x000003b8       0x38 ./system/src/diag/Trace.o
 .debug_aranges
                0x000003f0       0x30 ./system/src/diag/trace_impl.o
 .debug_aranges
                0x00000420       0x28 ./system/src/cortexm/_initialize_hardware.o
 .debug_aranges
                0x00000448       0x80 ./system/src/cortexm/exception_handlers.o
 .debug_aranges
                0x000004c8       0x28 ./system/src/cmsis/system_stm32f7xx.o
 .debug_aranges
                0x000004f0       0x20 ./system/src/cmsis/vectors_stm32f767xx.o
 .debug_aranges
                0x00000510       0x20 ./src/uCOS-III/Source/os_cfg_app.o
 .debug_aranges
                0x00000530       0xe8 ./src/uCOS-III/Source/os_core.o
 .debug_aranges
                0x00000618       0x20 ./src/uCOS-III/Source/os_dbg.o
 .debug_aranges
                0x00000638       0x40 ./src/uCOS-III/Source/os_mem.o
 .debug_aranges
                0x00000678       0x40 ./src/uCOS-III/Source/os_msg.o
 .debug_aranges
                0x000006b8       0x68 ./src/uCOS-III/Source/os_mutex.o
 .debug_aranges
                0x00000720       0x38 ./src/uCOS-III/Source/os_prio.o
 .debug_aranges
                0x00000758       0x38 ./src/uCOS-III/Source/os_stat.o
 .debug_aranges
                0x00000790       0xc0 ./src/uCOS-III/Source/os_task.o
 .debug_aranges
                0x00000850       0x50 ./src/uCOS-III/Source/os_tick.o
 .debug_aranges
                0x000008a0       0x40 ./src/uCOS-III/Source/os_time.o
 .debug_aranges
                0x000008e0       0x88 ./src/uCOS-III/Source/os_tmr.o
 .debug_aranges
                0x00000968       0x18 ./src/uCOS-III/Source/os_var.o
 .debug_aranges
                0x00000980       0x20 ./src/uCOS-III/Ports/ARM-Cortex-M/ARMv7-M/GNU/os_cpu_a.o
 .debug_aranges
                0x000009a0       0x78 ./src/uCOS-III/Ports/ARM-Cortex-M/ARMv7-M/GNU/os_cpu_c.o
 .debug_aranges
                0x00000a18       0x38 ./src/uC-LIB/lib_math.o
 .debug_aranges
                0x00000a50       0xf8 ./src/uC-LIB/lib_mem.o
 .debug_aranges
                0x00000b48       0x20 ./src/uC-CPU/ARM-Cortex-M4/GNU/cpu_a.o
 .debug_aranges
                0x00000b68       0xf8 ./src/uC-CPU/cpu_core.o
 .debug_aranges
                0x00000c60       0x60 ./src/UCOS-CONFIG/os_app_hooks.o
 .debug_aranges
                0x00000cc0       0x20 ./src/UCOS-BSP/bsp.o
 .debug_aranges
                0x00000ce0       0x28 ./src/UCOS-BSP/bsp_clock.o
 .debug_aranges
                0x00000d08       0x38 ./src/UCOS-BSP/bsp_led.o
 .debug_aranges
                0x00000d40       0x28 ./src/UCOS-BSP/bsp_os.o
 .debug_aranges
                0x00000d68       0x30 ./src/UCOS-BSP/cpu_bsp.o
 .debug_aranges
                0x00000d98       0x30 ./src/_initialize_hardware.o
 .debug_aranges
                0x00000dc8       0x40 ./src/main.o
 .debug_aranges
                0x00000e08       0x28 ./src/startup_stm32f767xx.o
 .debug_aranges
                0x00000e30       0x38 ./src/stm32f7xx_hal_msp.o

.debug_pubnames
 *(.debug_pubnames)

.debug_info     0x00000000    0x31bd6
 *(.debug_info .gnu.linkonce.wi.*)
 .debug_info    0x00000000     0x122d ./system/src/stm32f7-hal/stm32f7xx_hal.o
 .debug_info    0x0000122d     0x1ba7 ./system/src/stm32f7-hal/stm32f7xx_hal_cortex.o
 .debug_info    0x00002dd4     0x110b ./system/src/stm32f7-hal/stm32f7xx_hal_gpio.o
 .debug_info    0x00003edf     0x1291 ./system/src/stm32f7-hal/stm32f7xx_hal_pwr_ex.o
 .debug_info    0x00005170     0x17a3 ./system/src/stm32f7-hal/stm32f7xx_hal_rcc.o
 .debug_info    0x00006913      0x95d ./system/src/newlib/_exit.o
 .debug_info    0x00007270      0x949 ./system/src/newlib/_sbrk.o
 .debug_info    0x00007bb9      0x4ca ./system/src/newlib/_startup.o
 .debug_info    0x00008083      0xa20 ./system/src/newlib/_syscalls.o
 .debug_info    0x00008aa3      0xa06 ./system/src/newlib/assert.o
 .debug_info    0x000094a9      0xb31 ./system/src/diag/Trace.o
 .debug_info    0x00009fda      0xbc5 ./system/src/diag/trace_impl.o
 .debug_info    0x0000ab9f      0xcec ./system/src/cortexm/_initialize_hardware.o
 .debug_info    0x0000b88b     0x1343 ./system/src/cortexm/exception_handlers.o
 .debug_info    0x0000cbce      0xef8 ./system/src/cmsis/system_stm32f7xx.o
 .debug_info    0x0000dac6     0x11d5 ./system/src/cmsis/vectors_stm32f767xx.o
 .debug_info    0x0000ec9b     0x135a ./src/uCOS-III/Source/os_cfg_app.o
 .debug_info    0x0000fff5     0x21b3 ./src/uCOS-III/Source/os_core.o
 .debug_info    0x000121a8     0x1659 ./src/uCOS-III/Source/os_dbg.o
 .debug_info    0x00013801     0x18fb ./src/uCOS-III/Source/os_mem.o
 .debug_info    0x000150fc     0x1809 ./src/uCOS-III/Source/os_msg.o
 .debug_info    0x00016905     0x1d64 ./src/uCOS-III/Source/os_mutex.o
 .debug_info    0x00018669     0x1293 ./src/uCOS-III/Source/os_prio.o
 .debug_info    0x000198fc     0x1c6e ./src/uCOS-III/Source/os_stat.o
 .debug_info    0x0001b56a     0x2adf ./src/uCOS-III/Source/os_task.o
 .debug_info    0x0001e049     0x1af6 ./src/uCOS-III/Source/os_tick.o
 .debug_info    0x0001fb3f     0x19f7 ./src/uCOS-III/Source/os_time.o
 .debug_info    0x00021536     0x1cef ./src/uCOS-III/Source/os_tmr.o
 .debug_info    0x00023225     0x12d1 ./src/uCOS-III/Source/os_var.o
 .debug_info    0x000244f6       0x82 ./src/uCOS-III/Ports/ARM-Cortex-M/ARMv7-M/GNU/os_cpu_a.o
 .debug_info    0x00024578     0x1491 ./src/uCOS-III/Ports/ARM-Cortex-M/ARMv7-M/GNU/os_cpu_c.o
 .debug_info    0x00025a09      0x2c2 ./src/uC-LIB/lib_math.o
 .debug_info    0x00025ccb     0x19d9 ./src/uC-LIB/lib_mem.o
 .debug_info    0x000276a4       0x70 ./src/uC-CPU/ARM-Cortex-M4/GNU/cpu_a.o
 .debug_info    0x00027714      0xa8b ./src/uC-CPU/cpu_core.o
 .debug_info    0x0002819f     0x12fb ./src/UCOS-CONFIG/os_app_hooks.o
 .debug_info    0x0002949a      0xa20 ./src/UCOS-BSP/bsp.o
 .debug_info    0x00029eba      0xc89 ./src/UCOS-BSP/bsp_clock.o
 .debug_info    0x0002ab43      0xe1b ./src/UCOS-BSP/bsp_led.o
 .debug_info    0x0002b95e     0x1f99 ./src/UCOS-BSP/bsp_os.o
 .debug_info    0x0002d8f7      0x26c ./src/UCOS-BSP/cpu_bsp.o
 .debug_info    0x0002db63     0x1260 ./src/_initialize_hardware.o
 .debug_info    0x0002edc3     0x244c ./src/main.o
 .debug_info    0x0003120f       0x61 ./src/startup_stm32f767xx.o
 .debug_info    0x00031270      0x966 ./src/stm32f7xx_hal_msp.o

.debug_abbrev   0x00000000     0x5a38
 *(.debug_abbrev)
 .debug_abbrev  0x00000000      0x2c7 ./system/src/stm32f7-hal/stm32f7xx_hal.o
 .debug_abbrev  0x000002c7      0x3ef ./system/src/stm32f7-hal/stm32f7xx_hal_cortex.o
 .debug_abbrev  0x000006b6      0x2dc ./system/src/stm32f7-hal/stm32f7xx_hal_gpio.o
 .debug_abbrev  0x00000992      0x30e ./system/src/stm32f7-hal/stm32f7xx_hal_pwr_ex.o
 .debug_abbrev  0x00000ca0      0x347 ./system/src/stm32f7-hal/stm32f7xx_hal_rcc.o
 .debug_abbrev  0x00000fe7      0x1f3 ./system/src/newlib/_exit.o
 .debug_abbrev  0x000011da      0x1fc ./system/src/newlib/_sbrk.o
 .debug_abbrev  0x000013d6      0x1c4 ./system/src/newlib/_startup.o
 .debug_abbrev  0x0000159a      0x234 ./system/src/newlib/_syscalls.o
 .debug_abbrev  0x000017ce      0x1f3 ./system/src/newlib/assert.o
 .debug_abbrev  0x000019c1      0x276 ./system/src/diag/Trace.o
 .debug_abbrev  0x00001c37      0x2ef ./system/src/diag/trace_impl.o
 .debug_abbrev  0x00001f26      0x1eb ./system/src/cortexm/_initialize_hardware.o
 .debug_abbrev  0x00002111      0x336 ./system/src/cortexm/exception_handlers.o
 .debug_abbrev  0x00002447      0x212 ./system/src/cmsis/system_stm32f7xx.o
 .debug_abbrev  0x00002659      0x10f ./system/src/cmsis/vectors_stm32f767xx.o
 .debug_abbrev  0x00002768      0x11c ./src/uCOS-III/Source/os_cfg_app.o
 .debug_abbrev  0x00002884      0x256 ./src/uCOS-III/Source/os_core.o
 .debug_abbrev  0x00002ada      0x11e ./src/uCOS-III/Source/os_dbg.o
 .debug_abbrev  0x00002bf8      0x1f3 ./src/uCOS-III/Source/os_mem.o
 .debug_abbrev  0x00002deb      0x1f8 ./src/uCOS-III/Source/os_msg.o
 .debug_abbrev  0x00002fe3      0x211 ./src/uCOS-III/Source/os_mutex.o
 .debug_abbrev  0x000031f4      0x190 ./src/uCOS-III/Source/os_prio.o
 .debug_abbrev  0x00003384      0x1f5 ./src/uCOS-III/Source/os_stat.o
 .debug_abbrev  0x00003579      0x22f ./src/uCOS-III/Source/os_task.o
 .debug_abbrev  0x000037a8      0x22b ./src/uCOS-III/Source/os_tick.o
 .debug_abbrev  0x000039d3      0x1f3 ./src/uCOS-III/Source/os_time.o
 .debug_abbrev  0x00003bc6      0x234 ./src/uCOS-III/Source/os_tmr.o
 .debug_abbrev  0x00003dfa       0xf3 ./src/uCOS-III/Source/os_var.o
 .debug_abbrev  0x00003eed       0x14 ./src/uCOS-III/Ports/ARM-Cortex-M/ARMv7-M/GNU/os_cpu_a.o
 .debug_abbrev  0x00003f01      0x257 ./src/uCOS-III/Ports/ARM-Cortex-M/ARMv7-M/GNU/os_cpu_c.o
 .debug_abbrev  0x00004158      0x14d ./src/uC-LIB/lib_math.o
 .debug_abbrev  0x000042a5      0x235 ./src/uC-LIB/lib_mem.o
 .debug_abbrev  0x000044da       0x14 ./src/uC-CPU/ARM-Cortex-M4/GNU/cpu_a.o
 .debug_abbrev  0x000044ee      0x218 ./src/uC-CPU/cpu_core.o
 .debug_abbrev  0x00004706      0x181 ./src/UCOS-CONFIG/os_app_hooks.o
 .debug_abbrev  0x00004887      0x1cf ./src/UCOS-BSP/bsp.o
 .debug_abbrev  0x00004a56      0x276 ./src/UCOS-BSP/bsp_clock.o
 .debug_abbrev  0x00004ccc      0x238 ./src/UCOS-BSP/bsp_led.o
 .debug_abbrev  0x00004f04      0x286 ./src/UCOS-BSP/bsp_os.o
 .debug_abbrev  0x0000518a      0x16e ./src/UCOS-BSP/cpu_bsp.o
 .debug_abbrev  0x000052f8      0x299 ./src/_initialize_hardware.o
 .debug_abbrev  0x00005591      0x2e4 ./src/main.o
 .debug_abbrev  0x00005875       0x12 ./src/startup_stm32f767xx.o
 .debug_abbrev  0x00005887      0x1b1 ./src/stm32f7xx_hal_msp.o

.debug_line     0x00000000    0x117b3
 *(.debug_line)
 .debug_line    0x00000000      0xc2e ./system/src/stm32f7-hal/stm32f7xx_hal.o
 .debug_line    0x00000c2e      0xcf3 ./system/src/stm32f7-hal/stm32f7xx_hal_cortex.o
 .debug_line    0x00001921      0xcc8 ./system/src/stm32f7-hal/stm32f7xx_hal_gpio.o
 .debug_line    0x000025e9      0xbcf ./system/src/stm32f7-hal/stm32f7xx_hal_pwr_ex.o
 .debug_line    0x000031b8      0xe8a ./system/src/stm32f7-hal/stm32f7xx_hal_rcc.o
 .debug_line    0x00004042      0x350 ./system/src/newlib/_exit.o
 .debug_line    0x00004392      0x304 ./system/src/newlib/_sbrk.o
 .debug_line    0x00004696      0x3cc ./system/src/newlib/_startup.o
 .debug_line    0x00004a62      0x41c ./system/src/newlib/_syscalls.o
 .debug_line    0x00004e7e      0x38b ./system/src/newlib/assert.o
 .debug_line    0x00005209      0x3be ./system/src/diag/Trace.o
 .debug_line    0x000055c7      0xb28 ./system/src/diag/trace_impl.o
 .debug_line    0x000060ef      0xa90 ./system/src/cortexm/_initialize_hardware.o
 .debug_line    0x00006b7f      0xbcc ./system/src/cortexm/exception_handlers.o
 .debug_line    0x0000774b      0xa96 ./system/src/cmsis/system_stm32f7xx.o
 .debug_line    0x000081e1      0x2dd ./system/src/cmsis/vectors_stm32f767xx.o
 .debug_line    0x000084be      0x1ff ./src/uCOS-III/Source/os_cfg_app.o
 .debug_line    0x000086bd      0x586 ./src/uCOS-III/Source/os_core.o
 .debug_line    0x00008c43      0x1fb ./src/uCOS-III/Source/os_dbg.o
 .debug_line    0x00008e3e      0x2bb ./src/uCOS-III/Source/os_mem.o
 .debug_line    0x000090f9      0x2d9 ./src/uCOS-III/Source/os_msg.o
 .debug_line    0x000093d2      0x399 ./src/uCOS-III/Source/os_mutex.o
 .debug_line    0x0000976b      0x24c ./src/uCOS-III/Source/os_prio.o
 .debug_line    0x000099b7      0x30f ./src/uCOS-III/Source/os_stat.o
 .debug_line    0x00009cc6      0x6cd ./src/uCOS-III/Source/os_task.o
 .debug_line    0x0000a393      0x36f ./src/uCOS-III/Source/os_tick.o
 .debug_line    0x0000a702      0x2cc ./src/uCOS-III/Source/os_time.o
 .debug_line    0x0000a9ce      0x488 ./src/uCOS-III/Source/os_tmr.o
 .debug_line    0x0000ae56      0x1eb ./src/uCOS-III/Source/os_var.o
 .debug_line    0x0000b041       0xb9 ./src/uCOS-III/Ports/ARM-Cortex-M/ARMv7-M/GNU/os_cpu_a.o
 .debug_line    0x0000b0fa      0x331 ./src/uCOS-III/Ports/ARM-Cortex-M/ARMv7-M/GNU/os_cpu_c.o
 .debug_line    0x0000b42b      0x1ae ./src/uC-LIB/lib_math.o
 .debug_line    0x0000b5d9      0x5da ./src/uC-LIB/lib_mem.o
 .debug_line    0x0000bbb3       0x77 ./src/uC-CPU/ARM-Cortex-M4/GNU/cpu_a.o
 .debug_line    0x0000bc2a      0x41d ./src/uC-CPU/cpu_core.o
 .debug_line    0x0000c047      0x2ce ./src/UCOS-CONFIG/os_app_hooks.o
 .debug_line    0x0000c315      0xbba ./src/UCOS-BSP/bsp.o
 .debug_line    0x0000cecf      0xbc8 ./src/UCOS-BSP/bsp_clock.o
 .debug_line    0x0000da97      0xbcf ./src/UCOS-BSP/bsp_led.o
 .debug_line    0x0000e666      0xc66 ./src/UCOS-BSP/bsp_os.o
 .debug_line    0x0000f2cc      0x1a2 ./src/UCOS-BSP/cpu_bsp.o
 .debug_line    0x0000f46e      0xafc ./src/_initialize_hardware.o
 .debug_line    0x0000ff6a      0xd31 ./src/main.o
 .debug_line    0x00010c9b       0x7b ./src/startup_stm32f767xx.o
 .debug_line    0x00010d16      0xa9d ./src/stm32f7xx_hal_msp.o

.debug_frame    0x00000000     0x248c
 *(.debug_frame)
 .debug_frame   0x00000000      0x1c8 ./system/src/stm32f7-hal/stm32f7xx_hal.o
 .debug_frame   0x000001c8      0x17c ./system/src/stm32f7-hal/stm32f7xx_hal_cortex.o
 .debug_frame   0x00000344       0xfc ./system/src/stm32f7-hal/stm32f7xx_hal_gpio.o
 .debug_frame   0x00000440      0x138 ./system/src/stm32f7-hal/stm32f7xx_hal_pwr_ex.o
 .debug_frame   0x00000578      0x140 ./system/src/stm32f7-hal/stm32f7xx_hal_rcc.o
 .debug_frame   0x000006b8       0x38 ./system/src/newlib/_exit.o
 .debug_frame   0x000006f0       0x28 ./system/src/newlib/_sbrk.o
 .debug_frame   0x00000718       0x7c ./system/src/newlib/_startup.o
 .debug_frame   0x00000794       0x50 ./system/src/newlib/_syscalls.o
 .debug_frame   0x000007e4       0x40 ./system/src/newlib/assert.o
 .debug_frame   0x00000824       0x94 ./system/src/diag/Trace.o
 .debug_frame   0x000008b8       0x64 ./system/src/diag/trace_impl.o
 .debug_frame   0x0000091c       0x40 ./system/src/cortexm/_initialize_hardware.o
 .debug_frame   0x0000095c      0x138 ./system/src/cortexm/exception_handlers.o
 .debug_frame   0x00000a94       0x30 ./system/src/cmsis/system_stm32f7xx.o
 .debug_frame   0x00000ac4       0x20 ./system/src/cmsis/vectors_stm32f767xx.o
 .debug_frame   0x00000ae4       0x20 ./src/uCOS-III/Source/os_cfg_app.o
 .debug_frame   0x00000b04      0x298 ./src/uCOS-III/Source/os_core.o
 .debug_frame   0x00000d9c       0x20 ./src/uCOS-III/Source/os_dbg.o
 .debug_frame   0x00000dbc       0x94 ./src/uCOS-III/Source/os_mem.o
 .debug_frame   0x00000e50       0xa4 ./src/uCOS-III/Source/os_msg.o
 .debug_frame   0x00000ef4      0x110 ./src/uCOS-III/Source/os_mutex.o
 .debug_frame   0x00001004       0x58 ./src/uCOS-III/Source/os_prio.o
 .debug_frame   0x0000105c       0xa4 ./src/uCOS-III/Source/os_stat.o
 .debug_frame   0x00001100      0x28c ./src/uCOS-III/Source/os_task.o
 .debug_frame   0x0000138c       0xf4 ./src/uCOS-III/Source/os_tick.o
 .debug_frame   0x00001480       0xa4 ./src/uCOS-III/Source/os_time.o
 .debug_frame   0x00001524      0x180 ./src/uCOS-III/Source/os_tmr.o
 .debug_frame   0x000016a4      0x124 ./src/uCOS-III/Ports/ARM-Cortex-M/ARMv7-M/GNU/os_cpu_c.o
 .debug_frame   0x000017c8       0x70 ./src/uC-LIB/lib_math.o
 .debug_frame   0x00001838      0x394 ./src/uC-LIB/lib_mem.o
 .debug_frame   0x00001bcc      0x288 ./src/uC-CPU/cpu_core.o
 .debug_frame   0x00001e54       0xb0 ./src/UCOS-CONFIG/os_app_hooks.o
 .debug_frame   0x00001f04       0x28 ./src/UCOS-BSP/bsp.o
 .debug_frame   0x00001f2c       0x44 ./src/UCOS-BSP/bsp_clock.o
 .debug_frame   0x00001f70       0x74 ./src/UCOS-BSP/bsp_led.o
 .debug_frame   0x00001fe4       0x44 ./src/UCOS-BSP/bsp_os.o
 .debug_frame   0x00002028       0x54 ./src/UCOS-BSP/cpu_bsp.o
 .debug_frame   0x0000207c       0x60 ./src/_initialize_hardware.o
 .debug_frame   0x000020dc       0x98 ./src/main.o
 .debug_frame   0x00002174       0x50 ./src/stm32f7xx_hal_msp.o
 .debug_frame   0x000021c4       0x20 d:/program files/gnu tools arm embedded/6 2017-q1-update/bin/../lib/gcc/arm-none-eabi/6.3.1/../../../../arm-none-eabi/lib/thumb/v7e-m\libg_nano.a(lib_a-errno.o)
 .debug_frame   0x000021e4       0x4c d:/program files/gnu tools arm embedded/6 2017-q1-update/bin/../lib/gcc/arm-none-eabi/6.3.1/../../../../arm-none-eabi/lib/thumb/v7e-m\libg_nano.a(lib_a-vsnprintf.o)
 .debug_frame   0x00002230       0x90 d:/program files/gnu tools arm embedded/6 2017-q1-update/bin/../lib/gcc/arm-none-eabi/6.3.1/../../../../arm-none-eabi/lib/thumb/v7e-m\libg_nano.a(lib_a-nano-svfprintf.o)
 .debug_frame   0x000022c0       0x60 d:/program files/gnu tools arm embedded/6 2017-q1-update/bin/../lib/gcc/arm-none-eabi/6.3.1/../../../../arm-none-eabi/lib/thumb/v7e-m\libg_nano.a(lib_a-nano-vfprintf_i.o)
 .debug_frame   0x00002320       0x28 d:/program files/gnu tools arm embedded/6 2017-q1-update/bin/../lib/gcc/arm-none-eabi/6.3.1/../../../../arm-none-eabi/lib/thumb/v7e-m\libg_nano.a(lib_a-memcpy-stub.o)
 .debug_frame   0x00002348       0x28 d:/program files/gnu tools arm embedded/6 2017-q1-update/bin/../lib/gcc/arm-none-eabi/6.3.1/../../../../arm-none-eabi/lib/thumb/v7e-m\libg_nano.a(lib_a-memmove.o)
 .debug_frame   0x00002370       0x38 d:/program files/gnu tools arm embedded/6 2017-q1-update/bin/../lib/gcc/arm-none-eabi/6.3.1/../../../../arm-none-eabi/lib/thumb/v7e-m\libg_nano.a(lib_a-nano-freer.o)
 .debug_frame   0x000023a8       0x2c d:/program files/gnu tools arm embedded/6 2017-q1-update/bin/../lib/gcc/arm-none-eabi/6.3.1/../../../../arm-none-eabi/lib/thumb/v7e-m\libg_nano.a(lib_a-nano-mallocr.o)
 .debug_frame   0x000023d4       0x3c d:/program files/gnu tools arm embedded/6 2017-q1-update/bin/../lib/gcc/arm-none-eabi/6.3.1/../../../../arm-none-eabi/lib/thumb/v7e-m\libg_nano.a(lib_a-nano-reallocr.o)
 .debug_frame   0x00002410       0x2c d:/program files/gnu tools arm embedded/6 2017-q1-update/bin/../lib/gcc/arm-none-eabi/6.3.1/../../../../arm-none-eabi/lib/thumb/v7e-m\libg_nano.a(lib_a-sbrkr.o)
 .debug_frame   0x0000243c       0x30 d:/program files/gnu tools arm embedded/6 2017-q1-update/bin/../lib/gcc/arm-none-eabi/6.3.1/../../../../arm-none-eabi/lib/thumb/v7e-m\libg_nano.a(lib_a-mlock.o)
 .debug_frame   0x0000246c       0x20 d:/program files/gnu tools arm embedded/6 2017-q1-update/bin/../lib/gcc/arm-none-eabi/6.3.1/../../../../arm-none-eabi/lib/thumb/v7e-m\libg_nano.a(lib_a-nano-msizer.o)

.debug_str      0x00000000    0xda64b
 *(.debug_str)
 .debug_str     0x00000000    0xc642b ./system/src/stm32f7-hal/stm32f7xx_hal.o
                              0xc6893 (size before relaxing)
 .debug_str     0x000c642b      0x44f ./system/src/stm32f7-hal/stm32f7xx_hal_cortex.o
                              0xc68d0 (size before relaxing)
 .debug_str     0x000c687a      0x2ba ./system/src/stm32f7-hal/stm32f7xx_hal_gpio.o
                              0xc60e4 (size before relaxing)
 .debug_str     0x000c6b34      0x1e9 ./system/src/stm32f7-hal/stm32f7xx_hal_pwr_ex.o
                              0xc61ab (size before relaxing)
 .debug_str     0x000c6d1d      0x352 ./system/src/stm32f7-hal/stm32f7xx_hal_rcc.o
                              0xc6231 (size before relaxing)
 .debug_str     0x000c706f     0x10ff ./system/src/newlib/_exit.o
                               0x74f3 (size before relaxing)
 .debug_str     0x000c816e      0x4f5 ./system/src/newlib/_sbrk.o
                               0x68a5 (size before relaxing)
 .debug_str     0x000c8663      0x2c1 ./system/src/newlib/_startup.o
                               0x60cd (size before relaxing)
 .debug_str     0x000c8924      0xe2c ./system/src/newlib/_syscalls.o
                               0x7721 (size before relaxing)
 .debug_str     0x000c9750       0xd0 ./system/src/newlib/assert.o
                               0x7ff8 (size before relaxing)
 .debug_str     0x000c9820      0x169 ./system/src/diag/Trace.o
                               0x7cd9 (size before relaxing)
 .debug_str     0x000c9989      0x37b ./system/src/diag/trace_impl.o
                              0xc5e47 (size before relaxing)
 .debug_str     0x000c9d04       0x5e ./system/src/cortexm/_initialize_hardware.o
                              0xc4cc2 (size before relaxing)
 .debug_str     0x000c9d62      0x17e ./system/src/cortexm/exception_handlers.o
                              0xc6092 (size before relaxing)
 .debug_str     0x000c9ee0       0x46 ./system/src/cmsis/system_stm32f7xx.o
                              0xc4d78 (size before relaxing)
 .debug_str     0x000c9f26     0xc801 ./system/src/cmsis/vectors_stm32f767xx.o